Archive member included to satisfy reference by file (symbol)

c:/st/stm32cubeide_1.9.0/stm32cubeide/plugins/com.st.stm32cube.ide.mcu.externaltools.gnu-tools-for-stm32.10.3-2021.10.win32_1.0.0.202111181127/tools/bin/../lib/gcc/arm-none-eabi/10.3.1/../../../../arm-none-eabi/lib/thumb/v7-m/nofp\libc_nano.a(lib_a-errno.o)
                              ./Core/Src/syscalls.o (__errno)
c:/st/stm32cubeide_1.9.0/stm32cubeide/plugins/com.st.stm32cube.ide.mcu.externaltools.gnu-tools-for-stm32.10.3-2021.10.win32_1.0.0.202111181127/tools/bin/../lib/gcc/arm-none-eabi/10.3.1/../../../../arm-none-eabi/lib/thumb/v7-m/nofp\libc_nano.a(lib_a-exit.o)
                              c:/st/stm32cubeide_1.9.0/stm32cubeide/plugins/com.st.stm32cube.ide.mcu.externaltools.gnu-tools-for-stm32.10.3-2021.10.win32_1.0.0.202111181127/tools/bin/../lib/gcc/arm-none-eabi/10.3.1/../../../../arm-none-eabi/lib/thumb/v7-m/nofp/crt0.o (exit)
c:/st/stm32cubeide_1.9.0/stm32cubeide/plugins/com.st.stm32cube.ide.mcu.externaltools.gnu-tools-for-stm32.10.3-2021.10.win32_1.0.0.202111181127/tools/bin/../lib/gcc/arm-none-eabi/10.3.1/../../../../arm-none-eabi/lib/thumb/v7-m/nofp\libc_nano.a(lib_a-impure.o)
                              c:/st/stm32cubeide_1.9.0/stm32cubeide/plugins/com.st.stm32cube.ide.mcu.externaltools.gnu-tools-for-stm32.10.3-2021.10.win32_1.0.0.202111181127/tools/bin/../lib/gcc/arm-none-eabi/10.3.1/../../../../arm-none-eabi/lib/thumb/v7-m/nofp\libc_nano.a(lib_a-exit.o) (_global_impure_ptr)
c:/st/stm32cubeide_1.9.0/stm32cubeide/plugins/com.st.stm32cube.ide.mcu.externaltools.gnu-tools-for-stm32.10.3-2021.10.win32_1.0.0.202111181127/tools/bin/../lib/gcc/arm-none-eabi/10.3.1/../../../../arm-none-eabi/lib/thumb/v7-m/nofp\libc_nano.a(lib_a-init.o)
                              c:/st/stm32cubeide_1.9.0/stm32cubeide/plugins/com.st.stm32cube.ide.mcu.externaltools.gnu-tools-for-stm32.10.3-2021.10.win32_1.0.0.202111181127/tools/bin/../lib/gcc/arm-none-eabi/10.3.1/../../../../arm-none-eabi/lib/thumb/v7-m/nofp/crt0.o (__libc_init_array)
c:/st/stm32cubeide_1.9.0/stm32cubeide/plugins/com.st.stm32cube.ide.mcu.externaltools.gnu-tools-for-stm32.10.3-2021.10.win32_1.0.0.202111181127/tools/bin/../lib/gcc/arm-none-eabi/10.3.1/../../../../arm-none-eabi/lib/thumb/v7-m/nofp\libc_nano.a(lib_a-malloc.o)
                              ./Core/Src/solver.o (malloc)
c:/st/stm32cubeide_1.9.0/stm32cubeide/plugins/com.st.stm32cube.ide.mcu.externaltools.gnu-tools-for-stm32.10.3-2021.10.win32_1.0.0.202111181127/tools/bin/../lib/gcc/arm-none-eabi/10.3.1/../../../../arm-none-eabi/lib/thumb/v7-m/nofp\libc_nano.a(lib_a-memset.o)
                              c:/st/stm32cubeide_1.9.0/stm32cubeide/plugins/com.st.stm32cube.ide.mcu.externaltools.gnu-tools-for-stm32.10.3-2021.10.win32_1.0.0.202111181127/tools/bin/../lib/gcc/arm-none-eabi/10.3.1/../../../../arm-none-eabi/lib/thumb/v7-m/nofp/crt0.o (memset)
c:/st/stm32cubeide_1.9.0/stm32cubeide/plugins/com.st.stm32cube.ide.mcu.externaltools.gnu-tools-for-stm32.10.3-2021.10.win32_1.0.0.202111181127/tools/bin/../lib/gcc/arm-none-eabi/10.3.1/../../../../arm-none-eabi/lib/thumb/v7-m/nofp\libc_nano.a(lib_a-nano-freer.o)
                              c:/st/stm32cubeide_1.9.0/stm32cubeide/plugins/com.st.stm32cube.ide.mcu.externaltools.gnu-tools-for-stm32.10.3-2021.10.win32_1.0.0.202111181127/tools/bin/../lib/gcc/arm-none-eabi/10.3.1/../../../../arm-none-eabi/lib/thumb/v7-m/nofp\libc_nano.a(lib_a-malloc.o) (_free_r)
c:/st/stm32cubeide_1.9.0/stm32cubeide/plugins/com.st.stm32cube.ide.mcu.externaltools.gnu-tools-for-stm32.10.3-2021.10.win32_1.0.0.202111181127/tools/bin/../lib/gcc/arm-none-eabi/10.3.1/../../../../arm-none-eabi/lib/thumb/v7-m/nofp\libc_nano.a(lib_a-nano-mallocr.o)
                              c:/st/stm32cubeide_1.9.0/stm32cubeide/plugins/com.st.stm32cube.ide.mcu.externaltools.gnu-tools-for-stm32.10.3-2021.10.win32_1.0.0.202111181127/tools/bin/../lib/gcc/arm-none-eabi/10.3.1/../../../../arm-none-eabi/lib/thumb/v7-m/nofp\libc_nano.a(lib_a-malloc.o) (_malloc_r)
c:/st/stm32cubeide_1.9.0/stm32cubeide/plugins/com.st.stm32cube.ide.mcu.externaltools.gnu-tools-for-stm32.10.3-2021.10.win32_1.0.0.202111181127/tools/bin/../lib/gcc/arm-none-eabi/10.3.1/../../../../arm-none-eabi/lib/thumb/v7-m/nofp\libc_nano.a(lib_a-sbrkr.o)
                              c:/st/stm32cubeide_1.9.0/stm32cubeide/plugins/com.st.stm32cube.ide.mcu.externaltools.gnu-tools-for-stm32.10.3-2021.10.win32_1.0.0.202111181127/tools/bin/../lib/gcc/arm-none-eabi/10.3.1/../../../../arm-none-eabi/lib/thumb/v7-m/nofp\libc_nano.a(lib_a-nano-mallocr.o) (_sbrk_r)
c:/st/stm32cubeide_1.9.0/stm32cubeide/plugins/com.st.stm32cube.ide.mcu.externaltools.gnu-tools-for-stm32.10.3-2021.10.win32_1.0.0.202111181127/tools/bin/../lib/gcc/arm-none-eabi/10.3.1/../../../../arm-none-eabi/lib/thumb/v7-m/nofp\libc_nano.a(lib_a-mlock.o)
[...]
Memory Configuration

Name             Origin             Length             Attributes
RAM              0x0000000020000000 0x0000000000020000 xrw
FLASH            0x0000000008000000 0x0000000000080000 xr
*default*        0x0000000000000000 0xffffffffffffffff

Linker script and memory map

LOAD c:/st/stm32cubeide_1.9.0/stm32cubeide/plugins/com.st.stm32cube.ide.mcu.externaltools.gnu-tools-for-stm32.10.3-2021.10.win32_1.0.0.202111181127/tools/bin/../lib/gcc/arm-none-eabi/10.3.1/thumb/v7-m/nofp/crti.o
LOAD c:/st/stm32cubeide_1.9.0/stm32cubeide/plugins/com.st.stm32cube.ide.mcu.externaltools.gnu-tools-for-stm32.10.3-2021.10.win32_1.0.0.202111181127/tools/bin/../lib/gcc/arm-none-eabi/10.3.1/thumb/v7-m/nofp/crtbegin.o
LOAD c:/st/stm32cubeide_1.9.0/stm32cubeide/plugins/com.st.stm32cube.ide.mcu.externaltools.gnu-tools-for-stm32.10.3-2021.10.win32_1.0.0.202111181127/tools/bin/../lib/gcc/arm-none-eabi/10.3.1/../../../../arm-none-eabi/lib/thumb/v7-m/nofp/crt0.o
LOAD ./Core/Src/controller.o
LOAD ./Core/Src/delay.o
LOAD ./Core/Src/encoders.o
LOAD ./Core/Src/irs.o
LOAD ./Core/Src/main.o
LOAD ./Core/Src/motors.o
LOAD ./Core/Src/pid.o
LOAD ./Core/Src/solver.o
LOAD ./Core/Src/stm32f2xx_hal_msp.o
LOAD ./Core/Src/stm32f2xx_it.o
LOAD ./Core/Src/syscalls.o
LOAD ./Core/Src/sysmem.o
LOAD ./Core/Src/system_stm32f2xx.o
LOAD ./Core/Src/systick.o
LOAD ./Core/Src/utility.o
LOAD ./Core/Startup/startup_stm32f205retx.o
LOAD ./Drivers/STM32F2xx_HAL_Driver/Src/stm32f2xx_hal.o
LOAD ./Drivers/STM32F2xx_HAL_Driver/Src/stm32f2xx_hal_adc.o
LOAD ./Drivers/STM32F2xx_HAL_Driver/Src/stm32f2xx_hal_adc_ex.o
LOAD ./Drivers/STM32F2xx_HAL_Driver/Src/stm32f2xx_hal_cortex.o
LOAD ./Drivers/STM32F2xx_HAL_Driver/Src/stm32f2xx_hal_dma.o
LOAD ./Drivers/STM32F2xx_HAL_Driver/Src/stm32f2xx_hal_dma_ex.o
LOAD ./Drivers/STM32F2xx_HAL_Driver/Src/stm32f2xx_hal_exti.o
LOAD ./Drivers/STM32F2xx_HAL_Driver/Src/stm32f2xx_hal_flash.o
LOAD ./Drivers/STM32F2xx_HAL_Driver/Src/stm32f2xx_hal_flash_ex.o
LOAD ./Drivers/STM32F2xx_HAL_Driver/Src/stm32f2xx_hal_gpio.o
LOAD ./Drivers/STM32F2xx_HAL_Driver/Src/stm32f2xx_hal_pwr.o
LOAD ./Drivers/STM32F2xx_HAL_Driver/Src/stm32f2xx_hal_pwr_ex.o
LOAD ./Drivers/STM32F2xx_HAL_Driver/Src/stm32f2xx_hal_rcc.o
LOAD ./Drivers/STM32F2xx_HAL_Driver/Src/stm32f2xx_hal_rcc_ex.o
LOAD ./Drivers/STM32F2xx_HAL_Driver/Src/stm32f2xx_hal_tim.o
LOAD ./Drivers/STM32F2xx_HAL_Driver/Src/stm32f2xx_hal_tim_ex.o
START GROUP
LOAD c:/st/stm32cubeide_1.9.0/stm32cubeide/plugins/com.st.stm32cube.ide.mcu.externaltools.gnu-tools-for-stm32.10.3-2021.10.win32_1.0.0.202111181127/tools/bin/../lib/gcc/arm-none-eabi/10.3.1/../../../../arm-none-eabi/lib/thumb/v7-m/nofp\libc_nano.a
LOAD c:/st/stm32cubeide_1.9.0/stm32cubeide/plugins/com.st.stm32cube.ide.mcu.externaltools.gnu-tools-for-stm32.10.3-2021.10.win32_1.0.0.202111181127/tools/bin/../lib/gcc/arm-none-eabi/10.3.1/../../../../arm-none-eabi/lib/thumb/v7-m/nofp\libm.a
END GROUP
START GROUP
LOAD c:/st/stm32cubeide_1.9.0/stm32cubeide/plugins/com.st.stm32cube.ide.mcu.externaltools.gnu-tools-for-stm32.10.3-2021.10.win32_1.0.0.202111181127/tools/bin/../lib/gcc/arm-none-eabi/10.3.1/thumb/v7-m/nofp\libgcc.a
LOAD c:/st/stm32cubeide_1.9.0/stm32cubeide/plugins/com.st.stm32cube.ide.mcu.externaltools.gnu-tools-for-stm32.10.3-2021.10.win32_1.0.0.202111181127/tools/bin/../lib/gcc/arm-none-eabi/10.3.1/../../../../arm-none-eabi/lib/thumb/v7-m/nofp\libc_nano.a
END GROUP
START GROUP
LOAD c:/st/stm32cubeide_1.9.0/stm32cubeide/plugins/com.st.stm32cube.ide.mcu.externaltools.gnu-tools-for-stm32.10.3-2021.10.win32_1.0.0.202111181127/tools/bin/../lib/gcc/arm-none-eabi/10.3.1/thumb/v7-m/nofp\libgcc.a
LOAD c:/st/stm32cubeide_1.9.0/stm32cubeide/plugins/com.st.stm32cube.ide.mcu.externaltools.gnu-tools-for-stm32.10.3-2021.10.win32_1.0.0.202111181127/tools/bin/../lib/gcc/arm-none-eabi/10.3.1/../../../../arm-none-eabi/lib/thumb/v7-m/nofp\libc_nano.a
LOAD c:/st/stm32cubeide_1.9.0/stm32cubeide/plugins/com.st.stm32cube.ide.mcu.externaltools.gnu-tools-for-stm32.10.3-2021.10.win32_1.0.0.202111181127/tools/bin/../lib/gcc/arm-none-eabi/10.3.1/../../../../arm-none-eabi/lib/thumb/v7-m/nofp\libnosys.a
END GROUP
START GROUP
LOAD c:/st/stm32cubeide_1.9.0/stm32cubeide/plugins/com.st.stm32cube.ide.mcu.externaltools.gnu-tools-for-stm32.10.3-2021.10.win32_1.0.0.202111181127/tools/bin/../lib/gcc/arm-none-eabi/10.3.1/thumb/v7-m/nofp\libgcc.a
LOAD c:/st/stm32cubeide_1.9.0/stm32cubeide/plugins/com.st.stm32cube.ide.mcu.externaltools.gnu-tools-for-stm32.10.3-2021.10.win32_1.0.0.202111181127/tools/bin/../lib/gcc/arm-none-eabi/10.3.1/../../../../arm-none-eabi/lib/thumb/v7-m/nofp\libc_nano.a
LOAD c:/st/stm32cubeide_1.9.0/stm32cubeide/plugins/com.st.stm32cube.ide.mcu.externaltools.gnu-tools-for-stm32.10.3-2021.10.win32_1.0.0.202111181127/tools/bin/../lib/gcc/arm-none-eabi/10.3.1/../../../../arm-none-eabi/lib/thumb/v7-m/nofp\libnosys.a
END GROUP
LOAD c:/st/stm32cubeide_1.9.0/stm32cubeide/plugins/com.st.stm32cube.ide.mcu.externaltools.gnu-tools-for-stm32.10.3-2021.10.win32_1.0.0.202111181127/tools/bin/../lib/gcc/arm-none-eabi/10.3.1/thumb/v7-m/nofp/crtend.o
LOAD c:/st/stm32cubeide_1.9.0/stm32cubeide/plugins/com.st.stm32cube.ide.mcu.externaltools.gnu-tools-for-stm32.10.3-2021.10.win32_1.0.0.202111181127/tools/bin/../lib/gcc/arm-none-eabi/10.3.1/thumb/v7-m/nofp/crtn.o
                0x0000000020020000                _estack = (ORIGIN (RAM) + LENGTH (RAM))
                0x0000000000000200                _Min_Heap_Size = 0x200
                0x0000000000000400                _Min_Stack_Size = 0x400

.isr_vector     0x0000000008000000      0x184
                0x0000000008000000                . = ALIGN (0x4)
 *(.isr_vector)
 .isr_vector    0x0000000008000000      0x184 ./Core/Startup/startup_stm32f205retx.o
                0x0000000008000000                g_pfnVectors
                0x0000000008000184                . = ALIGN (0x4)

.text           0x0000000008000188     0x694c
                0x0000000008000188                . = ALIGN (0x4)
 *(.text)
 .text          0x0000000008000188       0x40 c:/st/stm32cubeide_1.9.0/stm32cubeide/plugins/com.st.stm32cube.ide.mcu.externaltools.gnu-tools-for-stm32.10.3-2021.10.win32_1.0.0.202111181127/tools/bin/../lib/gcc/arm-none-eabi/10.3.1/thumb/v7-m/nofp/crtbegin.o
 .text          0x00000000080001c8      0x254 c:/st/stm32cubeide_1.9.0/stm32cubeide/plugins/com.st.stm32cube.ide.mcu.externaltools.gnu-tools-for-stm32.10.3-2021.10.win32_1.0.0.202111181127/tools/bin/../lib/gcc/arm-none-eabi/10.3.1/thumb/v7-m/nofp\libgcc.a(_arm_muldf3.o)
                0x00000000080001c8                __muldf3
                0x00000000080001c8                __aeabi_dmul
 .text          0x000000000800041c      0x378 c:/st/stm32cubeide_1.9.0/stm32cubeide/plugins/com.st.stm32cube.ide.mcu.externaltools.gnu-tools-for-stm32.10.3-2021.10.win32_1.0.0.202111181127/tools/bin/../lib/gcc/arm-none-eabi/10.3.1/thumb/v7-m/nofp\libgcc.a(_arm_addsubdf3.o)
                0x000000000800041c                __aeabi_drsub
                0x0000000008000424                __aeabi_dsub
                0x0000000008000424                __subdf3
                0x0000000008000428                __aeabi_dadd
                0x0000000008000428                __adddf3
                0x00000000080006a0                __floatunsidf
                0x00000000080006a0                __aeabi_ui2d
                0x00000000080006c0                __floatsidf
                0x00000000080006c0                __aeabi_i2d
                0x00000000080006e4                __aeabi_f2d
                0x00000000080006e4                __extendsfdf2
                0x0000000008000728                __floatundidf
                0x0000000008000728                __aeabi_ul2d
                0x0000000008000738                __floatdidf
                0x0000000008000738                __aeabi_l2d
 .text          0x0000000008000794      0x110 c:/st/stm32cubeide_1.9.0/stm32cubeide/plugins/com.st.stm32cube.ide.mcu.externaltools.gnu-tools-for-stm32.10.3-2021.10.win32_1.0.0.202111181127/tools/bin/../lib/gcc/arm-none-eabi/10.3.1/thumb/v7-m/nofp\libgcc.a(_arm_cmpdf2.o)
                0x0000000008000794                __gtdf2
                0x0000000008000794                __gedf2
                0x000000000800079c                __ltdf2
                0x000000000800079c                __ledf2
                0x00000000080007a4                __nedf2
                0x00000000080007a4                __eqdf2
                0x00000000080007a4                __cmpdf2
                0x0000000008000820                __aeabi_cdrcmple
                0x0000000008000830                __aeabi_cdcmpeq
                0x0000000008000830                __aeabi_cdcmple
                0x0000000008000840                __aeabi_dcmpeq
                0x0000000008000854                __aeabi_dcmplt
                0x0000000008000868                __aeabi_dcmple
                0x000000000800087c                __aeabi_dcmpge
                0x0000000008000890                __aeabi_dcmpgt
 .text          0x00000000080008a4       0xa0 c:/st/stm32cubeide_1.9.0/stm32cubeide/plugins/com.st.stm32cube.ide.mcu.externaltools.gnu-tools-for-stm32.10.3-2021.10.win32_1.0.0.202111181127/tools/bin/../lib/gcc/arm-none-eabi/10.3.1/thumb/v7-m/nofp\libgcc.a(_arm_truncdfsf2.o)
                0x00000000080008a4                __truncdfsf2
                0x00000000080008a4                __aeabi_d2f
 .text          0x0000000008000944      0x21c c:/st/stm32cubeide_1.9.0/stm32cubeide/plugins/com.st.stm32cube.ide.mcu.externaltools.gnu-tools-for-stm32.10.3-2021.10.win32_1.0.0.202111181127/tools/bin/../lib/gcc/arm-none-eabi/10.3.1/thumb/v7-m/nofp\libgcc.a(_arm_addsubsf3.o)
                0x0000000008000944                __aeabi_frsub
                0x000000000800094c                __subsf3
                0x000000000800094c                __aeabi_fsub
                0x0000000008000950                __aeabi_fadd
                0x0000000008000950                __addsf3
                0x0000000008000ab0                __aeabi_ui2f
                0x0000000008000ab0                __floatunsisf
                0x0000000008000ab8                __aeabi_i2f
                0x0000000008000ab8                __floatsisf
                0x0000000008000ad4                __aeabi_ul2f
                0x0000000008000ad4                __floatundisf
                0x0000000008000ae4                __aeabi_l2f
                0x0000000008000ae4                __floatdisf
 .text          0x0000000008000b60      0x2a0 c:/st/stm32cubeide_1.9.0/stm32cubeide/plugins/com.st.stm32cube.ide.mcu.externaltools.gnu-tools-for-stm32.10.3-2021.10.win32_1.0.0.202111181127/tools/bin/../lib/gcc/arm-none-eabi/10.3.1/thumb/v7-m/nofp\libgcc.a(_arm_muldivsf3.o)
                0x0000000008000b60                __mulsf3
                0x0000000008000b60                __aeabi_fmul
                0x0000000008000cc8                __aeabi_fdiv
                0x0000000008000cc8                __divsf3
 .text          0x0000000008000e00       0xec c:/st/stm32cubeide_1.9.0/stm32cubeide/plugins/com.st.stm32cube.ide.mcu.externaltools.gnu-tools-for-stm32.10.3-2021.10.win32_1.0.0.202111181127/tools/bin/../lib/gcc/arm-none-eabi/10.3.1/thumb/v7-m/nofp\libgcc.a(_arm_cmpsf2.o)
                0x0000000008000e00                __gesf2
                0x0000000008000e00                __gtsf2
                0x0000000008000e08                __lesf2
                0x0000000008000e08                __ltsf2
                0x0000000008000e10                __nesf2
                0x0000000008000e10                __eqsf2
                0x0000000008000e10                __cmpsf2
                0x0000000008000e70                __aeabi_cfrcmple
                0x0000000008000e78                __aeabi_cfcmpeq
                0x0000000008000e78                __aeabi_cfcmple
                0x0000000008000e88                __aeabi_fcmpeq
                0x0000000008000e9c                __aeabi_fcmplt
                0x0000000008000eb0                __aeabi_fcmple
                0x0000000008000ec4                __aeabi_fcmpge
                0x0000000008000ed8                __aeabi_fcmpgt
 .text          0x0000000008000eec       0x40 c:/st/stm32cubeide_1.9.0/stm32cubeide/plugins/com.st.stm32cube.ide.mcu.externaltools.gnu-tools-for-stm32.10.3-2021.10.win32_1.0.0.202111181127/tools/bin/../lib/gcc/arm-none-eabi/10.3.1/thumb/v7-m/nofp\libgcc.a(_arm_fixunssfsi.o)
                0x0000000008000eec                __fixunssfsi
                0x0000000008000eec                __aeabi_f2uiz
 .text          0x0000000008000f2c       0x30 c:/st/stm32cubeide_1.9.0/stm32cubeide/plugins/com.st.stm32cube.ide.mcu.externaltools.gnu-tools-for-stm32.10.3-2021.10.win32_1.0.0.202111181127/tools/bin/../lib/gcc/arm-none-eabi/10.3.1/thumb/v7-m/nofp\libgcc.a(_aeabi_uldivmod.o)
                0x0000000008000f2c                __aeabi_uldivmod
 .text          0x0000000008000f5c      0x2d4 c:/st/stm32cubeide_1.9.0/stm32cubeide/plugins/com.st.stm32cube.ide.mcu.externaltools.gnu-tools-for-stm32.10.3-2021.10.win32_1.0.0.202111181127/tools/bin/../lib/gcc/arm-none-eabi/10.3.1/thumb/v7-m/nofp\libgcc.a(_udivmoddi4.o)
                0x0000000008000f5c                __udivmoddi4
 .text          0x0000000008001230        0x4 c:/st/stm32cubeide_1.9.0/stm32cubeide/plugins/com.st.stm32cube.ide.mcu.externaltools.gnu-tools-for-stm32.10.3-2021.10.win32_1.0.0.202111181127/tools/bin/../lib/gcc/arm-none-eabi/10.3.1/thumb/v7-m/nofp\libgcc.a(_dvmd_tls.o)
                0x0000000008001230                __aeabi_idiv0
                0x0000000008001230                __aeabi_ldiv0
 *(.text*)
 .text.turn     0x0000000008001234       0x4a ./Core/Src/controller.o
                0x0000000008001234                turn
 *fill*         0x000000000800127e        0x2 
 .text.explore  0x0000000008001280      0x110 ./Core/Src/controller.o
                0x0000000008001280                explore
 .text.Delay_Init
                0x0000000008001390       0x40 ./Core/Src/delay.o
                0x0000000008001390                Delay_Init
 .text.delayMicroseconds
                0x00000000080013d0       0x34 ./Core/Src/delay.o
                0x00000000080013d0                delayMicroseconds
 .text.getRightEncoderCounts
                0x0000000008001404       0x1c ./Core/Src/encoders.o
                0x0000000008001404                getRightEncoderCounts
 .text.getLeftEncoderCounts
                0x0000000008001420       0x1c ./Core/Src/encoders.o
                0x0000000008001420                getLeftEncoderCounts
 .text.resetEncoders
                0x000000000800143c       0x20 ./Core/Src/encoders.o
                0x000000000800143c                resetEncoders
 .text.readIR   0x000000000800145c       0xfc ./Core/Src/irs.o
                0x000000000800145c                readIR
 .text.analogRead
                0x0000000008001558       0xd0 ./Core/Src/irs.o
                0x0000000008001558                analogRead
 .text.HAL_ADC_ConvCpltCallback
                0x0000000008001628       0x20 ./Core/Src/irs.o
                0x0000000008001628                HAL_ADC_ConvCpltCallback
 .text.main     0x0000000008001648      0x150 ./Core/Src/main.o
                0x0000000008001648                main
 .text.SystemClock_Config
                0x0000000008001798       0x76 ./Core/Src/main.o
                0x0000000008001798                SystemClock_Config
 *fill*         0x000000000800180e        0x2 
 .text.MX_ADC1_Init
                0x0000000008001810       0xa4 ./Core/Src/main.o
 .text.MX_TIM1_Init
                0x00000000080018b4      0x150 ./Core/Src/main.o
 .text.MX_TIM3_Init
                0x0000000008001a04       0xa8 ./Core/Src/main.o
 .text.MX_TIM8_Init
                0x0000000008001aac       0xb0 ./Core/Src/main.o
 .text.MX_DMA_Init
                0x0000000008001b5c       0x40 ./Core/Src/main.o
 .text.MX_GPIO_Init
                0x0000000008001b9c      0x1c8 ./Core/Src/main.o
 .text.Get_HADC1_Ptr
                0x0000000008001d64       0x14 ./Core/Src/main.o
                0x0000000008001d64                Get_HADC1_Ptr
 .text.Error_Handler
                0x0000000008001d78        0xa ./Core/Src/main.o
                0x0000000008001d78                Error_Handler
 *fill*         0x0000000008001d82        0x6 
 .text.limitPWM
                0x0000000008001d88       0x60 ./Core/Src/motors.o
                0x0000000008001d88                limitPWM
 .text.setMotorLPWM
                0x0000000008001de8       0x78 ./Core/Src/motors.o
                0x0000000008001de8                setMotorLPWM
 .text.setMotorRPWM
                0x0000000008001e60       0x78 ./Core/Src/motors.o
                0x0000000008001e60                setMotorRPWM
 .text.resetMotors
                0x0000000008001ed8       0x18 ./Core/Src/motors.o
                0x0000000008001ed8                resetMotors
 .text.setPIDGoalD
                0x0000000008001ef0       0x28 ./Core/Src/pid.o
                0x0000000008001ef0                setPIDGoalD
 .text.setPIDGoalA
                0x0000000008001f18       0x28 ./Core/Src/pid.o
                0x0000000008001f18                setPIDGoalA
 .text.setState
                0x0000000008001f40       0x20 ./Core/Src/pid.o
                0x0000000008001f40                setState
 .text.setIRGoals
                0x0000000008001f60       0x64 ./Core/Src/pid.o
                0x0000000008001f60                setIRGoals
 *fill*         0x0000000008001fc4        0x4 
 .text.setIRAngle
                0x0000000008001fc8      0x178 ./Core/Src/pid.o
                0x0000000008001fc8                setIRAngle
 .text.accelerateLeftPWM
                0x0000000008002140       0xf8 ./Core/Src/pid.o
                0x0000000008002140                accelerateLeftPWM
 .text.accelerateRightPWM
                0x0000000008002238       0xf8 ./Core/Src/pid.o
                0x0000000008002238                accelerateRightPWM
 .text.PDController
                0x0000000008002330      0x494 ./Core/Src/pid.o
                0x0000000008002330                PDController
 *fill*         0x00000000080027c4        0x4 
 .text.updatePID
                0x00000000080027c8      0x4b4 ./Core/Src/pid.o
                0x00000000080027c8                updatePID
 .text.PIDdone  0x0000000008002c7c       0x24 ./Core/Src/pid.o
                0x0000000008002c7c                PIDdone
 .text.resetPID
                0x0000000008002ca0      0x14c ./Core/Src/pid.o
                0x0000000008002ca0                resetPID
 .text.newCell  0x0000000008002dec       0x2a ./Core/Src/solver.o
                0x0000000008002dec                newCell
 *fill*         0x0000000008002e16        0x2 
 .text.insertQueue
                0x0000000008002e18       0x40 ./Core/Src/solver.o
                0x0000000008002e18                insertQueue
 .text.popQueueFront
                0x0000000008002e58       0x34 ./Core/Src/solver.o
                0x0000000008002e58                popQueueFront
 .text.queueFront
                0x0000000008002e8c       0x20 ./Core/Src/solver.o
                0x0000000008002e8c                queueFront
 .text.initElements
                0x0000000008002eac      0x14c ./Core/Src/solver.o
                0x0000000008002eac                initElements
 .text.displayManhatttans
                0x0000000008002ff8        0xc ./Core/Src/solver.o
                0x0000000008002ff8                displayManhatttans
 .text.setWall  0x0000000008003004       0xc4 ./Core/Src/solver.o
                0x0000000008003004                setWall
 .text.detectWalls
                0x00000000080030c8      0x104 ./Core/Src/solver.o
                0x00000000080030c8                detectWalls
 .text.recalculate
                0x00000000080031cc      0x29c ./Core/Src/solver.o
                0x00000000080031cc                recalculate
 .text.solver   0x0000000008003468       0x2e ./Core/Src/solver.o
                0x0000000008003468                solver
 .text.deadReckoning
                0x0000000008003496       0x26 ./Core/Src/solver.o
                0x0000000008003496                deadReckoning
 .text.floodFill
                0x00000000080034bc      0x2a4 ./Core/Src/solver.o
                0x00000000080034bc                floodFill
 .text.HAL_MspInit
                0x0000000008003760       0x4c ./Core/Src/stm32f2xx_hal_msp.o
                0x0000000008003760                HAL_MspInit
 .text.HAL_ADC_MspInit
                0x00000000080037ac      0x128 ./Core/Src/stm32f2xx_hal_msp.o
                0x00000000080037ac                HAL_ADC_MspInit
 .text.HAL_TIM_PWM_MspInit
                0x00000000080038d4       0x40 ./Core/Src/stm32f2xx_hal_msp.o
                0x00000000080038d4                HAL_TIM_PWM_MspInit
 .text.HAL_TIM_Encoder_MspInit
                0x0000000008003914       0xfc ./Core/Src/stm32f2xx_hal_msp.o
                0x0000000008003914                HAL_TIM_Encoder_MspInit
 .text.HAL_TIM_MspPostInit
                0x0000000008003a10       0x74 ./Core/Src/stm32f2xx_hal_msp.o
                0x0000000008003a10                HAL_TIM_MspPostInit
 .text.NMI_Handler
                0x0000000008003a84        0x6 ./Core/Src/stm32f2xx_it.o
                0x0000000008003a84                NMI_Handler
 .text.HardFault_Handler
                0x0000000008003a8a        0x6 ./Core/Src/stm32f2xx_it.o
                0x0000000008003a8a                HardFault_Handler
 .text.MemManage_Handler
                0x0000000008003a90        0x6 ./Core/Src/stm32f2xx_it.o
                0x0000000008003a90                MemManage_Handler
 .text.BusFault_Handler
                0x0000000008003a96        0x6 ./Core/Src/stm32f2xx_it.o
                0x0000000008003a96                BusFault_Handler
 .text.UsageFault_Handler
                0x0000000008003a9c        0x6 ./Core/Src/stm32f2xx_it.o
                0x0000000008003a9c                UsageFault_Handler
 .text.SVC_Handler
                0x0000000008003aa2        0xc ./Core/Src/stm32f2xx_it.o
                0x0000000008003aa2                SVC_Handler
 .text.DebugMon_Handler
                0x0000000008003aae        0xc ./Core/Src/stm32f2xx_it.o
                0x0000000008003aae                DebugMon_Handler
 .text.PendSV_Handler
                0x0000000008003aba        0xc ./Core/Src/stm32f2xx_it.o
                0x0000000008003aba                PendSV_Handler
 .text.SysTick_Handler
                0x0000000008003ac6       0x10 ./Core/Src/stm32f2xx_it.o
                0x0000000008003ac6                SysTick_Handler
 *fill*         0x0000000008003ad6        0x2 
 .text.DMA2_Stream0_IRQHandler
                0x0000000008003ad8       0x14 ./Core/Src/stm32f2xx_it.o
                0x0000000008003ad8                DMA2_Stream0_IRQHandler
 .text._sbrk    0x0000000008003aec       0x6c ./Core/Src/sysmem.o
                0x0000000008003aec                _sbrk
 .text.SystemInit
                0x0000000008003b58        0xc ./Core/Src/system_stm32f2xx.o
                0x0000000008003b58                SystemInit
 .text.SysTickFunction
                0x0000000008003b64       0x78 ./Core/Src/systick.o
                0x0000000008003b64                SysTickFunction
 .text.leftWallCheck
                0x0000000008003bdc       0x38 ./Core/Src/utility.o
                0x0000000008003bdc                leftWallCheck
 .text.rightWallCheck
                0x0000000008003c14       0x38 ./Core/Src/utility.o
                0x0000000008003c14                rightWallCheck
 .text.frontWallCheck
                0x0000000008003c4c       0x38 ./Core/Src/utility.o
                0x0000000008003c4c                frontWallCheck
 .text.sign     0x0000000008003c84       0x3c ./Core/Src/utility.o
                0x0000000008003c84                sign
 .text.Reset_Handler
                0x0000000008003cc0       0x50 ./Core/Startup/startup_stm32f205retx.o
                0x0000000008003cc0                Reset_Handler
 .text.Default_Handler
                0x0000000008003d10        0x2 ./Core/Startup/startup_stm32f205retx.o
                0x0000000008003d10                RTC_Alarm_IRQHandler
                0x0000000008003d10                HASH_RNG_IRQHandler
                0x0000000008003d10                EXTI2_IRQHandler
                0x0000000008003d10                TIM8_CC_IRQHandler
                0x0000000008003d10                TIM1_CC_IRQHandler
                0x0000000008003d10                DMA2_Stream5_IRQHandler
                0x0000000008003d10                DMA1_Stream5_IRQHandler
                0x0000000008003d10                PVD_IRQHandler
                0x0000000008003d10                SDIO_IRQHandler
                0x0000000008003d10                TAMP_STAMP_IRQHandler
                0x0000000008003d10                CAN2_RX1_IRQHandler
                0x0000000008003d10                EXTI3_IRQHandler
                0x0000000008003d10                TIM8_TRG_COM_TIM14_IRQHandler
                0x0000000008003d10                TIM1_UP_TIM10_IRQHandler
                0x0000000008003d10                TIM8_UP_TIM13_IRQHandler
                0x0000000008003d10                I2C3_ER_IRQHandler
                0x0000000008003d10                EXTI0_IRQHandler
                0x0000000008003d10                I2C2_EV_IRQHandler
                0x0000000008003d10                DMA1_Stream2_IRQHandler
                0x0000000008003d10                CAN1_RX0_IRQHandler
                0x0000000008003d10                OTG_HS_WKUP_IRQHandler
                0x0000000008003d10                CAN2_SCE_IRQHandler
                0x0000000008003d10                DMA2_Stream2_IRQHandler
                0x0000000008003d10                SPI1_IRQHandler
                0x0000000008003d10                TIM6_DAC_IRQHandler
                0x0000000008003d10                TIM1_BRK_TIM9_IRQHandler
                0x0000000008003d10                CAN2_RX0_IRQHandler
                0x0000000008003d10                DMA2_Stream3_IRQHandler
                0x0000000008003d10                USART6_IRQHandler
                0x0000000008003d10                USART3_IRQHandler
                0x0000000008003d10                CAN1_RX1_IRQHandler
                0x0000000008003d10                UART5_IRQHandler
                0x0000000008003d10                TIM4_IRQHandler
                0x0000000008003d10                I2C1_EV_IRQHandler
                0x0000000008003d10                DMA1_Stream6_IRQHandler
                0x0000000008003d10                DMA1_Stream1_IRQHandler
                0x0000000008003d10                UART4_IRQHandler
                0x0000000008003d10                TIM3_IRQHandler
                0x0000000008003d10                RCC_IRQHandler
                0x0000000008003d10                TIM8_BRK_TIM12_IRQHandler
                0x0000000008003d10                Default_Handler
                0x0000000008003d10                EXTI15_10_IRQHandler
                0x0000000008003d10                ADC_IRQHandler
                0x0000000008003d10                DMA1_Stream7_IRQHandler
                0x0000000008003d10                TIM7_IRQHandler
                0x0000000008003d10                CAN2_TX_IRQHandler
                0x0000000008003d10                TIM5_IRQHandler
                0x0000000008003d10                DMA2_Stream7_IRQHandler
                0x0000000008003d10                I2C3_EV_IRQHandler
                0x0000000008003d10                EXTI9_5_IRQHandler
                0x0000000008003d10                RTC_WKUP_IRQHandler
                0x0000000008003d10                SPI2_IRQHandler
                0x0000000008003d10                OTG_HS_EP1_IN_IRQHandler
                0x0000000008003d10                DMA1_Stream0_IRQHandler
                0x0000000008003d10                CAN1_TX_IRQHandler
                0x0000000008003d10                EXTI4_IRQHandler
                0x0000000008003d10                FSMC_IRQHandler
                0x0000000008003d10                OTG_HS_EP1_OUT_IRQHandler
                0x0000000008003d10                WWDG_IRQHandler
                0x0000000008003d10                TIM2_IRQHandler
                0x0000000008003d10                OTG_FS_WKUP_IRQHandler
                0x0000000008003d10                TIM1_TRG_COM_TIM11_IRQHandler
                0x0000000008003d10                OTG_HS_IRQHandler
                0x0000000008003d10                EXTI1_IRQHandler
                0x0000000008003d10                USART2_IRQHandler
                0x0000000008003d10                I2C2_ER_IRQHandler
                0x0000000008003d10                DMA2_Stream1_IRQHandler
                0x0000000008003d10                CAN1_SCE_IRQHandler
                0x0000000008003d10                FLASH_IRQHandler
                0x0000000008003d10                DMA2_Stream4_IRQHandler
                0x0000000008003d10                USART1_IRQHandler
                0x0000000008003d10                OTG_FS_IRQHandler
                0x0000000008003d10                SPI3_IRQHandler
                0x0000000008003d10                DMA1_Stream4_IRQHandler
                0x0000000008003d10                I2C1_ER_IRQHandler
                0x0000000008003d10                DMA2_Stream6_IRQHandler
                0x0000000008003d10                DMA1_Stream3_IRQHandler
 *fill*         0x0000000008003d12        0x2 
 .text.HAL_Init
                0x0000000008003d14       0x44 ./Drivers/STM32F2xx_HAL_Driver/Src/stm32f2xx_hal.o
                0x0000000008003d14                HAL_Init
 .text.HAL_InitTick
                0x0000000008003d58       0x60 ./Drivers/STM32F2xx_HAL_Driver/Src/stm32f2xx_hal.o
                0x0000000008003d58                HAL_InitTick
 .text.HAL_IncTick
                0x0000000008003db8       0x24 ./Drivers/STM32F2xx_HAL_Driver/Src/stm32f2xx_hal.o
                0x0000000008003db8                HAL_IncTick
 .text.HAL_GetTick
                0x0000000008003ddc       0x14 ./Drivers/STM32F2xx_HAL_Driver/Src/stm32f2xx_hal.o
                0x0000000008003ddc                HAL_GetTick
 .text.HAL_ADC_Init
                0x0000000008003df0       0x86 ./Drivers/STM32F2xx_HAL_Driver/Src/stm32f2xx_hal_adc.o
                0x0000000008003df0                HAL_ADC_Init
 *fill*         0x0000000008003e76        0x2 
 .text.HAL_ADC_Start_DMA
                0x0000000008003e78      0x1bc ./Drivers/STM32F2xx_HAL_Driver/Src/stm32f2xx_hal_adc.o
                0x0000000008003e78                HAL_ADC_Start_DMA
 .text.HAL_ADC_Stop_DMA
                0x0000000008004034       0xa2 ./Drivers/STM32F2xx_HAL_Driver/Src/stm32f2xx_hal_adc.o
                0x0000000008004034                HAL_ADC_Stop_DMA
 .text.HAL_ADC_ConvHalfCpltCallback
                0x00000000080040d6       0x12 ./Drivers/STM32F2xx_HAL_Driver/Src/stm32f2xx_hal_adc.o
                0x00000000080040d6                HAL_ADC_ConvHalfCpltCallback
 .text.HAL_ADC_ErrorCallback
                0x00000000080040e8       0x12 ./Drivers/STM32F2xx_HAL_Driver/Src/stm32f2xx_hal_adc.o
                0x00000000080040e8                HAL_ADC_ErrorCallback
 *fill*         0x00000000080040fa        0x2 
 .text.HAL_ADC_ConfigChannel
                0x00000000080040fc      0x240 ./Drivers/STM32F2xx_HAL_Driver/Src/stm32f2xx_hal_adc.o
                0x00000000080040fc                HAL_ADC_ConfigChannel
 .text.ADC_Init
                0x000000000800433c      0x20c ./Drivers/STM32F2xx_HAL_Driver/Src/stm32f2xx_hal_adc.o
 .text.ADC_DMAConvCplt
                0x0000000008004548       0xba ./Drivers/STM32F2xx_HAL_Driver/Src/stm32f2xx_hal_adc.o
 .text.ADC_DMAHalfConvCplt
                0x0000000008004602       0x1c ./Drivers/STM32F2xx_HAL_Driver/Src/stm32f2xx_hal_adc.o
 .text.ADC_DMAError
                0x000000000800461e       0x2e ./Drivers/STM32F2xx_HAL_Driver/Src/stm32f2xx_hal_adc.o
 .text.__NVIC_SetPriorityGrouping
                0x000000000800464c       0x48 ./Drivers/STM32F2xx_HAL_Driver/Src/stm32f2xx_hal_cortex.o
 .text.__NVIC_GetPriorityGrouping
                0x0000000008004694       0x1c ./Drivers/STM32F2xx_HAL_Driver/Src/stm32f2xx_hal_cortex.o
 .text.__NVIC_EnableIRQ
                0x00000000080046b0       0x38 ./Drivers/STM32F2xx_HAL_Driver/Src/stm32f2xx_hal_cortex.o
 .text.__NVIC_SetPriority
                0x00000000080046e8       0x54 ./Drivers/STM32F2xx_HAL_Driver/Src/stm32f2xx_hal_cortex.o
 .text.NVIC_EncodePriority
                0x000000000800473c       0x64 ./Drivers/STM32F2xx_HAL_Driver/Src/stm32f2xx_hal_cortex.o
 .text.SysTick_Config
                0x00000000080047a0       0x44 ./Drivers/STM32F2xx_HAL_Driver/Src/stm32f2xx_hal_cortex.o
 .text.HAL_NVIC_SetPriorityGrouping
                0x00000000080047e4       0x16 ./Drivers/STM32F2xx_HAL_Driver/Src/stm32f2xx_hal_cortex.o
                0x00000000080047e4                HAL_NVIC_SetPriorityGrouping
 .text.HAL_NVIC_SetPriority
                0x00000000080047fa       0x38 ./Drivers/STM32F2xx_HAL_Driver/Src/stm32f2xx_hal_cortex.o
                0x00000000080047fa                HAL_NVIC_SetPriority
 .text.HAL_NVIC_EnableIRQ
                0x0000000008004832       0x1c ./Drivers/STM32F2xx_HAL_Driver/Src/stm32f2xx_hal_cortex.o
                0x0000000008004832                HAL_NVIC_EnableIRQ
 .text.HAL_SYSTICK_Config
                0x000000000800484e       0x18 ./Drivers/STM32F2xx_HAL_Driver/Src/stm32f2xx_hal_cortex.o
                0x000000000800484e                HAL_SYSTICK_Config
 *fill*         0x0000000008004866        0x2 
 .text.HAL_DMA_Init
                0x0000000008004868      0x15c ./Drivers/STM32F2xx_HAL_Driver/Src/stm32f2xx_hal_dma.o
                0x0000000008004868                HAL_DMA_Init
 .text.HAL_DMA_Start_IT
                0x00000000080049c4       0xb0 ./Drivers/STM32F2xx_HAL_Driver/Src/stm32f2xx_hal_dma.o
                0x00000000080049c4                HAL_DMA_Start_IT
 .text.HAL_DMA_Abort
                0x0000000008004a74       0xe0 ./Drivers/STM32F2xx_HAL_Driver/Src/stm32f2xx_hal_dma.o
                0x0000000008004a74                HAL_DMA_Abort
 .text.HAL_DMA_IRQHandler
                0x0000000008004b54      0x314 ./Drivers/STM32F2xx_HAL_Driver/Src/stm32f2xx_hal_dma.o
                0x0000000008004b54                HAL_DMA_IRQHandler
 .text.DMA_SetConfig
                0x0000000008004e68       0x5a ./Drivers/STM32F2xx_HAL_Driver/Src/stm32f2xx_hal_dma.o
 *fill*         0x0000000008004ec2        0x2 
 .text.DMA_CalcBaseAndBitshift
                0x0000000008004ec4       0x68 ./Drivers/STM32F2xx_HAL_Driver/Src/stm32f2xx_hal_dma.o
 .text.DMA_CheckFifoParam
                0x0000000008004f2c       0xf4 ./Drivers/STM32F2xx_HAL_Driver/Src/stm32f2xx_hal_dma.o
 .text.HAL_GPIO_Init
                0x0000000008005020      0x33c ./Drivers/STM32F2xx_HAL_Driver/Src/stm32f2xx_hal_gpio.o
                0x0000000008005020                HAL_GPIO_Init
 .text.HAL_GPIO_ReadPin
                0x000000000800535c       0x2e ./Drivers/STM32F2xx_HAL_Driver/Src/stm32f2xx_hal_gpio.o
                0x000000000800535c                HAL_GPIO_ReadPin
 .text.HAL_GPIO_WritePin
                0x000000000800538a       0x30 ./Drivers/STM32F2xx_HAL_Driver/Src/stm32f2xx_hal_gpio.o
                0x000000000800538a                HAL_GPIO_WritePin
 *fill*         0x00000000080053ba        0x2 
 .text.HAL_RCC_OscConfig
                0x00000000080053bc      0x49c ./Drivers/STM32F2xx_HAL_Driver/Src/stm32f2xx_hal_rcc.o
                0x00000000080053bc                HAL_RCC_OscConfig
 .text.HAL_RCC_ClockConfig
                0x0000000008005858      0x1d8 ./Drivers/STM32F2xx_HAL_Driver/Src/stm32f2xx_hal_rcc.o
                0x0000000008005858                HAL_RCC_ClockConfig
 .text.HAL_RCC_GetSysClockFreq
                0x0000000008005a30      0x18c ./Drivers/STM32F2xx_HAL_Driver/Src/stm32f2xx_hal_rcc.o
                0x0000000008005a30                HAL_RCC_GetSysClockFreq
 .text.HAL_TIM_PWM_Init
                0x0000000008005bbc       0x9e ./Drivers/STM32F2xx_HAL_Driver/Src/stm32f2xx_hal_tim.o
                0x0000000008005bbc                HAL_TIM_PWM_Init
 *fill*         0x0000000008005c5a        0x2 
 .text.HAL_TIM_PWM_Start
                0x0000000008005c5c      0x190 ./Drivers/STM32F2xx_HAL_Driver/Src/stm32f2xx_hal_tim.o
                0x0000000008005c5c                HAL_TIM_PWM_Start
 .text.HAL_TIM_Encoder_Init
                0x0000000008005dec      0x14c ./Drivers/STM32F2xx_HAL_Driver/Src/stm32f2xx_hal_tim.o
                0x0000000008005dec                HAL_TIM_Encoder_Init
 .text.HAL_TIM_Encoder_Start
                0x0000000008005f38      0x11c ./Drivers/STM32F2xx_HAL_Driver/Src/stm32f2xx_hal_tim.o
                0x0000000008005f38                HAL_TIM_Encoder_Start
 .text.HAL_TIM_PWM_ConfigChannel
                0x0000000008006054      0x17c ./Drivers/STM32F2xx_HAL_Driver/Src/stm32f2xx_hal_tim.o
                0x0000000008006054                HAL_TIM_PWM_ConfigChannel
 .text.TIM_Base_SetConfig
                0x00000000080061d0      0x13c ./Drivers/STM32F2xx_HAL_Driver/Src/stm32f2xx_hal_tim.o
                0x00000000080061d0                TIM_Base_SetConfig
 .text.TIM_OC1_SetConfig
                0x000000000800630c       0xe0 ./Drivers/STM32F2xx_HAL_Driver/Src/stm32f2xx_hal_tim.o
 .text.TIM_OC2_SetConfig
                0x00000000080063ec       0xe8 ./Drivers/STM32F2xx_HAL_Driver/Src/stm32f2xx_hal_tim.o
                0x00000000080063ec                TIM_OC2_SetConfig
 .text.TIM_OC3_SetConfig
                0x00000000080064d4       0xe8 ./Drivers/STM32F2xx_HAL_Driver/Src/stm32f2xx_hal_tim.o
 .text.TIM_OC4_SetConfig
                0x00000000080065bc       0xa8 ./Drivers/STM32F2xx_HAL_Driver/Src/stm32f2xx_hal_tim.o
 .text.TIM_CCxChannelCmd
                0x0000000008006664       0x48 ./Drivers/STM32F2xx_HAL_Driver/Src/stm32f2xx_hal_tim.o
                0x0000000008006664                TIM_CCxChannelCmd
 .text.HAL_TIMEx_MasterConfigSynchronization
                0x00000000080066ac       0xf4 ./Drivers/STM32F2xx_HAL_Driver/Src/stm32f2xx_hal_tim_ex.o
                0x00000000080066ac                HAL_TIMEx_MasterConfigSynchronization
 .text.HAL_TIMEx_ConfigBreakDeadTime
                0x00000000080067a0       0xa2 ./Drivers/STM32F2xx_HAL_Driver/Src/stm32f2xx_hal_tim_ex.o
                0x00000000080067a0                HAL_TIMEx_ConfigBreakDeadTime
 *fill*         0x0000000008006842        0x2 
 .text.__errno  0x0000000008006844        0xc c:/st/stm32cubeide_1.9.0/stm32cubeide/plugins/com.st.stm32cube.ide.mcu.externaltools.gnu-tools-for-stm32.10.3-2021.10.win32_1.0.0.202111181127/tools/bin/../lib/gcc/arm-none-eabi/10.3.1/../../../../arm-none-eabi/lib/thumb/v7-m/nofp\libc_nano.a(lib_a-errno.o)
                0x0000000008006844                __errno
 .text.__libc_init_array
                0x0000000008006850       0x48 c:/st/stm32cubeide_1.9.0/stm32cubeide/plugins/com.st.stm32cube.ide.mcu.externaltools.gnu-tools-for-stm32.10.3-2021.10.win32_1.0.0.202111181127/tools/bin/../lib/gcc/arm-none-eabi/10.3.1/../../../../arm-none-eabi/lib/thumb/v7-m/nofp\libc_nano.a(lib_a-init.o)
                0x0000000008006850                __libc_init_array
 .text.malloc   0x0000000008006898       0x10 c:/st/stm32cubeide_1.9.0/stm32cubeide/plugins/com.st.stm32cube.ide.mcu.externaltools.gnu-tools-for-stm32.10.3-2021.10.win32_1.0.0.202111181127/tools/bin/../lib/gcc/arm-none-eabi/10.3.1/../../../../arm-none-eabi/lib/thumb/v7-m/nofp\libc_nano.a(lib_a-malloc.o)
                0x0000000008006898                malloc
 .text.free     0x00000000080068a8       0x10 c:/st/stm32cubeide_1.9.0/stm32cubeide/plugins/com.st.stm32cube.ide.mcu.externaltools.gnu-tools-for-stm32.10.3-2021.10.win32_1.0.0.202111181127/tools/bin/../lib/gcc/arm-none-eabi/10.3.1/../../../../arm-none-eabi/lib/thumb/v7-m/nofp\libc_nano.a(lib_a-malloc.o)
                0x00000000080068a8                free
 .text.memset   0x00000000080068b8       0x10 c:/st/stm32cubeide_1.9.0/stm32cubeide/plugins/com.st.stm32cube.ide.mcu.externaltools.gnu-tools-for-stm32.10.3-2021.10.win32_1.0.0.202111181127/tools/bin/../lib/gcc/arm-none-eabi/10.3.1/../../../../arm-none-eabi/lib/thumb/v7-m/nofp\libc_nano.a(lib_a-memset.o)
                0x00000000080068b8                memset
 .text._free_r  0x00000000080068c8       0x90 c:/st/stm32cubeide_1.9.0/stm32cubeide/plugins/com.st.stm32cube.ide.mcu.externaltools.gnu-tools-for-stm32.10.3-2021.10.win32_1.0.0.202111181127/tools/bin/../lib/gcc/arm-none-eabi/10.3.1/../../../../arm-none-eabi/lib/thumb/v7-m/nofp\libc_nano.a(lib_a-nano-freer.o)
                0x00000000080068c8                _free_r
 .text.sbrk_aligned
                0x0000000008006958       0x40 c:/st/stm32cubeide_1.9.0/stm32cubeide/plugins/com.st.stm32cube.ide.mcu.externaltools.gnu-tools-for-stm32.10.3-2021.10.win32_1.0.0.202111181127/tools/bin/../lib/gcc/arm-none-eabi/10.3.1/../../../../arm-none-eabi/lib/thumb/v7-m/nofp\libc_nano.a(lib_a-nano-mallocr.o)
 .text._malloc_r
                0x0000000008006998       0xe8 c:/st/stm32cubeide_1.9.0/stm32cubeide/plugins/com.st.stm32cube.ide.mcu.externaltools.gnu-tools-for-stm32.10.3-2021.10.win32_1.0.0.202111181127/tools/bin/../lib/gcc/arm-none-eabi/10.3.1/../../../../arm-none-eabi/lib/thumb/v7-m/nofp\libc_nano.a(lib_a-nano-mallocr.o)
                0x0000000008006998                _malloc_r
 .text._sbrk_r  0x0000000008006a80       0x20 c:/st/stm32cubeide_1.9.0/stm32cubeide/plugins/com.st.stm32cube.ide.mcu.externaltools.gnu-tools-for-stm32.10.3-2021.10.win32_1.0.0.202111181127/tools/bin/../lib/gcc/arm-none-eabi/10.3.1/../../../../arm-none-eabi/lib/thumb/v7-m/nofp\libc_nano.a(lib_a-sbrkr.o)
                0x0000000008006a80                _sbrk_r
 .text.__malloc_lock
                0x0000000008006aa0        0xc c:/st/stm32cubeide_1.9.0/stm32cubeide/plugins/com.st.stm32cube.ide.mcu.externaltools.gnu-tools-for-stm32.10.3-2021.10.win32_1.0.0.202111181127/tools/bin/../lib/gcc/arm-none-eabi/10.3.1/../../../../arm-none-eabi/lib/thumb/v7-m/nofp\libc_nano.a(lib_a-mlock.o)
                0x0000000008006aa0                __malloc_lock
 .text.__malloc_unlock
                0x0000000008006aac        0xc c:/st/stm32cubeide_1.9.0/stm32cubeide/plugins/com.st.stm32cube.ide.mcu.externaltools.gnu-tools-for-stm32.10.3-2021.10.win32_1.0.0.202111181127/tools/bin/../lib/gcc/arm-none-eabi/10.3.1/../../../../arm-none-eabi/lib/thumb/v7-m/nofp\libc_nano.a(lib_a-mlock.o)
                0x0000000008006aac                __malloc_unlock
 .text.__retarget_lock_acquire_recursive
                0x0000000008006ab8        0x2 c:/st/stm32cubeide_1.9.0/stm32cubeide/plugins/com.st.stm32cube.ide.mcu.externaltools.gnu-tools-for-stm32.10.3-2021.10.win32_1.0.0.202111181127/tools/bin/../lib/gcc/arm-none-eabi/10.3.1/../../../../arm-none-eabi/lib/thumb/v7-m/nofp\libc_nano.a(lib_a-lock.o)
                0x0000000008006ab8                __retarget_lock_acquire_recursive
 .text.__retarget_lock_release_recursive
                0x0000000008006aba        0x2 c:/st/stm32cubeide_1.9.0/stm32cubeide/plugins/com.st.stm32cube.ide.mcu.externaltools.gnu-tools-for-stm32.10.3-2021.10.win32_1.0.0.202111181127/tools/bin/../lib/gcc/arm-none-eabi/10.3.1/../../../../arm-none-eabi/lib/thumb/v7-m/nofp\libc_nano.a(lib_a-lock.o)
                0x0000000008006aba                __retarget_lock_release_recursive
 *(.glue_7)
 .glue_7        0x0000000008006abc        0x0 linker stubs
 *(.glue_7t)
 .glue_7t       0x0000000008006abc        0x0 linker stubs
 *(.eh_frame)
 .eh_frame      0x0000000008006abc        0x0 c:/st/stm32cubeide_1.9.0/stm32cubeide/plugins/com.st.stm32cube.ide.mcu.externaltools.gnu-tools-for-stm32.10.3-2021.10.win32_1.0.0.202111181127/tools/bin/../lib/gcc/arm-none-eabi/10.3.1/thumb/v7-m/nofp/crtbegin.o
 *(.init)
 .init          0x0000000008006abc        0x4 c:/st/stm32cubeide_1.9.0/stm32cubeide/plugins/com.st.stm32cube.ide.mcu.externaltools.gnu-tools-for-stm32.10.3-2021.10.win32_1.0.0.202111181127/tools/bin/../lib/gcc/arm-none-eabi/10.3.1/thumb/v7-m/nofp/crti.o
                0x0000000008006abc                _init
 .init          0x0000000008006ac0        0x8 c:/st/stm32cubeide_1.9.0/stm32cubeide/plugins/com.st.stm32cube.ide.mcu.externaltools.gnu-tools-for-stm32.10.3-2021.10.win32_1.0.0.202111181127/tools/bin/../lib/gcc/arm-none-eabi/10.3.1/thumb/v7-m/nofp/crtn.o
 *(.fini)
 .fini          0x0000000008006ac8        0x4 c:/st/stm32cubeide_1.9.0/stm32cubeide/plugins/com.st.stm32cube.ide.mcu.externaltools.gnu-tools-for-stm32.10.3-2021.10.win32_1.0.0.202111181127/tools/bin/../lib/gcc/arm-none-eabi/10.3.1/thumb/v7-m/nofp/crti.o
                0x0000000008006ac8                _fini
 .fini          0x0000000008006acc        0x8 c:/st/stm32cubeide_1.9.0/stm32cubeide/plugins/com.st.stm32cube.ide.mcu.externaltools.gnu-tools-for-stm32.10.3-2021.10.win32_1.0.0.202111181127/tools/bin/../lib/gcc/arm-none-eabi/10.3.1/thumb/v7-m/nofp/crtn.o
                0x0000000008006ad4                . = ALIGN (0x4)
                0x0000000008006ad4                _etext = .

.vfp11_veneer   0x0000000008006ad4        0x0
 .vfp11_veneer  0x0000000008006ad4        0x0 linker stubs

.v4_bx          0x0000000008006ad4        0x0
 .v4_bx         0x0000000008006ad4        0x0 linker stubs

.iplt           0x0000000008006ad4        0x0
 .iplt          0x0000000008006ad4        0x0 c:/st/stm32cubeide_1.9.0/stm32cubeide/plugins/com.st.stm32cube.ide.mcu.externaltools.gnu-tools-for-stm32.10.3-2021.10.win32_1.0.0.202111181127/tools/bin/../lib/gcc/arm-none-eabi/10.3.1/thumb/v7-m/nofp/crtbegin.o

.rodata         0x0000000008006ad4       0x18
                0x0000000008006ad4                . = ALIGN (0x4)
 *(.rodata)
 *(.rodata*)
 .rodata.AHBPrescTable
                0x0000000008006ad4       0x10 ./Core/Src/system_stm32f2xx.o
                0x0000000008006ad4                AHBPrescTable
 .rodata.flagBitshiftOffset.0
                0x0000000008006ae4        0x8 ./Drivers/STM32F2xx_HAL_Driver/Src/stm32f2xx_hal_dma.o
                0x0000000008006aec                . = ALIGN (0x4)

.ARM.extab      0x0000000008006aec        0x0
                0x0000000008006aec                . = ALIGN (0x4)
 *(.ARM.extab* .gnu.linkonce.armextab.*)
                0x0000000008006aec                . = ALIGN (0x4)

.ARM            0x0000000008006aec        0x8
                0x0000000008006aec                . = ALIGN (0x4)
                0x0000000008006aec                __exidx_start = .
 *(.ARM.exidx*)
 .ARM.exidx     0x0000000008006aec        0x8 c:/st/stm32cubeide_1.9.0/stm32cubeide/plugins/com.st.stm32cube.ide.mcu.externaltools.gnu-tools-for-stm32.10.3-2021.10.win32_1.0.0.202111181127/tools/bin/../lib/gcc/arm-none-eabi/10.3.1/thumb/v7-m/nofp\libgcc.a(_udivmoddi4.o)
                0x0000000008006af4                __exidx_end = .
                0x0000000008006af4                . = ALIGN (0x4)

.rel.dyn        0x0000000008006af4        0x0
 .rel.iplt      0x0000000008006af4        0x0 c:/st/stm32cubeide_1.9.0/stm32cubeide/plugins/com.st.stm32cube.ide.mcu.externaltools.gnu-tools-for-stm32.10.3-2021.10.win32_1.0.0.202111181127/tools/bin/../lib/gcc/arm-none-eabi/10.3.1/thumb/v7-m/nofp/crtbegin.o

.preinit_array  0x0000000008006af4        0x0
                0x0000000008006af4                . = ALIGN (0x4)
                0x0000000008006af4                PROVIDE (__preinit_array_start = .)
 *(.preinit_array*)
                0x0000000008006af4                PROVIDE (__preinit_array_end = .)
                0x0000000008006af4                . = ALIGN (0x4)

.init_array     0x0000000008006af4        0x4
                0x0000000008006af4                . = ALIGN (0x4)
                0x0000000008006af4                PROVIDE (__init_array_start = .)
 *(SORT_BY_NAME(.init_array.*))
 *(.init_array*)
 .init_array    0x0000000008006af4        0x4 c:/st/stm32cubeide_1.9.0/stm32cubeide/plugins/com.st.stm32cube.ide.mcu.externaltools.gnu-tools-for-stm32.10.3-2021.10.win32_1.0.0.202111181127/tools/bin/../lib/gcc/arm-none-eabi/10.3.1/thumb/v7-m/nofp/crtbegin.o
                0x0000000008006af8                PROVIDE (__init_array_end = .)
                0x0000000008006af8                . = ALIGN (0x4)

.fini_array     0x0000000008006af8        0x4
                0x0000000008006af8                . = ALIGN (0x4)
                [!provide]                        PROVIDE (__fini_array_start = .)
 *(SORT_BY_NAME(.fini_array.*))
 *(.fini_array*)
 .fini_array    0x0000000008006af8        0x4 c:/st/stm32cubeide_1.9.0/stm32cubeide/plugins/com.st.stm32cube.ide.mcu.externaltools.gnu-tools-for-stm32.10.3-2021.10.win32_1.0.0.202111181127/tools/bin/../lib/gcc/arm-none-eabi/10.3.1/thumb/v7-m/nofp/crtbegin.o
                [!provide]                        PROVIDE (__fini_array_end = .)
                0x0000000008006afc                . = ALIGN (0x4)
                0x0000000008006afc                _sidata = LOADADDR (.data)

.data           0x0000000020000000       0x84 load address 0x0000000008006afc
                0x0000000020000000                . = ALIGN (0x4)
                0x0000000020000000                _sdata = .
 *(.data)
 *(.data*)
 .data.usDelay  0x0000000020000000        0x4 ./Core/Src/irs.o
                0x0000000020000000                usDelay
 .data.velocity_left
                0x0000000020000004        0x4 ./Core/Src/main.o
                0x0000000020000004                velocity_left
 .data.velocity_right
                0x0000000020000008        0x4 ./Core/Src/main.o
                0x0000000020000008                velocity_right
 .data.SystemCoreClock
                0x000000002000000c        0x4 ./Core/Src/system_stm32f2xx.o
                0x000000002000000c                SystemCoreClock
 .data.left_wall_threshold
                0x0000000020000010        0x2 ./Core/Src/utility.o
                0x0000000020000010                left_wall_threshold
 .data.right_wall_threshold
                0x0000000020000012        0x2 ./Core/Src/utility.o
                0x0000000020000012                right_wall_threshold
 .data.front_wall_threshold
                0x0000000020000014        0x2 ./Core/Src/utility.o
                0x0000000020000014                front_wall_threshold
 *fill*         0x0000000020000016        0x2 
 .data.uwTickPrio
                0x0000000020000018        0x4 ./Drivers/STM32F2xx_HAL_Driver/Src/stm32f2xx_hal.o
                0x0000000020000018                uwTickPrio
 .data.uwTickFreq
                0x000000002000001c        0x1 ./Drivers/STM32F2xx_HAL_Driver/Src/stm32f2xx_hal.o
                0x000000002000001c                uwTickFreq
 *fill*         0x000000002000001d        0x3 
 .data._impure_ptr
                0x0000000020000020        0x4 c:/st/stm32cubeide_1.9.0/stm32cubeide/plugins/com.st.stm32cube.ide.mcu.externaltools.gnu-tools-for-stm32.10.3-2021.10.win32_1.0.0.202111181127/tools/bin/../lib/gcc/arm-none-eabi/10.3.1/../../../../arm-none-eabi/lib/thumb/v7-m/nofp\libc_nano.a(lib_a-impure.o)
                0x0000000020000020                _impure_ptr
 .data.impure_data
                0x0000000020000024       0x60 c:/st/stm32cubeide_1.9.0/stm32cubeide/plugins/com.st.stm32cube.ide.mcu.externaltools.gnu-tools-for-stm32.10.3-2021.10.win32_1.0.0.202111181127/tools/bin/../lib/gcc/arm-none-eabi/10.3.1/../../../../arm-none-eabi/lib/thumb/v7-m/nofp\libc_nano.a(lib_a-impure.o)
 *(.RamFunc)
 *(.RamFunc*)
                0x0000000020000084                . = ALIGN (0x4)
                0x0000000020000084                _edata = .

.igot.plt       0x0000000020000084        0x0 load address 0x0000000008006b80
 .igot.plt      0x0000000020000084        0x0 c:/st/stm32cubeide_1.9.0/stm32cubeide/plugins/com.st.stm32cube.ide.mcu.externaltools.gnu-tools-for-stm32.10.3-2021.10.win32_1.0.0.202111181127/tools/bin/../lib/gcc/arm-none-eabi/10.3.1/thumb/v7-m/nofp/crtbegin.o
                0x0000000020000084                . = ALIGN (0x4)

.bss            0x0000000020000084     0x1860 load address 0x0000000008006b80
                0x0000000020000084                _sbss = .
                0x0000000020000084                __bss_start__ = _sbss
 *(.bss)
 .bss           0x0000000020000084       0x1c c:/st/stm32cubeide_1.9.0/stm32cubeide/plugins/com.st.stm32cube.ide.mcu.externaltools.gnu-tools-for-stm32.10.3-2021.10.win32_1.0.0.202111181127/tools/bin/../lib/gcc/arm-none-eabi/10.3.1/thumb/v7-m/nofp/crtbegin.o
 *(.bss*)
 .bss.adc_buf   0x00000000200000a0      0x100 ./Core/Src/irs.o
                0x00000000200000a0                adc_buf
 .bss.complete  0x00000000200001a0        0x1 ./Core/Src/irs.o
                0x00000000200001a0                complete
 *fill*         0x00000000200001a1        0x3 
 .bss.hadc1     0x00000000200001a4       0x48 ./Core/Src/main.o
                0x00000000200001a4                hadc1
 .bss.hdma_adc1
                0x00000000200001ec       0x60 ./Core/Src/main.o
                0x00000000200001ec                hdma_adc1
 .bss.htim1     0x000000002000024c       0x48 ./Core/Src/main.o
                0x000000002000024c                htim1
 .bss.htim3     0x0000000020000294       0x48 ./Core/Src/main.o
                0x0000000020000294                htim3
 .bss.htim8     0x00000000200002dc       0x48 ./Core/Src/main.o
                0x00000000200002dc                htim8
 .bss.start_pressed
                0x0000000020000324        0x2 ./Core/Src/main.o
                0x0000000020000324                start_pressed
 .bss.left_counts
                0x0000000020000326        0x2 ./Core/Src/main.o
                0x0000000020000326                left_counts
 .bss.right_counts
                0x0000000020000328        0x2 ./Core/Src/main.o
                0x0000000020000328                right_counts
 .bss.forwardLeftIRvalue
                0x000000002000032a        0x2 ./Core/Src/main.o
                0x000000002000032a                forwardLeftIRvalue
 .bss.leftIRvalue
                0x000000002000032c        0x2 ./Core/Src/main.o
                0x000000002000032c                leftIRvalue
 .bss.rightIRvalue
                0x000000002000032e        0x2 ./Core/Src/main.o
                0x000000002000032e                rightIRvalue
 .bss.forwardRightIRvalue
                0x0000000020000330        0x2 ./Core/Src/main.o
                0x0000000020000330                forwardRightIRvalue
 .bss.irOffset_Set
                0x0000000020000332        0x2 ./Core/Src/main.o
                0x0000000020000332                irOffset_Set
 .bss.goal_forward_left
                0x0000000020000334        0x2 ./Core/Src/main.o
                0x0000000020000334                goal_forward_left
 .bss.goal_forward_right
                0x0000000020000336        0x2 ./Core/Src/main.o
                0x0000000020000336                goal_forward_right
 .bss.goal_left
                0x0000000020000338        0x2 ./Core/Src/main.o
                0x0000000020000338                goal_left
 .bss.goal_right
                0x000000002000033a        0x2 ./Core/Src/main.o
                0x000000002000033a                goal_right
 .bss.goal_distance
                0x000000002000033c        0x4 ./Core/Src/pid.o
                0x000000002000033c                goal_distance
 .bss.goal_angle
                0x0000000020000340        0x4 ./Core/Src/pid.o
                0x0000000020000340                goal_angle
 .bss.IRAngleOffset
                0x0000000020000344        0x2 ./Core/Src/pid.o
                0x0000000020000344                IRAngleOffset
 *fill*         0x0000000020000346        0x2 
 .bss.angleError
                0x0000000020000348        0x4 ./Core/Src/pid.o
                0x0000000020000348                angleError
 .bss.oldAngleError
                0x000000002000034c        0x4 ./Core/Src/pid.o
                0x000000002000034c                oldAngleError
 .bss.oldAngleErrors
                0x0000000020000350       0x28 ./Core/Src/pid.o
                0x0000000020000350                oldAngleErrors
 .bss.angleCorrection
                0x0000000020000378        0x4 ./Core/Src/pid.o
                0x0000000020000378                angleCorrection
 .bss.distanceError
                0x000000002000037c        0x4 ./Core/Src/pid.o
                0x000000002000037c                distanceError
 .bss.oldDistanceError
                0x0000000020000380        0x4 ./Core/Src/pid.o
                0x0000000020000380                oldDistanceError
 .bss.oldDistanceErrors
                0x0000000020000384       0x28 ./Core/Src/pid.o
                0x0000000020000384                oldDistanceErrors
 .bss.distanceCorrection
                0x00000000200003ac        0x4 ./Core/Src/pid.o
                0x00000000200003ac                distanceCorrection
 .bss.oldDistanceCorrection
                0x00000000200003b0        0x4 ./Core/Src/pid.o
                0x00000000200003b0                oldDistanceCorrection
 .bss.left_distance
                0x00000000200003b4        0x4 ./Core/Src/pid.o
                0x00000000200003b4                left_distance
 .bss.old_left_distance
                0x00000000200003b8        0x4 ./Core/Src/pid.o
                0x00000000200003b8                old_left_distance
 .bss.old_left_distances
                0x00000000200003bc       0x28 ./Core/Src/pid.o
                0x00000000200003bc                old_left_distances
 .bss.right_distance
                0x00000000200003e4        0x4 ./Core/Src/pid.o
                0x00000000200003e4                right_distance
 .bss.old_right_distance
                0x00000000200003e8        0x4 ./Core/Src/pid.o
                0x00000000200003e8                old_right_distance
 .bss.old_right_distances
                0x00000000200003ec       0x28 ./Core/Src/pid.o
                0x00000000200003ec                old_right_distances
 .bss.IRadjustment
                0x0000000020000414        0x4 ./Core/Src/pid.o
                0x0000000020000414                IRadjustment
 .bss.test1     0x0000000020000418        0x4 ./Core/Src/pid.o
                0x0000000020000418                test1
 .bss.test2     0x000000002000041c        0x4 ./Core/Src/pid.o
                0x000000002000041c                test2
 .bss.state     0x0000000020000420        0x1 ./Core/Src/pid.o
                0x0000000020000420                state
 *fill*         0x0000000020000421        0x3 
 .bss.left_PWM_value
                0x0000000020000424        0x4 ./Core/Src/pid.o
                0x0000000020000424                left_PWM_value
 .bss.right_PWM_value
                0x0000000020000428        0x4 ./Core/Src/pid.o
                0x0000000020000428                right_PWM_value
 .bss.goal_reached_timer
                0x000000002000042c        0x4 ./Core/Src/pid.o
                0x000000002000042c                goal_reached_timer
 .bss.initialized
                0x0000000020000430        0x4 ./Core/Src/solver.o
                0x0000000020000430                initialized
 .bss.currPos   0x0000000020000434        0x4 ./Core/Src/solver.o
                0x0000000020000434                currPos
 .bss.currHead  0x0000000020000438        0x1 ./Core/Src/solver.o
                0x0000000020000438                currHead
 *fill*         0x0000000020000439        0x3 
 .bss.Manhattans
                0x000000002000043c      0x400 ./Core/Src/solver.o
                0x000000002000043c                Manhattans
 .bss.queue     0x000000002000083c      0x800 ./Core/Src/solver.o
                0x000000002000083c                queue
 .bss.queueStart
                0x000000002000103c        0x4 ./Core/Src/solver.o
                0x000000002000103c                queueStart
 .bss.queueEnd  0x0000000020001040        0x4 ./Core/Src/solver.o
                0x0000000020001040                queueEnd
 .bss.horzWall  0x0000000020001044      0x440 ./Core/Src/solver.o
                0x0000000020001044                horzWall
 .bss.vertWall  0x0000000020001484      0x440 ./Core/Src/solver.o
                0x0000000020001484                vertWall
 .bss.__sbrk_heap_end
                0x00000000200018c4        0x4 ./Core/Src/sysmem.o
 .bss.left_wall
                0x00000000200018c8        0x2 ./Core/Src/utility.o
                0x00000000200018c8                left_wall
 .bss.right_wall
                0x00000000200018ca        0x2 ./Core/Src/utility.o
                0x00000000200018ca                right_wall
 .bss.front_wall
                0x00000000200018cc        0x2 ./Core/Src/utility.o
                0x00000000200018cc                front_wall
 *fill*         0x00000000200018ce        0x2 
 .bss.uwTick    0x00000000200018d0        0x4 ./Drivers/STM32F2xx_HAL_Driver/Src/stm32f2xx_hal.o
                0x00000000200018d0                uwTick
 .bss.__malloc_free_list
                0x00000000200018d4        0x4 c:/st/stm32cubeide_1.9.0/stm32cubeide/plugins/com.st.stm32cube.ide.mcu.externaltools.gnu-tools-for-stm32.10.3-2021.10.win32_1.0.0.202111181127/tools/bin/../lib/gcc/arm-none-eabi/10.3.1/../../../../arm-none-eabi/lib/thumb/v7-m/nofp\libc_nano.a(lib_a-nano-mallocr.o)
                0x00000000200018d4                __malloc_free_list
 .bss.__malloc_sbrk_start
                0x00000000200018d8        0x4 c:/st/stm32cubeide_1.9.0/stm32cubeide/plugins/com.st.stm32cube.ide.mcu.externaltools.gnu-tools-for-stm32.10.3-2021.10.win32_1.0.0.202111181127/tools/bin/../lib/gcc/arm-none-eabi/10.3.1/../../../../arm-none-eabi/lib/thumb/v7-m/nofp\libc_nano.a(lib_a-nano-mallocr.o)
                0x00000000200018d8                __malloc_sbrk_start
 .bss.errno     0x00000000200018dc        0x4 c:/st/stm32cubeide_1.9.0/stm32cubeide/plugins/com.st.stm32cube.ide.mcu.externaltools.gnu-tools-for-stm32.10.3-2021.10.win32_1.0.0.202111181127/tools/bin/../lib/gcc/arm-none-eabi/10.3.1/../../../../arm-none-eabi/lib/thumb/v7-m/nofp\libc_nano.a(lib_a-reent.o)
                0x00000000200018dc                errno
 .bss.__lock___malloc_recursive_mutex
                0x00000000200018e0        0x1 c:/st/stm32cubeide_1.9.0/stm32cubeide/plugins/com.st.stm32cube.ide.mcu.externaltools.gnu-tools-for-stm32.10.3-2021.10.win32_1.0.0.202111181127/tools/bin/../lib/gcc/arm-none-eabi/10.3.1/../../../../arm-none-eabi/lib/thumb/v7-m/nofp\libc_nano.a(lib_a-lock.o)
                0x00000000200018e0                __lock___malloc_recursive_mutex
 *(COMMON)
                0x00000000200018e4                . = ALIGN (0x4)
 *fill*         0x00000000200018e1        0x3 
                0x00000000200018e4                _ebss = .
                0x00000000200018e4                __bss_end__ = _ebss

._user_heap_stack
                0x00000000200018e4      0x604 load address 0x0000000008006b80
                0x00000000200018e8                . = ALIGN (0x8)
 *fill*         0x00000000200018e4        0x4 
                [!provide]                        PROVIDE (end = .)
                0x00000000200018e8                PROVIDE (_end = .)
                0x0000000020001ae8                . = (. + _Min_Heap_Size)
 *fill*         0x00000000200018e8      0x200 
                0x0000000020001ee8                . = (. + _Min_Stack_Size)
 *fill*         0x0000000020001ae8      0x400 
                0x0000000020001ee8                . = ALIGN (0x8)

/DISCARD/
 libc.a(*)
 libm.a(*)
 libgcc.a(*)

.ARM.attributes
                0x0000000000000000       0x29
 *(.ARM.attributes)
 .ARM.attributes
                0x0000000000000000       0x1d c:/st/stm32cubeide_1.9.0/stm32cubeide/plugins/com.st.stm32cube.ide.mcu.externaltools.gnu-tools-for-stm32.10.3-2021.10.win32_1.0.0.202111181127/tools/bin/../lib/gcc/arm-none-eabi/10.3.1/thumb/v7-m/nofp/crti.o
 .ARM.attributes
                0x000000000000001d       0x2d c:/st/stm32cubeide_1.9.0/stm32cubeide/plugins/com.st.stm32cube.ide.mcu.externaltools.gnu-tools-for-stm32.10.3-2021.10.win32_1.0.0.202111181127/tools/bin/../lib/gcc/arm-none-eabi/10.3.1/thumb/v7-m/nofp/crtbegin.o
 .ARM.attributes
                0x000000000000004a       0x2d ./Core/Src/controller.o
 .ARM.attributes
                0x0000000000000077       0x2d ./Core/Src/delay.o
 .ARM.attributes
                0x00000000000000a4       0x2d ./Core/Src/encoders.o
 .ARM.attributes
                0x00000000000000d1       0x2d ./Core/Src/irs.o
 .ARM.attributes
                0x00000000000000fe       0x2d ./Core/Src/main.o
 .ARM.attributes
                0x000000000000012b       0x2d ./Core/Src/motors.o
 .ARM.attributes
                0x0000000000000158       0x2d ./Core/Src/pid.o
 .ARM.attributes
                0x0000000000000185       0x2d ./Core/Src/solver.o
 .ARM.attributes
                0x00000000000001b2       0x2d ./Core/Src/stm32f2xx_hal_msp.o
 .ARM.attributes
                0x00000000000001df       0x2d ./Core/Src/stm32f2xx_it.o
 .ARM.attributes
                0x000000000000020c       0x2d ./Core/Src/sysmem.o
 .ARM.attributes
                0x0000000000000239       0x2d ./Core/Src/system_stm32f2xx.o
 .ARM.attributes
                0x0000000000000266       0x2d ./Core/Src/systick.o
 .ARM.attributes
                0x0000000000000293       0x2d ./Core/Src/utility.o
 .ARM.attributes
                0x00000000000002c0       0x21 ./Core/Startup/startup_stm32f205retx.o
 .ARM.attributes
                0x00000000000002e1       0x2d ./Drivers/STM32F2xx_HAL_Driver/Src/stm32f2xx_hal.o
 .ARM.attributes
                0x000000000000030e       0x2d ./Drivers/STM32F2xx_HAL_Driver/Src/stm32f2xx_hal_adc.o
 .ARM.attributes
                0x000000000000033b       0x2d ./Drivers/STM32F2xx_HAL_Driver/Src/stm32f2xx_hal_cortex.o
 .ARM.attributes
                0x0000000000000368       0x2d ./Drivers/STM32F2xx_HAL_Driver/Src/stm32f2xx_hal_dma.o
 .ARM.attributes
                0x0000000000000395       0x2d ./Drivers/STM32F2xx_HAL_Driver/Src/stm32f2xx_hal_gpio.o
 .ARM.attributes
                0x00000000000003c2       0x2d ./Drivers/STM32F2xx_HAL_Driver/Src/stm32f2xx_hal_rcc.o
 .ARM.attributes
                0x00000000000003ef       0x2d ./Drivers/STM32F2xx_HAL_Driver/Src/stm32f2xx_hal_tim.o
 .ARM.attributes
                0x000000000000041c       0x2d ./Drivers/STM32F2xx_HAL_Driver/Src/stm32f2xx_hal_tim_ex.o
 .ARM.attributes
                0x0000000000000449       0x2d c:/st/stm32cubeide_1.9.0/stm32cubeide/plugins/com.st.stm32cube.ide.mcu.externaltools.gnu-tools-for-stm32.10.3-2021.10.win32_1.0.0.202111181127/tools/bin/../lib/gcc/arm-none-eabi/10.3.1/../../../../arm-none-eabi/lib/thumb/v7-m/nofp\libc_nano.a(lib_a-errno.o)
 .ARM.attributes
                0x0000000000000476       0x2d c:/st/stm32cubeide_1.9.0/stm32cubeide/plugins/com.st.stm32cube.ide.mcu.externaltools.gnu-tools-for-stm32.10.3-2021.10.win32_1.0.0.202111181127/tools/bin/../lib/gcc/arm-none-eabi/10.3.1/../../../../arm-none-eabi/lib/thumb/v7-m/nofp\libc_nano.a(lib_a-impure.o)
 .ARM.attributes
                0x00000000000004a3       0x2d c:/st/stm32cubeide_1.9.0/stm32cubeide/plugins/com.st.stm32cube.ide.mcu.externaltools.gnu-tools-for-stm32.10.3-2021.10.win32_1.0.0.202111181127/tools/bin/../lib/gcc/arm-none-eabi/10.3.1/../../../../arm-none-eabi/lib/thumb/v7-m/nofp\libc_nano.a(lib_a-init.o)
 .ARM.attributes
                0x00000000000004d0       0x2d c:/st/stm32cubeide_1.9.0/stm32cubeide/plugins/com.st.stm32cube.ide.mcu.externaltools.gnu-tools-for-stm32.10.3-2021.10.win32_1.0.0.202111181127/tools/bin/../lib/gcc/arm-none-eabi/10.3.1/../../../../arm-none-eabi/lib/thumb/v7-m/nofp\libc_nano.a(lib_a-malloc.o)
 .ARM.attributes
                0x00000000000004fd       0x2d c:/st/stm32cubeide_1.9.0/stm32cubeide/plugins/com.st.stm32cube.ide.mcu.externaltools.gnu-tools-for-stm32.10.3-2021.10.win32_1.0.0.202111181127/tools/bin/../lib/gcc/arm-none-eabi/10.3.1/../../../../arm-none-eabi/lib/thumb/v7-m/nofp\libc_nano.a(lib_a-memset.o)
 .ARM.attributes
                0x000000000000052a       0x2d c:/st/stm32cubeide_1.9.0/stm32cubeide/plugins/com.st.stm32cube.ide.mcu.externaltools.gnu-tools-for-stm32.10.3-2021.10.win32_1.0.0.202111181127/tools/bin/../lib/gcc/arm-none-eabi/10.3.1/../../../../arm-none-eabi/lib/thumb/v7-m/nofp\libc_nano.a(lib_a-nano-freer.o)
 .ARM.attributes
                0x0000000000000557       0x2d c:/st/stm32cubeide_1.9.0/stm32cubeide/plugins/com.st.stm32cube.ide.mcu.externaltools.gnu-tools-for-stm32.10.3-2021.10.win32_1.0.0.202111181127/tools/bin/../lib/gcc/arm-none-eabi/10.3.1/../../../../arm-none-eabi/lib/thumb/v7-m/nofp\libc_nano.a(lib_a-nano-mallocr.o)
 .ARM.attributes
                0x0000000000000584       0x2d c:/st/stm32cubeide_1.9.0/stm32cubeide/plugins/com.st.stm32cube.ide.mcu.externaltools.gnu-tools-for-stm32.10.3-2021.10.win32_1.0.0.202111181127/tools/bin/../lib/gcc/arm-none-eabi/10.3.1/../../../../arm-none-eabi/lib/thumb/v7-m/nofp\libc_nano.a(lib_a-sbrkr.o)
 .ARM.attributes
                0x00000000000005b1       0x2d c:/st/stm32cubeide_1.9.0/stm32cubeide/plugins/com.st.stm32cube.ide.mcu.externaltools.gnu-tools-for-stm32.10.3-2021.10.win32_1.0.0.202111181127/tools/bin/../lib/gcc/arm-none-eabi/10.3.1/../../../../arm-none-eabi/lib/thumb/v7-m/nofp\libc_nano.a(lib_a-mlock.o)
 .ARM.attributes
                0x00000000000005de       0x2d c:/st/stm32cubeide_1.9.0/stm32cubeide/plugins/com.st.stm32cube.ide.mcu.externaltools.gnu-tools-for-stm32.10.3-2021.10.win32_1.0.0.202111181127/tools/bin/../lib/gcc/arm-none-eabi/10.3.1/../../../../arm-none-eabi/lib/thumb/v7-m/nofp\libc_nano.a(lib_a-reent.o)
 .ARM.attributes
                0x000000000000060b       0x2d c:/st/stm32cubeide_1.9.0/stm32cubeide/plugins/com.st.stm32cube.ide.mcu.externaltools.gnu-tools-for-stm32.10.3-2021.10.win32_1.0.0.202111181127/tools/bin/../lib/gcc/arm-none-eabi/10.3.1/../../../../arm-none-eabi/lib/thumb/v7-m/nofp\libc_nano.a(lib_a-lock.o)
 .ARM.attributes
                0x0000000000000638       0x1d c:/st/stm32cubeide_1.9.0/stm32cubeide/plugins/com.st.stm32cube.ide.mcu.externaltools.gnu-tools-for-stm32.10.3-2021.10.win32_1.0.0.202111181127/tools/bin/../lib/gcc/arm-none-eabi/10.3.1/thumb/v7-m/nofp\libgcc.a(_arm_muldf3.o)
 .ARM.attributes
                0x0000000000000655       0x1d c:/st/stm32cubeide_1.9.0/stm32cubeide/plugins/com.st.stm32cube.ide.mcu.externaltools.gnu-tools-for-stm32.10.3-2021.10.win32_1.0.0.202111181127/tools/bin/../lib/gcc/arm-none-eabi/10.3.1/thumb/v7-m/nofp\libgcc.a(_arm_addsubdf3.o)
 .ARM.attributes
                0x0000000000000672       0x1d c:/st/stm32cubeide_1.9.0/stm32cubeide/plugins/com.st.stm32cube.ide.mcu.externaltools.gnu-tools-for-stm32.10.3-2021.10.win32_1.0.0.202111181127/tools/bin/../lib/gcc/arm-none-eabi/10.3.1/thumb/v7-m/nofp\libgcc.a(_arm_cmpdf2.o)
 .ARM.attributes
                0x000000000000068f       0x1d c:/st/stm32cubeide_1.9.0/stm32cubeide/plugins/com.st.stm32cube.ide.mcu.externaltools.gnu-tools-for-stm32.10.3-2021.10.win32_1.0.0.202111181127/tools/bin/../lib/gcc/arm-none-eabi/10.3.1/thumb/v7-m/nofp\libgcc.a(_arm_truncdfsf2.o)
 .ARM.attributes
                0x00000000000006ac       0x1d c:/st/stm32cubeide_1.9.0/stm32cubeide/plugins/com.st.stm32cube.ide.mcu.externaltools.gnu-tools-for-stm32.10.3-2021.10.win32_1.0.0.202111181127/tools/bin/../lib/gcc/arm-none-eabi/10.3.1/thumb/v7-m/nofp\libgcc.a(_arm_addsubsf3.o)
 .ARM.attributes
                0x00000000000006c9       0x1d c:/st/stm32cubeide_1.9.0/stm32cubeide/plugins/com.st.stm32cube.ide.mcu.externaltools.gnu-tools-for-stm32.10.3-2021.10.win32_1.0.0.202111181127/tools/bin/../lib/gcc/arm-none-eabi/10.3.1/thumb/v7-m/nofp\libgcc.a(_arm_muldivsf3.o)
 .ARM.attributes
                0x00000000000006e6       0x1d c:/st/stm32cubeide_1.9.0/stm32cubeide/plugins/com.st.stm32cube.ide.mcu.externaltools.gnu-tools-for-stm32.10.3-2021.10.win32_1.0.0.202111181127/tools/bin/../lib/gcc/arm-none-eabi/10.3.1/thumb/v7-m/nofp\libgcc.a(_arm_cmpsf2.o)
 .ARM.attributes
                0x0000000000000703       0x1d c:/st/stm32cubeide_1.9.0/stm32cubeide/plugins/com.st.stm32cube.ide.mcu.externaltools.gnu-tools-for-stm32.10.3-2021.10.win32_1.0.0.202111181127/tools/bin/../lib/gcc/arm-none-eabi/10.3.1/thumb/v7-m/nofp\libgcc.a(_arm_fixunssfsi.o)
 .ARM.attributes
                0x0000000000000720       0x1d c:/st/stm32cubeide_1.9.0/stm32cubeide/plugins/com.st.stm32cube.ide.mcu.externaltools.gnu-tools-for-stm32.10.3-2021.10.win32_1.0.0.202111181127/tools/bin/../lib/gcc/arm-none-eabi/10.3.1/thumb/v7-m/nofp\libgcc.a(_aeabi_uldivmod.o)
 .ARM.attributes
                0x000000000000073d       0x2d c:/st/stm32cubeide_1.9.0/stm32cubeide/plugins/com.st.stm32cube.ide.mcu.externaltools.gnu-tools-for-stm32.10.3-2021.10.win32_1.0.0.202111181127/tools/bin/../lib/gcc/arm-none-eabi/10.3.1/thumb/v7-m/nofp\libgcc.a(_udivmoddi4.o)
 .ARM.attributes
                0x000000000000076a       0x1d c:/st/stm32cubeide_1.9.0/stm32cubeide/plugins/com.st.stm32cube.ide.mcu.externaltools.gnu-tools-for-stm32.10.3-2021.10.win32_1.0.0.202111181127/tools/bin/../lib/gcc/arm-none-eabi/10.3.1/thumb/v7-m/nofp\libgcc.a(_dvmd_tls.o)
 .ARM.attributes
                0x0000000000000787       0x1d c:/st/stm32cubeide_1.9.0/stm32cubeide/plugins/com.st.stm32cube.ide.mcu.externaltools.gnu-tools-for-stm32.10.3-2021.10.win32_1.0.0.202111181127/tools/bin/../lib/gcc/arm-none-eabi/10.3.1/thumb/v7-m/nofp/crtn.o
OUTPUT(Crewmate.elf elf32-littlearm)
LOAD linker stubs
LOAD c:/st/stm32cubeide_1.9.0/stm32cubeide/plugins/com.st.stm32cube.ide.mcu.externaltools.gnu-tools-for-stm32.10.3-2021.10.win32_1.0.0.202111181127/tools/bin/../lib/gcc/arm-none-eabi/10.3.1/../../../../arm-none-eabi/lib/thumb/v7-m/nofp\libc.a
LOAD c:/st/stm32cubeide_1.9.0/stm32cubeide/plugins/com.st.stm32cube.ide.mcu.externaltools.gnu-tools-for-stm32.10.3-2021.10.win32_1.0.0.202111181127/tools/bin/../lib/gcc/arm-none-eabi/10.3.1/../../../../arm-none-eabi/lib/thumb/v7-m/nofp\libm.a
LOAD c:/st/stm32cubeide_1.9.0/stm32cubeide/plugins/com.st.stm32cube.ide.mcu.externaltools.gnu-tools-for-stm32.10.3-2021.10.win32_1.0.0.202111181127/tools/bin/../lib/gcc/arm-none-eabi/10.3.1/thumb/v7-m/nofp\libgcc.a

.debug_info     0x0000000000000000     0xd72f
 .debug_info    0x0000000000000000      0x38a ./Core/Src/controller.o
 .debug_info    0x000000000000038a      0x2a8 ./Core/Src/delay.o
 .debug_info    0x0000000000000632      0x226 ./Core/Src/encoders.o
 .debug_info    0x0000000000000858      0x92d ./Core/Src/irs.o
 .debug_info    0x0000000000001185     0x18b4 ./Core/Src/main.o
 .debug_info    0x0000000000002a39      0x306 ./Core/Src/motors.o
 .debug_info    0x0000000000002d3f      0x66d ./Core/Src/pid.o
 .debug_info    0x00000000000033ac      0x6db ./Core/Src/solver.o
 .debug_info    0x0000000000003a87      0xef2 ./Core/Src/stm32f2xx_hal_msp.o
 .debug_info    0x0000000000004979      0x3f4 ./Core/Src/stm32f2xx_it.o
 .debug_info    0x0000000000004d6d      0x171 ./Core/Src/sysmem.o
 .debug_info    0x0000000000004ede      0x368 ./Core/Src/system_stm32f2xx.o
 .debug_info    0x0000000000005246      0x24e ./Core/Src/systick.o
 .debug_info    0x0000000000005494      0x23a ./Core/Src/utility.o
 .debug_info    0x00000000000056ce       0x22 ./Core/Startup/startup_stm32f205retx.o
 .debug_info    0x00000000000056f0      0x9eb ./Drivers/STM32F2xx_HAL_Driver/Src/stm32f2xx_hal.o
 .debug_info    0x00000000000060db      0xd48 ./Drivers/STM32F2xx_HAL_Driver/Src/stm32f2xx_hal_adc.o
 .debug_info    0x0000000000006e23      0xe09 ./Drivers/STM32F2xx_HAL_Driver/Src/stm32f2xx_hal_cortex.o
 .debug_info    0x0000000000007c2c      0x94f ./Drivers/STM32F2xx_HAL_Driver/Src/stm32f2xx_hal_dma.o
 .debug_info    0x000000000000857b      0x730 ./Drivers/STM32F2xx_HAL_Driver/Src/stm32f2xx_hal_gpio.o
 .debug_info    0x0000000000008cab      0xaf7 ./Drivers/STM32F2xx_HAL_Driver/Src/stm32f2xx_hal_rcc.o
 .debug_info    0x00000000000097a2     0x2a2d ./Drivers/STM32F2xx_HAL_Driver/Src/stm32f2xx_hal_tim.o
 .debug_info    0x000000000000c1cf     0x1560 ./Drivers/STM32F2xx_HAL_Driver/Src/stm32f2xx_hal_tim_ex.o

.debug_abbrev   0x0000000000000000     0x294b
 .debug_abbrev  0x0000000000000000      0x163 ./Core/Src/controller.o
 .debug_abbrev  0x0000000000000163       0xe3 ./Core/Src/delay.o
 .debug_abbrev  0x0000000000000246       0xb5 ./Core/Src/encoders.o
 .debug_abbrev  0x00000000000002fb      0x22c ./Core/Src/irs.o
 .debug_abbrev  0x0000000000000527      0x2f3 ./Core/Src/main.o
 .debug_abbrev  0x000000000000081a      0x12f ./Core/Src/motors.o
 .debug_abbrev  0x0000000000000949      0x206 ./Core/Src/pid.o
 .debug_abbrev  0x0000000000000b4f      0x27b ./Core/Src/solver.o
 .debug_abbrev  0x0000000000000dca      0x25a ./Core/Src/stm32f2xx_hal_msp.o
 .debug_abbrev  0x0000000000001024      0x15f ./Core/Src/stm32f2xx_it.o
 .debug_abbrev  0x0000000000001183       0xbb ./Core/Src/sysmem.o
 .debug_abbrev  0x000000000000123e      0x116 ./Core/Src/system_stm32f2xx.o
 .debug_abbrev  0x0000000000001354       0xf7 ./Core/Src/systick.o
 .debug_abbrev  0x000000000000144b      0x12a ./Core/Src/utility.o
 .debug_abbrev  0x0000000000001575       0x12 ./Core/Startup/startup_stm32f205retx.o
 .debug_abbrev  0x0000000000001587      0x27d ./Drivers/STM32F2xx_HAL_Driver/Src/stm32f2xx_hal.o
 .debug_abbrev  0x0000000000001804      0x27c ./Drivers/STM32F2xx_HAL_Driver/Src/stm32f2xx_hal_adc.o
 .debug_abbrev  0x0000000000001a80      0x316 ./Drivers/STM32F2xx_HAL_Driver/Src/stm32f2xx_hal_cortex.o
 .debug_abbrev  0x0000000000001d96      0x25b ./Drivers/STM32F2xx_HAL_Driver/Src/stm32f2xx_hal_dma.o
 .debug_abbrev  0x0000000000001ff1      0x1bb ./Drivers/STM32F2xx_HAL_Driver/Src/stm32f2xx_hal_gpio.o
 .debug_abbrev  0x00000000000021ac      0x2c8 ./Drivers/STM32F2xx_HAL_Driver/Src/stm32f2xx_hal_rcc.o
 .debug_abbrev  0x0000000000002474      0x272 ./Drivers/STM32F2xx_HAL_Driver/Src/stm32f2xx_hal_tim.o
 .debug_abbrev  0x00000000000026e6      0x265 ./Drivers/STM32F2xx_HAL_Driver/Src/stm32f2xx_hal_tim_ex.o

.debug_aranges  0x0000000000000000      0xdc8
 .debug_aranges
                0x0000000000000000       0x40 ./Core/Src/controller.o
 .debug_aranges
                0x0000000000000040       0x28 ./Core/Src/delay.o
 .debug_aranges
                0x0000000000000068       0x30 ./Core/Src/encoders.o
 .debug_aranges
                0x0000000000000098       0x50 ./Core/Src/irs.o
 .debug_aranges
                0x00000000000000e8       0x70 ./Core/Src/main.o
 .debug_aranges
                0x0000000000000158       0x48 ./Core/Src/motors.o
 .debug_aranges
                0x00000000000001a0       0x78 ./Core/Src/pid.o
 .debug_aranges
                0x0000000000000218       0x78 ./Core/Src/solver.o
 .debug_aranges
                0x0000000000000290       0x58 ./Core/Src/stm32f2xx_hal_msp.o
 .debug_aranges
                0x00000000000002e8       0x68 ./Core/Src/stm32f2xx_it.o
 .debug_aranges
                0x0000000000000350       0x20 ./Core/Src/sysmem.o
 .debug_aranges
                0x0000000000000370       0x28 ./Core/Src/system_stm32f2xx.o
 .debug_aranges
                0x0000000000000398       0x20 ./Core/Src/systick.o
 .debug_aranges
                0x00000000000003b8       0x50 ./Core/Src/utility.o
 .debug_aranges
                0x0000000000000408       0x28 ./Core/Startup/startup_stm32f205retx.o
 .debug_aranges
                0x0000000000000430       0xf0 ./Drivers/STM32F2xx_HAL_Driver/Src/stm32f2xx_hal.o
 .debug_aranges
                0x0000000000000520       0xe8 ./Drivers/STM32F2xx_HAL_Driver/Src/stm32f2xx_hal_adc.o
 .debug_aranges
                0x0000000000000608      0x118 ./Drivers/STM32F2xx_HAL_Driver/Src/stm32f2xx_hal_cortex.o
 .debug_aranges
                0x0000000000000720       0x90 ./Drivers/STM32F2xx_HAL_Driver/Src/stm32f2xx_hal_dma.o
 .debug_aranges
                0x00000000000007b0       0x58 ./Drivers/STM32F2xx_HAL_Driver/Src/stm32f2xx_hal_gpio.o
 .debug_aranges
                0x0000000000000808       0x88 ./Drivers/STM32F2xx_HAL_Driver/Src/stm32f2xx_hal_rcc.o
 .debug_aranges
                0x0000000000000890      0x3d0 ./Drivers/STM32F2xx_HAL_Driver/Src/stm32f2xx_hal_tim.o
 .debug_aranges
                0x0000000000000c60      0x168 ./Drivers/STM32F2xx_HAL_Driver/Src/stm32f2xx_hal_tim_ex.o

.debug_ranges   0x0000000000000000      0xc60
 .debug_ranges  0x0000000000000000       0x30 ./Core/Src/controller.o
 .debug_ranges  0x0000000000000030       0x18 ./Core/Src/delay.o
 .debug_ranges  0x0000000000000048       0x20 ./Core/Src/encoders.o
 .debug_ranges  0x0000000000000068       0x40 ./Core/Src/irs.o
 .debug_ranges  0x00000000000000a8       0x60 ./Core/Src/main.o
 .debug_ranges  0x0000000000000108       0x38 ./Core/Src/motors.o
 .debug_ranges  0x0000000000000140       0x68 ./Core/Src/pid.o
 .debug_ranges  0x00000000000001a8       0x68 ./Core/Src/solver.o
 .debug_ranges  0x0000000000000210       0x48 ./Core/Src/stm32f2xx_hal_msp.o
 .debug_ranges  0x0000000000000258       0x58 ./Core/Src/stm32f2xx_it.o
 .debug_ranges  0x00000000000002b0       0x10 ./Core/Src/sysmem.o
 .debug_ranges  0x00000000000002c0       0x18 ./Core/Src/system_stm32f2xx.o
 .debug_ranges  0x00000000000002d8       0x10 ./Core/Src/systick.o
 .debug_ranges  0x00000000000002e8       0x40 ./Core/Src/utility.o
 .debug_ranges  0x0000000000000328       0x20 ./Core/Startup/startup_stm32f205retx.o
 .debug_ranges  0x0000000000000348       0xe0 ./Drivers/STM32F2xx_HAL_Driver/Src/stm32f2xx_hal.o
 .debug_ranges  0x0000000000000428       0xd8 ./Drivers/STM32F2xx_HAL_Driver/Src/stm32f2xx_hal_adc.o
 .debug_ranges  0x0000000000000500      0x108 ./Drivers/STM32F2xx_HAL_Driver/Src/stm32f2xx_hal_cortex.o
 .debug_ranges  0x0000000000000608       0x80 ./Drivers/STM32F2xx_HAL_Driver/Src/stm32f2xx_hal_dma.o
 .debug_ranges  0x0000000000000688       0x48 ./Drivers/STM32F2xx_HAL_Driver/Src/stm32f2xx_hal_gpio.o
 .debug_ranges  0x00000000000006d0       0x78 ./Drivers/STM32F2xx_HAL_Driver/Src/stm32f2xx_hal_rcc.o
 .debug_ranges  0x0000000000000748      0x3c0 ./Drivers/STM32F2xx_HAL_Driver/Src/stm32f2xx_hal_tim.o
 .debug_ranges  0x0000000000000b08      0x158 ./Drivers/STM32F2xx_HAL_Driver/Src/stm32f2xx_hal_tim_ex.o

.debug_macro    0x0000000000000000    0x1fdd4
 .debug_macro   0x0000000000000000      0x2dc ./Core/Src/controller.o
 .debug_macro   0x00000000000002dc      0xa6c ./Core/Src/controller.o
 .debug_macro   0x0000000000000d48      0x23e ./Core/Src/controller.o
 .debug_macro   0x0000000000000f86       0x2e ./Core/Src/controller.o
 .debug_macro   0x0000000000000fb4       0x22 ./Core/Src/controller.o
 .debug_macro   0x0000000000000fd6       0x22 ./Core/Src/controller.o
 .debug_macro   0x0000000000000ff8       0x8e ./Core/Src/controller.o
 .debug_macro   0x0000000000001086       0x51 ./Core/Src/controller.o
 .debug_macro   0x00000000000010d7      0x103 ./Core/Src/controller.o
 .debug_macro   0x00000000000011da       0x6a ./Core/Src/controller.o
 .debug_macro   0x0000000000001244      0x1df ./Core/Src/controller.o
 .debug_macro   0x0000000000001423       0x1c ./Core/Src/controller.o
 .debug_macro   0x000000000000143f       0x22 ./Core/Src/controller.o
 .debug_macro   0x0000000000001461       0xbd ./Core/Src/controller.o
 .debug_macro   0x000000000000151e      0xe49 ./Core/Src/controller.o
 .debug_macro   0x0000000000002367      0x11f ./Core/Src/controller.o
 .debug_macro   0x0000000000002486    0x133fd ./Core/Src/controller.o
 .debug_macro   0x0000000000015883       0x43 ./Core/Src/controller.o
 .debug_macro   0x00000000000158c6     0x358e ./Core/Src/controller.o
 .debug_macro   0x0000000000018e54      0x174 ./Core/Src/controller.o
 .debug_macro   0x0000000000018fc8       0x55 ./Core/Src/controller.o
 .debug_macro   0x000000000001901d     0x1057 ./Core/Src/controller.o
 .debug_macro   0x000000000001a074       0x4a ./Core/Src/controller.o
 .debug_macro   0x000000000001a0be      0x170 ./Core/Src/controller.o
 .debug_macro   0x000000000001a22e      0x116 ./Core/Src/controller.o
 .debug_macro   0x000000000001a344       0xfa ./Core/Src/controller.o
 .debug_macro   0x000000000001a43e       0xa5 ./Core/Src/controller.o
 .debug_macro   0x000000000001a4e3      0x16a ./Core/Src/controller.o
 .debug_macro   0x000000000001a64d      0x287 ./Core/Src/controller.o
 .debug_macro   0x000000000001a8d4       0x5f ./Core/Src/controller.o
 .debug_macro   0x000000000001a933      0x236 ./Core/Src/controller.o
 .debug_macro   0x000000000001ab69      0x37c ./Core/Src/controller.o
 .debug_macro   0x000000000001aee5      0x16f ./Core/Src/controller.o
 .debug_macro   0x000000000001b054       0xf9 ./Core/Src/controller.o
 .debug_macro   0x000000000001b14d      0x126 ./Core/Src/controller.o
 .debug_macro   0x000000000001b273      0x216 ./Core/Src/controller.o
 .debug_macro   0x000000000001b489       0x2e ./Core/Src/controller.o
 .debug_macro   0x000000000001b4b7      0x113 ./Core/Src/controller.o
 .debug_macro   0x000000000001b5ca       0x22 ./Core/Src/controller.o
 .debug_macro   0x000000000001b5ec       0x82 ./Core/Src/controller.o
 .debug_macro   0x000000000001b66e      0x8d1 ./Core/Src/controller.o
 .debug_macro   0x000000000001bf3f       0x4c ./Core/Src/controller.o
 .debug_macro   0x000000000001bf8b      0x12d ./Core/Src/controller.o
 .debug_macro   0x000000000001c0b8      0x160 ./Core/Src/controller.o
 .debug_macro   0x000000000001c218       0x16 ./Core/Src/controller.o
 .debug_macro   0x000000000001c22e       0x16 ./Core/Src/controller.o
 .debug_macro   0x000000000001c244       0x6a ./Core/Src/controller.o
 .debug_macro   0x000000000001c2ae       0x10 ./Core/Src/controller.o
 .debug_macro   0x000000000001c2be       0x52 ./Core/Src/controller.o
 .debug_macro   0x000000000001c310       0x18 ./Core/Src/controller.o
 .debug_macro   0x000000000001c328       0x3c ./Core/Src/controller.o
 .debug_macro   0x000000000001c364       0x34 ./Core/Src/controller.o
 .debug_macro   0x000000000001c398       0x16 ./Core/Src/controller.o
 .debug_macro   0x000000000001c3ae       0x43 ./Core/Src/controller.o
 .debug_macro   0x000000000001c3f1       0x34 ./Core/Src/controller.o
 .debug_macro   0x000000000001c425       0x10 ./Core/Src/controller.o
 .debug_macro   0x000000000001c435       0x58 ./Core/Src/controller.o
 .debug_macro   0x000000000001c48d       0x71 ./Core/Src/controller.o
 .debug_macro   0x000000000001c4fe       0x1c ./Core/Src/controller.o
 .debug_macro   0x000000000001c51a      0x12a ./Core/Src/controller.o
 .debug_macro   0x000000000001c644      0x341 ./Core/Src/controller.o
 .debug_macro   0x000000000001c985      0x19b ./Core/Src/controller.o
 .debug_macro   0x000000000001cb20      0x1ef ./Core/Src/delay.o
 .debug_macro   0x000000000001cd0f      0x1ef ./Core/Src/encoders.o
 .debug_macro   0x000000000001cefe      0x1fc ./Core/Src/irs.o
 .debug_macro   0x000000000001d0fa      0x22b ./Core/Src/main.o
 .debug_macro   0x000000000001d325       0x1c ./Core/Src/main.o
 .debug_macro   0x000000000001d341      0x1f7 ./Core/Src/motors.o
 .debug_macro   0x000000000001d538      0x2c3 ./Core/Src/pid.o
 .debug_macro   0x000000000001d7fb       0x4c ./Core/Src/pid.o
 .debug_macro   0x000000000001d847       0x94 ./Core/Src/pid.o
 .debug_macro   0x000000000001d8db       0x57 ./Core/Src/pid.o
 .debug_macro   0x000000000001d932       0x4f ./Core/Src/pid.o
 .debug_macro   0x000000000001d981       0x64 ./Core/Src/pid.o
 .debug_macro   0x000000000001d9e5      0x38b ./Core/Src/solver.o
 .debug_macro   0x000000000001dd70       0x16 ./Core/Src/solver.o
 .debug_macro   0x000000000001dd86       0x35 ./Core/Src/solver.o
 .debug_macro   0x000000000001ddbb       0x16 ./Core/Src/solver.o
 .debug_macro   0x000000000001ddd1       0x29 ./Core/Src/solver.o
 .debug_macro   0x000000000001ddfa       0x1c ./Core/Src/solver.o
 .debug_macro   0x000000000001de16       0x10 ./Core/Src/solver.o
 .debug_macro   0x000000000001de26       0x10 ./Core/Src/solver.o
 .debug_macro   0x000000000001de36       0x1c ./Core/Src/solver.o
 .debug_macro   0x000000000001de52       0x52 ./Core/Src/solver.o
 .debug_macro   0x000000000001dea4       0x22 ./Core/Src/solver.o
 .debug_macro   0x000000000001dec6       0x10 ./Core/Src/solver.o
 .debug_macro   0x000000000001ded6       0x52 ./Core/Src/solver.o
 .debug_macro   0x000000000001df28       0xd5 ./Core/Src/solver.o
 .debug_macro   0x000000000001dffd       0x1c ./Core/Src/solver.o
 .debug_macro   0x000000000001e019       0x3d ./Core/Src/solver.o
 .debug_macro   0x000000000001e056       0x16 ./Core/Src/solver.o
 .debug_macro   0x000000000001e06c      0x145 ./Core/Src/solver.o
 .debug_macro   0x000000000001e1b1      0x1e5 ./Core/Src/stm32f2xx_hal_msp.o
 .debug_macro   0x000000000001e396      0x1fd ./Core/Src/stm32f2xx_it.o
 .debug_macro   0x000000000001e593       0xff ./Core/Src/sysmem.o
 .debug_macro   0x000000000001e692      0x23b ./Core/Src/sysmem.o
 .debug_macro   0x000000000001e8cd      0x1d6 ./Core/Src/system_stm32f2xx.o
 .debug_macro   0x000000000001eaa3      0x202 ./Core/Src/systick.o
 .debug_macro   0x000000000001eca5      0x1f8 ./Core/Src/utility.o
 .debug_macro   0x000000000001ee9d      0x224 ./Drivers/STM32F2xx_HAL_Driver/Src/stm32f2xx_hal.o
 .debug_macro   0x000000000001f0c1      0x1d7 ./Drivers/STM32F2xx_HAL_Driver/Src/stm32f2xx_hal_adc.o
 .debug_macro   0x000000000001f298      0x1d6 ./Drivers/STM32F2xx_HAL_Driver/Src/stm32f2xx_hal_cortex.o
 .debug_macro   0x000000000001f46e      0x1dc ./Drivers/STM32F2xx_HAL_Driver/Src/stm32f2xx_hal_dma.o
 .debug_macro   0x000000000001f64a      0x1dd ./Drivers/STM32F2xx_HAL_Driver/Src/stm32f2xx_hal_gpio.o
 .debug_macro   0x000000000001f827      0x200 ./Drivers/STM32F2xx_HAL_Driver/Src/stm32f2xx_hal_rcc.o
 .debug_macro   0x000000000001fa27      0x1d7 ./Drivers/STM32F2xx_HAL_Driver/Src/stm32f2xx_hal_tim.o
 .debug_macro   0x000000000001fbfe      0x1d6 ./Drivers/STM32F2xx_HAL_Driver/Src/stm32f2xx_hal_tim_ex.o

.debug_line     0x0000000000000000    0x116e8
 .debug_line    0x0000000000000000      0x988 ./Core/Src/controller.o
 .debug_line    0x0000000000000988      0x6f4 ./Core/Src/delay.o
 .debug_line    0x000000000000107c      0x6f4 ./Core/Src/encoders.o
 .debug_line    0x0000000000001770      0x7d8 ./Core/Src/irs.o
 .debug_line    0x0000000000001f48      0xa5e ./Core/Src/main.o
 .debug_line    0x00000000000029a6      0x79f ./Core/Src/motors.o
 .debug_line    0x0000000000003145      0xd89 ./Core/Src/pid.o
 .debug_line    0x0000000000003ece      0xea1 ./Core/Src/solver.o
 .debug_line    0x0000000000004d6f      0x80f ./Core/Src/stm32f2xx_hal_msp.o
 .debug_line    0x000000000000557e      0x798 ./Core/Src/stm32f2xx_it.o
 .debug_line    0x0000000000005d16      0x4e5 ./Core/Src/sysmem.o
 .debug_line    0x00000000000061fb      0x72c ./Core/Src/system_stm32f2xx.o
 .debug_line    0x0000000000006927      0x6fb ./Core/Src/systick.o
 .debug_line    0x0000000000007022      0x771 ./Core/Src/utility.o
 .debug_line    0x0000000000007793       0x88 ./Core/Startup/startup_stm32f205retx.o
 .debug_line    0x000000000000781b      0x9c3 ./Drivers/STM32F2xx_HAL_Driver/Src/stm32f2xx_hal.o
 .debug_line    0x00000000000081de     0x1132 ./Drivers/STM32F2xx_HAL_Driver/Src/stm32f2xx_hal_adc.o
 .debug_line    0x0000000000009310      0xc46 ./Drivers/STM32F2xx_HAL_Driver/Src/stm32f2xx_hal_cortex.o
 .debug_line    0x0000000000009f56      0xefe ./Drivers/STM32F2xx_HAL_Driver/Src/stm32f2xx_hal_dma.o
 .debug_line    0x000000000000ae54      0xb13 ./Drivers/STM32F2xx_HAL_Driver/Src/stm32f2xx_hal_gpio.o
 .debug_line    0x000000000000b967      0xe49 ./Drivers/STM32F2xx_HAL_Driver/Src/stm32f2xx_hal_rcc.o
 .debug_line    0x000000000000c7b0     0x35d0 ./Drivers/STM32F2xx_HAL_Driver/Src/stm32f2xx_hal_tim.o
 .debug_line    0x000000000000fd80     0x1968 ./Drivers/STM32F2xx_HAL_Driver/Src/stm32f2xx_hal_tim_ex.o

.debug_str      0x0000000000000000    0xbbae0
 .debug_str     0x0000000000000000    0xb66d4 ./Core/Src/controller.o
                                      0xb69f9 (size before relaxing)
 .debug_str     0x00000000000b66d4      0x12a ./Core/Src/delay.o
                                      0xb31e5 (size before relaxing)
 .debug_str     0x00000000000b67fe       0x23 ./Core/Src/encoders.o
                                      0xb316c (size before relaxing)
 .debug_str     0x00000000000b6821      0x53b ./Core/Src/irs.o
                                      0xb36f6 (size before relaxing)
 .debug_str     0x00000000000b6d5c      0xdd0 ./Core/Src/main.o
                                      0xb46ef (size before relaxing)
 .debug_str     0x00000000000b7b2c       0x65 ./Core/Src/motors.o
                                      0xb32db (size before relaxing)
 .debug_str     0x00000000000b7b91      0x252 ./Core/Src/pid.o
                                      0xb6b8c (size before relaxing)
 .debug_str     0x00000000000b7de3     0x1241 ./Core/Src/solver.o
                                      0xb71b8 (size before relaxing)
 .debug_str     0x00000000000b9024       0xf1 ./Core/Src/stm32f2xx_hal_msp.o
                                      0xb3a54 (size before relaxing)
 .debug_str     0x00000000000b9115      0x114 ./Core/Src/stm32f2xx_it.o
                                      0xb341e (size before relaxing)
 .debug_str     0x00000000000b9229      0x4da ./Core/Src/sysmem.o
                                       0x5d63 (size before relaxing)
 .debug_str     0x00000000000b9703       0x87 ./Core/Src/system_stm32f2xx.o
                                      0xb2bef (size before relaxing)
 .debug_str     0x00000000000b978a       0x21 ./Core/Src/systick.o
                                      0xb327f (size before relaxing)
 .debug_str     0x00000000000b97ab       0x9a ./Core/Src/utility.o
                                      0xb3201 (size before relaxing)
 .debug_str     0x00000000000b9845       0x36 ./Core/Startup/startup_stm32f205retx.o
                                         0x7d (size before relaxing)
 .debug_str     0x00000000000b987b      0x568 ./Drivers/STM32F2xx_HAL_Driver/Src/stm32f2xx_hal.o
                                      0xb371a (size before relaxing)
 .debug_str     0x00000000000b9de3      0x27a ./Drivers/STM32F2xx_HAL_Driver/Src/stm32f2xx_hal_adc.o
                                      0xb3227 (size before relaxing)
 .debug_str     0x00000000000ba05d      0x38e ./Drivers/STM32F2xx_HAL_Driver/Src/stm32f2xx_hal_cortex.o
                                      0xb34df (size before relaxing)
 .debug_str     0x00000000000ba3eb      0x2d5 ./Drivers/STM32F2xx_HAL_Driver/Src/stm32f2xx_hal_dma.o
                                      0xb305d (size before relaxing)
 .debug_str     0x00000000000ba6c0      0x10e ./Drivers/STM32F2xx_HAL_Driver/Src/stm32f2xx_hal_gpio.o
                                      0xb2dad (size before relaxing)
 .debug_str     0x00000000000ba7ce      0x25c ./Drivers/STM32F2xx_HAL_Driver/Src/stm32f2xx_hal_rcc.o
                                      0xb30a1 (size before relaxing)