Archive member included to satisfy reference by file (symbol)

c:/st/stm32cubeide_1.9.0/stm32cubeide/plugins/com.st.stm32cube.ide.mcu.externaltools.gnu-tools-for-stm32.10.3-2021.10.win32_1.0.0.202111181127/tools/bin/../lib/gcc/arm-none-eabi/10.3.1/../../../../arm-none-eabi/lib/thumb/v7-m/nofp\libc_nano.a(lib_a-errno.o)
                              ./Core/Src/syscalls.o (__errno)
c:/st/stm32cubeide_1.9.0/stm32cubeide/plugins/com.st.stm32cube.ide.mcu.externaltools.gnu-tools-for-stm32.10.3-2021.10.win32_1.0.0.202111181127/tools/bin/../lib/gcc/arm-none-eabi/10.3.1/../../../../arm-none-eabi/lib/thumb/v7-m/nofp\libc_nano.a(lib_a-exit.o)
                              c:/st/stm32cubeide_1.9.0/stm32cubeide/plugins/com.st.stm32cube.ide.mcu.externaltools.gnu-tools-for-stm32.10.3-2021.10.win32_1.0.0.202111181127/tools/bin/../lib/gcc/arm-none-eabi/10.3.1/../../../../arm-none-eabi/lib/thumb/v7-m/nofp/crt0.o (exit)
c:/st/stm32cubeide_1.9.0/stm32cubeide/plugins/com.st.stm32cube.ide.mcu.externaltools.gnu-tools-for-stm32.10.3-2021.10.win32_1.0.0.202111181127/tools/bin/../lib/gcc/arm-none-eabi/10.3.1/../../../../arm-none-eabi/lib/thumb/v7-m/nofp\libc_nano.a(lib_a-impure.o)
                              c:/st/stm32cubeide_1.9.0/stm32cubeide/plugins/com.st.stm32cube.ide.mcu.externaltools.gnu-tools-for-stm32.10.3-2021.10.win32_1.0.0.202111181127/tools/bin/../lib/gcc/arm-none-eabi/10.3.1/../../../../arm-none-eabi/lib/thumb/v7-m/nofp\libc_nano.a(lib_a-exit.o) (_global_impure_ptr)
c:/st/stm32cubeide_1.9.0/stm32cubeide/plugins/com.st.stm32cube.ide.mcu.externaltools.gnu-tools-for-stm32.10.3-2021.10.win32_1.0.0.202111181127/tools/bin/../lib/gcc/arm-none-eabi/10.3.1/../../../../arm-none-eabi/lib/thumb/v7-m/nofp\libc_nano.a(lib_a-init.o)
                              c:/st/stm32cubeide_1.9.0/stm32cubeide/plugins/com.st.stm32cube.ide.mcu.externaltools.gnu-tools-for-stm32.10.3-2021.10.win32_1.0.0.202111181127/tools/bin/../lib/gcc/arm-none-eabi/10.3.1/../../../../arm-none-eabi/lib/thumb/v7-m/nofp/crt0.o (__libc_init_array)
c:/st/stm32cubeide_1.9.0/stm32cubeide/plugins/com.st.stm32cube.ide.mcu.externaltools.gnu-tools-for-stm32.10.3-2021.10.win32_1.0.0.202111181127/tools/bin/../lib/gcc/arm-none-eabi/10.3.1/../../../../arm-none-eabi/lib/thumb/v7-m/nofp\libc_nano.a(lib_a-malloc.o)
                              ./Core/Src/solver.o (malloc)
c:/st/stm32cubeide_1.9.0/stm32cubeide/plugins/com.st.stm32cube.ide.mcu.externaltools.gnu-tools-for-stm32.10.3-2021.10.win32_1.0.0.202111181127/tools/bin/../lib/gcc/arm-none-eabi/10.3.1/../../../../arm-none-eabi/lib/thumb/v7-m/nofp\libc_nano.a(lib_a-memset.o)
                              c:/st/stm32cubeide_1.9.0/stm32cubeide/plugins/com.st.stm32cube.ide.mcu.externaltools.gnu-tools-for-stm32.10.3-2021.10.win32_1.0.0.202111181127/tools/bin/../lib/gcc/arm-none-eabi/10.3.1/../../../../arm-none-eabi/lib/thumb/v7-m/nofp/crt0.o (memset)
c:/st/stm32cubeide_1.9.0/stm32cubeide/plugins/com.st.stm32cube.ide.mcu.externaltools.gnu-tools-for-stm32.10.3-2021.10.win32_1.0.0.202111181127/tools/bin/../lib/gcc/arm-none-eabi/10.3.1/../../../../arm-none-eabi/lib/thumb/v7-m/nofp\libc_nano.a(lib_a-nano-freer.o)
                              c:/st/stm32cubeide_1.9.0/stm32cubeide/plugins/com.st.stm32cube.ide.mcu.externaltools.gnu-tools-for-stm32.10.3-2021.10.win32_1.0.0.202111181127/tools/bin/../lib/gcc/arm-none-eabi/10.3.1/../../../../arm-none-eabi/lib/thumb/v7-m/nofp\libc_nano.a(lib_a-malloc.o) (_free_r)
c:/st/stm32cubeide_1.9.0/stm32cubeide/plugins/com.st.stm32cube.ide.mcu.externaltools.gnu-tools-for-stm32.10.3-2021.10.win32_1.0.0.202111181127/tools/bin/../lib/gcc/arm-none-eabi/10.3.1/../../../../arm-none-eabi/lib/thumb/v7-m/nofp\libc_nano.a(lib_a-nano-mallocr.o)
                              c:/st/stm32cubeide_1.9.0/stm32cubeide/plugins/com.st.stm32cube.ide.mcu.externaltools.gnu-tools-for-stm32.10.3-2021.10.win32_1.0.0.202111181127/tools/bin/../lib/gcc/arm-none-eabi/10.3.1/../../../../arm-none-eabi/lib/thumb/v7-m/nofp\libc_nano.a(lib_a-malloc.o) (_malloc_r)
c:/st/stm32cubeide_1.9.0/stm32cubeide/plugins/com.st.stm32cube.ide.mcu.externaltools.gnu-tools-for-stm32.10.3-2021.10.win32_1.0.0.202111181127/tools/bin/../lib/gcc/arm-none-eabi/10.3.1/../../../../arm-none-eabi/lib/thumb/v7-m/nofp\libc_nano.a(lib_a-sbrkr.o)
                              c:/st/stm32cubeide_1.9.0/stm32cubeide/plugins/com.st.stm32cube.ide.mcu.externaltools.gnu-tools-for-stm32.10.3-2021.10.win32_1.0.0.202111181127/tools/bin/../lib/gcc/arm-none-eabi/10.3.1/../../../../arm-none-eabi/lib/thumb/v7-m/nofp\libc_nano.a(lib_a-nano-mallocr.o) (_sbrk_r)
c:/st/stm32cubeide_1.9.0/stm32cubeide/plugins/com.st.stm32cube.ide.mcu.externaltools.gnu-tools-for-stm32.10.3-2021.10.win32_1.0.0.202111181127/tools/bin/../lib/gcc/arm-none-eabi/10.3.1/../../../../arm-none-eabi/lib/thumb/v7-m/nofp\libc_nano.a(lib_a-mlock.o)
[...]
Memory Configuration

Name             Origin             Length             Attributes
RAM              0x0000000020000000 0x0000000000020000 xrw
FLASH            0x0000000008000000 0x0000000000080000 xr
*default*        0x0000000000000000 0xffffffffffffffff

Linker script and memory map

LOAD c:/st/stm32cubeide_1.9.0/stm32cubeide/plugins/com.st.stm32cube.ide.mcu.externaltools.gnu-tools-for-stm32.10.3-2021.10.win32_1.0.0.202111181127/tools/bin/../lib/gcc/arm-none-eabi/10.3.1/thumb/v7-m/nofp/crti.o
LOAD c:/st/stm32cubeide_1.9.0/stm32cubeide/plugins/com.st.stm32cube.ide.mcu.externaltools.gnu-tools-for-stm32.10.3-2021.10.win32_1.0.0.202111181127/tools/bin/../lib/gcc/arm-none-eabi/10.3.1/thumb/v7-m/nofp/crtbegin.o
LOAD c:/st/stm32cubeide_1.9.0/stm32cubeide/plugins/com.st.stm32cube.ide.mcu.externaltools.gnu-tools-for-stm32.10.3-2021.10.win32_1.0.0.202111181127/tools/bin/../lib/gcc/arm-none-eabi/10.3.1/../../../../arm-none-eabi/lib/thumb/v7-m/nofp/crt0.o
LOAD ./Core/Src/controller.o
LOAD ./Core/Src/delay.o
LOAD ./Core/Src/encoders.o
LOAD ./Core/Src/irs.o
LOAD ./Core/Src/main.o
LOAD ./Core/Src/motors.o
LOAD ./Core/Src/pid.o
LOAD ./Core/Src/solver.o
LOAD ./Core/Src/stm32f2xx_hal_msp.o
LOAD ./Core/Src/stm32f2xx_it.o
LOAD ./Core/Src/syscalls.o
LOAD ./Core/Src/sysmem.o
LOAD ./Core/Src/system_stm32f2xx.o
LOAD ./Core/Src/systick.o
LOAD ./Core/Src/utility.o
LOAD ./Core/Startup/startup_stm32f205retx.o
LOAD ./Drivers/STM32F2xx_HAL_Driver/Src/stm32f2xx_hal.o
LOAD ./Drivers/STM32F2xx_HAL_Driver/Src/stm32f2xx_hal_adc.o
LOAD ./Drivers/STM32F2xx_HAL_Driver/Src/stm32f2xx_hal_adc_ex.o
LOAD ./Drivers/STM32F2xx_HAL_Driver/Src/stm32f2xx_hal_cortex.o
LOAD ./Drivers/STM32F2xx_HAL_Driver/Src/stm32f2xx_hal_dma.o
LOAD ./Drivers/STM32F2xx_HAL_Driver/Src/stm32f2xx_hal_dma_ex.o
LOAD ./Drivers/STM32F2xx_HAL_Driver/Src/stm32f2xx_hal_exti.o
LOAD ./Drivers/STM32F2xx_HAL_Driver/Src/stm32f2xx_hal_flash.o
LOAD ./Drivers/STM32F2xx_HAL_Driver/Src/stm32f2xx_hal_flash_ex.o
LOAD ./Drivers/STM32F2xx_HAL_Driver/Src/stm32f2xx_hal_gpio.o
LOAD ./Drivers/STM32F2xx_HAL_Driver/Src/stm32f2xx_hal_pwr.o
LOAD ./Drivers/STM32F2xx_HAL_Driver/Src/stm32f2xx_hal_pwr_ex.o
LOAD ./Drivers/STM32F2xx_HAL_Driver/Src/stm32f2xx_hal_rcc.o
LOAD ./Drivers/STM32F2xx_HAL_Driver/Src/stm32f2xx_hal_rcc_ex.o
LOAD ./Drivers/STM32F2xx_HAL_Driver/Src/stm32f2xx_hal_tim.o
LOAD ./Drivers/STM32F2xx_HAL_Driver/Src/stm32f2xx_hal_tim_ex.o
START GROUP
LOAD c:/st/stm32cubeide_1.9.0/stm32cubeide/plugins/com.st.stm32cube.ide.mcu.externaltools.gnu-tools-for-stm32.10.3-2021.10.win32_1.0.0.202111181127/tools/bin/../lib/gcc/arm-none-eabi/10.3.1/../../../../arm-none-eabi/lib/thumb/v7-m/nofp\libc_nano.a
LOAD c:/st/stm32cubeide_1.9.0/stm32cubeide/plugins/com.st.stm32cube.ide.mcu.externaltools.gnu-tools-for-stm32.10.3-2021.10.win32_1.0.0.202111181127/tools/bin/../lib/gcc/arm-none-eabi/10.3.1/../../../../arm-none-eabi/lib/thumb/v7-m/nofp\libm.a
END GROUP
START GROUP
LOAD c:/st/stm32cubeide_1.9.0/stm32cubeide/plugins/com.st.stm32cube.ide.mcu.externaltools.gnu-tools-for-stm32.10.3-2021.10.win32_1.0.0.202111181127/tools/bin/../lib/gcc/arm-none-eabi/10.3.1/thumb/v7-m/nofp\libgcc.a
LOAD c:/st/stm32cubeide_1.9.0/stm32cubeide/plugins/com.st.stm32cube.ide.mcu.externaltools.gnu-tools-for-stm32.10.3-2021.10.win32_1.0.0.202111181127/tools/bin/../lib/gcc/arm-none-eabi/10.3.1/../../../../arm-none-eabi/lib/thumb/v7-m/nofp\libc_nano.a
END GROUP
START GROUP
LOAD c:/st/stm32cubeide_1.9.0/stm32cubeide/plugins/com.st.stm32cube.ide.mcu.externaltools.gnu-tools-for-stm32.10.3-2021.10.win32_1.0.0.202111181127/tools/bin/../lib/gcc/arm-none-eabi/10.3.1/thumb/v7-m/nofp\libgcc.a
LOAD c:/st/stm32cubeide_1.9.0/stm32cubeide/plugins/com.st.stm32cube.ide.mcu.externaltools.gnu-tools-for-stm32.10.3-2021.10.win32_1.0.0.202111181127/tools/bin/../lib/gcc/arm-none-eabi/10.3.1/../../../../arm-none-eabi/lib/thumb/v7-m/nofp\libc_nano.a
LOAD c:/st/stm32cubeide_1.9.0/stm32cubeide/plugins/com.st.stm32cube.ide.mcu.externaltools.gnu-tools-for-stm32.10.3-2021.10.win32_1.0.0.202111181127/tools/bin/../lib/gcc/arm-none-eabi/10.3.1/../../../../arm-none-eabi/lib/thumb/v7-m/nofp\libnosys.a
END GROUP
START GROUP
LOAD c:/st/stm32cubeide_1.9.0/stm32cubeide/plugins/com.st.stm32cube.ide.mcu.externaltools.gnu-tools-for-stm32.10.3-2021.10.win32_1.0.0.202111181127/tools/bin/../lib/gcc/arm-none-eabi/10.3.1/thumb/v7-m/nofp\libgcc.a
LOAD c:/st/stm32cubeide_1.9.0/stm32cubeide/plugins/com.st.stm32cube.ide.mcu.externaltools.gnu-tools-for-stm32.10.3-2021.10.win32_1.0.0.202111181127/tools/bin/../lib/gcc/arm-none-eabi/10.3.1/../../../../arm-none-eabi/lib/thumb/v7-m/nofp\libc_nano.a
LOAD c:/st/stm32cubeide_1.9.0/stm32cubeide/plugins/com.st.stm32cube.ide.mcu.externaltools.gnu-tools-for-stm32.10.3-2021.10.win32_1.0.0.202111181127/tools/bin/../lib/gcc/arm-none-eabi/10.3.1/../../../../arm-none-eabi/lib/thumb/v7-m/nofp\libnosys.a
END GROUP
LOAD c:/st/stm32cubeide_1.9.0/stm32cubeide/plugins/com.st.stm32cube.ide.mcu.externaltools.gnu-tools-for-stm32.10.3-2021.10.win32_1.0.0.202111181127/tools/bin/../lib/gcc/arm-none-eabi/10.3.1/thumb/v7-m/nofp/crtend.o
LOAD c:/st/stm32cubeide_1.9.0/stm32cubeide/plugins/com.st.stm32cube.ide.mcu.externaltools.gnu-tools-for-stm32.10.3-2021.10.win32_1.0.0.202111181127/tools/bin/../lib/gcc/arm-none-eabi/10.3.1/thumb/v7-m/nofp/crtn.o
                0x0000000020020000                _estack = (ORIGIN (RAM) + LENGTH (RAM))
                0x0000000000000200                _Min_Heap_Size = 0x200
                0x0000000000000400                _Min_Stack_Size = 0x400

.isr_vector     0x0000000008000000      0x184
                0x0000000008000000                . = ALIGN (0x4)
 *(.isr_vector)
 .isr_vector    0x0000000008000000      0x184 ./Core/Startup/startup_stm32f205retx.o
                0x0000000008000000                g_pfnVectors
                0x0000000008000184                . = ALIGN (0x4)

.text           0x0000000008000188     0x5a64
                0x0000000008000188                . = ALIGN (0x4)
 *(.text)
 .text          0x0000000008000188       0x40 c:/st/stm32cubeide_1.9.0/stm32cubeide/plugins/com.st.stm32cube.ide.mcu.externaltools.gnu-tools-for-stm32.10.3-2021.10.win32_1.0.0.202111181127/tools/bin/../lib/gcc/arm-none-eabi/10.3.1/thumb/v7-m/nofp/crtbegin.o
 .text          0x00000000080001c8      0x254 c:/st/stm32cubeide_1.9.0/stm32cubeide/plugins/com.st.stm32cube.ide.mcu.externaltools.gnu-tools-for-stm32.10.3-2021.10.win32_1.0.0.202111181127/tools/bin/../lib/gcc/arm-none-eabi/10.3.1/thumb/v7-m/nofp\libgcc.a(_arm_muldf3.o)
                0x00000000080001c8                __muldf3
                0x00000000080001c8                __aeabi_dmul
 .text          0x000000000800041c      0x378 c:/st/stm32cubeide_1.9.0/stm32cubeide/plugins/com.st.stm32cube.ide.mcu.externaltools.gnu-tools-for-stm32.10.3-2021.10.win32_1.0.0.202111181127/tools/bin/../lib/gcc/arm-none-eabi/10.3.1/thumb/v7-m/nofp\libgcc.a(_arm_addsubdf3.o)
                0x000000000800041c                __aeabi_drsub
                0x0000000008000424                __aeabi_dsub
                0x0000000008000424                __subdf3
                0x0000000008000428                __aeabi_dadd
                0x0000000008000428                __adddf3
                0x00000000080006a0                __floatunsidf
                0x00000000080006a0                __aeabi_ui2d
                0x00000000080006c0                __floatsidf
                0x00000000080006c0                __aeabi_i2d
                0x00000000080006e4                __aeabi_f2d
                0x00000000080006e4                __extendsfdf2
                0x0000000008000728                __floatundidf
                0x0000000008000728                __aeabi_ul2d
                0x0000000008000738                __floatdidf
                0x0000000008000738                __aeabi_l2d
 .text          0x0000000008000794      0x110 c:/st/stm32cubeide_1.9.0/stm32cubeide/plugins/com.st.stm32cube.ide.mcu.externaltools.gnu-tools-for-stm32.10.3-2021.10.win32_1.0.0.202111181127/tools/bin/../lib/gcc/arm-none-eabi/10.3.1/thumb/v7-m/nofp\libgcc.a(_arm_cmpdf2.o)
                0x0000000008000794                __gtdf2
                0x0000000008000794                __gedf2
                0x000000000800079c                __ltdf2
                0x000000000800079c                __ledf2
                0x00000000080007a4                __nedf2
                0x00000000080007a4                __eqdf2
                0x00000000080007a4                __cmpdf2
                0x0000000008000820                __aeabi_cdrcmple
                0x0000000008000830                __aeabi_cdcmpeq
                0x0000000008000830                __aeabi_cdcmple
                0x0000000008000840                __aeabi_dcmpeq
                0x0000000008000854                __aeabi_dcmplt
                0x0000000008000868                __aeabi_dcmple
                0x000000000800087c                __aeabi_dcmpge
                0x0000000008000890                __aeabi_dcmpgt
 .text          0x00000000080008a4       0xa0 c:/st/stm32cubeide_1.9.0/stm32cubeide/plugins/com.st.stm32cube.ide.mcu.externaltools.gnu-tools-for-stm32.10.3-2021.10.win32_1.0.0.202111181127/tools/bin/../lib/gcc/arm-none-eabi/10.3.1/thumb/v7-m/nofp\libgcc.a(_arm_truncdfsf2.o)
                0x00000000080008a4                __truncdfsf2
                0x00000000080008a4                __aeabi_d2f
 .text          0x0000000008000944      0x21c c:/st/stm32cubeide_1.9.0/stm32cubeide/plugins/com.st.stm32cube.ide.mcu.externaltools.gnu-tools-for-stm32.10.3-2021.10.win32_1.0.0.202111181127/tools/bin/../lib/gcc/arm-none-eabi/10.3.1/thumb/v7-m/nofp\libgcc.a(_arm_addsubsf3.o)
                0x0000000008000944                __aeabi_frsub
                0x000000000800094c                __subsf3
                0x000000000800094c                __aeabi_fsub
                0x0000000008000950                __aeabi_fadd
                0x0000000008000950                __addsf3
                0x0000000008000ab0                __aeabi_ui2f
                0x0000000008000ab0                __floatunsisf
                0x0000000008000ab8                __aeabi_i2f
                0x0000000008000ab8                __floatsisf
                0x0000000008000ad4                __aeabi_ul2f
                0x0000000008000ad4                __floatundisf
                0x0000000008000ae4                __aeabi_l2f
                0x0000000008000ae4                __floatdisf
 .text          0x0000000008000b60      0x2a0 c:/st/stm32cubeide_1.9.0/stm32cubeide/plugins/com.st.stm32cube.ide.mcu.externaltools.gnu-tools-for-stm32.10.3-2021.10.win32_1.0.0.202111181127/tools/bin/../lib/gcc/arm-none-eabi/10.3.1/thumb/v7-m/nofp\libgcc.a(_arm_muldivsf3.o)
                0x0000000008000b60                __mulsf3
                0x0000000008000b60                __aeabi_fmul
                0x0000000008000cc8                __aeabi_fdiv
                0x0000000008000cc8                __divsf3
 .text          0x0000000008000e00       0xec c:/st/stm32cubeide_1.9.0/stm32cubeide/plugins/com.st.stm32cube.ide.mcu.externaltools.gnu-tools-for-stm32.10.3-2021.10.win32_1.0.0.202111181127/tools/bin/../lib/gcc/arm-none-eabi/10.3.1/thumb/v7-m/nofp\libgcc.a(_arm_cmpsf2.o)
                0x0000000008000e00                __gesf2
                0x0000000008000e00                __gtsf2
                0x0000000008000e08                __lesf2
                0x0000000008000e08                __ltsf2
                0x0000000008000e10                __nesf2
                0x0000000008000e10                __eqsf2
                0x0000000008000e10                __cmpsf2
                0x0000000008000e70                __aeabi_cfrcmple
                0x0000000008000e78                __aeabi_cfcmpeq
                0x0000000008000e78                __aeabi_cfcmple
                0x0000000008000e88                __aeabi_fcmpeq
                0x0000000008000e9c                __aeabi_fcmplt
                0x0000000008000eb0                __aeabi_fcmple
                0x0000000008000ec4                __aeabi_fcmpge
                0x0000000008000ed8                __aeabi_fcmpgt
 .text          0x0000000008000eec       0x40 c:/st/stm32cubeide_1.9.0/stm32cubeide/plugins/com.st.stm32cube.ide.mcu.externaltools.gnu-tools-for-stm32.10.3-2021.10.win32_1.0.0.202111181127/tools/bin/../lib/gcc/arm-none-eabi/10.3.1/thumb/v7-m/nofp\libgcc.a(_arm_fixunssfsi.o)
                0x0000000008000eec                __fixunssfsi
                0x0000000008000eec                __aeabi_f2uiz
 .text          0x0000000008000f2c       0x30 c:/st/stm32cubeide_1.9.0/stm32cubeide/plugins/com.st.stm32cube.ide.mcu.externaltools.gnu-tools-for-stm32.10.3-2021.10.win32_1.0.0.202111181127/tools/bin/../lib/gcc/arm-none-eabi/10.3.1/thumb/v7-m/nofp\libgcc.a(_aeabi_uldivmod.o)
                0x0000000008000f2c                __aeabi_uldivmod
 .text          0x0000000008000f5c      0x2d4 c:/st/stm32cubeide_1.9.0/stm32cubeide/plugins/com.st.stm32cube.ide.mcu.externaltools.gnu-tools-for-stm32.10.3-2021.10.win32_1.0.0.202111181127/tools/bin/../lib/gcc/arm-none-eabi/10.3.1/thumb/v7-m/nofp\libgcc.a(_udivmoddi4.o)
                0x0000000008000f5c                __udivmoddi4
 .text          0x0000000008001230        0x4 c:/st/stm32cubeide_1.9.0/stm32cubeide/plugins/com.st.stm32cube.ide.mcu.externaltools.gnu-tools-for-stm32.10.3-2021.10.win32_1.0.0.202111181127/tools/bin/../lib/gcc/arm-none-eabi/10.3.1/thumb/v7-m/nofp\libgcc.a(_dvmd_tls.o)
                0x0000000008001230                __aeabi_idiv0
                0x0000000008001230                __aeabi_ldiv0
 *(.text*)
 .text.move     0x0000000008001234       0x78 ./Core/Src/controller.o
                0x0000000008001234                move
 .text.turn     0x00000000080012ac       0x4a ./Core/Src/controller.o
                0x00000000080012ac                turn
 *fill*         0x00000000080012f6        0x2 
 .text.Delay_Init
                0x00000000080012f8       0x40 ./Core/Src/delay.o
                0x00000000080012f8                Delay_Init
 .text.delayMicroseconds
                0x0000000008001338       0x34 ./Core/Src/delay.o
                0x0000000008001338                delayMicroseconds
 .text.getRightEncoderCounts
                0x000000000800136c       0x1c ./Core/Src/encoders.o
                0x000000000800136c                getRightEncoderCounts
 .text.getLeftEncoderCounts
                0x0000000008001388       0x1c ./Core/Src/encoders.o
                0x0000000008001388                getLeftEncoderCounts
 .text.resetEncoders
                0x00000000080013a4       0x20 ./Core/Src/encoders.o
                0x00000000080013a4                resetEncoders
 .text.readIR   0x00000000080013c4       0xfc ./Core/Src/irs.o
                0x00000000080013c4                readIR
 .text.analogRead
                0x00000000080014c0       0xd0 ./Core/Src/irs.o
                0x00000000080014c0                analogRead
 .text.HAL_ADC_ConvCpltCallback
                0x0000000008001590       0x20 ./Core/Src/irs.o
                0x0000000008001590                HAL_ADC_ConvCpltCallback
 .text.main     0x00000000080015b0      0x19c ./Core/Src/main.o
                0x00000000080015b0                main
 .text.SystemClock_Config
                0x000000000800174c       0x76 ./Core/Src/main.o
                0x000000000800174c                SystemClock_Config
 *fill*         0x00000000080017c2        0x2 
 .text.MX_ADC1_Init
                0x00000000080017c4       0xa4 ./Core/Src/main.o
 .text.MX_TIM1_Init
                0x0000000008001868      0x150 ./Core/Src/main.o
 .text.MX_TIM3_Init
                0x00000000080019b8       0xa8 ./Core/Src/main.o
 .text.MX_TIM8_Init
                0x0000000008001a60       0xb0 ./Core/Src/main.o
 .text.MX_DMA_Init
                0x0000000008001b10       0x40 ./Core/Src/main.o
 .text.MX_GPIO_Init
                0x0000000008001b50      0x1c8 ./Core/Src/main.o
 .text.Get_HADC1_Ptr
                0x0000000008001d18       0x14 ./Core/Src/main.o
                0x0000000008001d18                Get_HADC1_Ptr
 .text.Error_Handler
                0x0000000008001d2c        0xa ./Core/Src/main.o
                0x0000000008001d2c                Error_Handler
 *fill*         0x0000000008001d36        0x2 
 .text.limitPWM
                0x0000000008001d38       0x60 ./Core/Src/motors.o
                0x0000000008001d38                limitPWM
 .text.setMotorLPWM
                0x0000000008001d98       0x78 ./Core/Src/motors.o
                0x0000000008001d98                setMotorLPWM
 .text.setMotorRPWM
                0x0000000008001e10       0x78 ./Core/Src/motors.o
                0x0000000008001e10                setMotorRPWM
 .text.resetMotors
                0x0000000008001e88       0x18 ./Core/Src/motors.o
                0x0000000008001e88                resetMotors
 .text.setPIDGoalD
                0x0000000008001ea0       0x28 ./Core/Src/pid.o
                0x0000000008001ea0                setPIDGoalD
 .text.setPIDGoalA
                0x0000000008001ec8       0x28 ./Core/Src/pid.o
                0x0000000008001ec8                setPIDGoalA
 .text.setState
                0x0000000008001ef0       0x20 ./Core/Src/pid.o
                0x0000000008001ef0                setState
 .text.setIRGoals
                0x0000000008001f10       0x64 ./Core/Src/pid.o
                0x0000000008001f10                setIRGoals
 .text.setIRAngle
                0x0000000008001f74      0x148 ./Core/Src/pid.o
                0x0000000008001f74                setIRAngle
 .text.accelerateLeftPWM
                0x00000000080020bc        0xe ./Core/Src/pid.o
                0x00000000080020bc                accelerateLeftPWM
 .text.accelerateRightPWM
                0x00000000080020ca        0xe ./Core/Src/pid.o
                0x00000000080020ca                accelerateRightPWM
 .text.PDController
                0x00000000080020d8      0x434 ./Core/Src/pid.o
                0x00000000080020d8                PDController
 *fill*         0x000000000800250c        0x4 
 .text.updatePID
                0x0000000008002510      0x52c ./Core/Src/pid.o
                0x0000000008002510                updatePID
 .text.PIDdone  0x0000000008002a3c       0x24 ./Core/Src/pid.o
                0x0000000008002a3c                PIDdone
 .text.resetPID
                0x0000000008002a60      0x14c ./Core/Src/pid.o
                0x0000000008002a60                resetPID
 .text.HAL_MspInit
                0x0000000008002bac       0x4c ./Core/Src/stm32f2xx_hal_msp.o
                0x0000000008002bac                HAL_MspInit
 .text.HAL_ADC_MspInit
                0x0000000008002bf8      0x128 ./Core/Src/stm32f2xx_hal_msp.o
                0x0000000008002bf8                HAL_ADC_MspInit
 .text.HAL_TIM_PWM_MspInit
                0x0000000008002d20       0x40 ./Core/Src/stm32f2xx_hal_msp.o
                0x0000000008002d20                HAL_TIM_PWM_MspInit
 .text.HAL_TIM_Encoder_MspInit
                0x0000000008002d60       0xfc ./Core/Src/stm32f2xx_hal_msp.o
                0x0000000008002d60                HAL_TIM_Encoder_MspInit
 .text.HAL_TIM_MspPostInit
                0x0000000008002e5c       0x74 ./Core/Src/stm32f2xx_hal_msp.o
                0x0000000008002e5c                HAL_TIM_MspPostInit
 .text.NMI_Handler
                0x0000000008002ed0        0x6 ./Core/Src/stm32f2xx_it.o
                0x0000000008002ed0                NMI_Handler
 .text.HardFault_Handler
                0x0000000008002ed6        0x6 ./Core/Src/stm32f2xx_it.o
                0x0000000008002ed6                HardFault_Handler
 .text.MemManage_Handler
                0x0000000008002edc        0x6 ./Core/Src/stm32f2xx_it.o
                0x0000000008002edc                MemManage_Handler
 .text.BusFault_Handler
                0x0000000008002ee2        0x6 ./Core/Src/stm32f2xx_it.o
                0x0000000008002ee2                BusFault_Handler
 .text.UsageFault_Handler
                0x0000000008002ee8        0x6 ./Core/Src/stm32f2xx_it.o
                0x0000000008002ee8                UsageFault_Handler
 .text.SVC_Handler
                0x0000000008002eee        0xc ./Core/Src/stm32f2xx_it.o
                0x0000000008002eee                SVC_Handler
 .text.DebugMon_Handler
                0x0000000008002efa        0xc ./Core/Src/stm32f2xx_it.o
                0x0000000008002efa                DebugMon_Handler
 .text.PendSV_Handler
                0x0000000008002f06        0xc ./Core/Src/stm32f2xx_it.o
                0x0000000008002f06                PendSV_Handler
 .text.SysTick_Handler
                0x0000000008002f12       0x10 ./Core/Src/stm32f2xx_it.o
                0x0000000008002f12                SysTick_Handler
 *fill*         0x0000000008002f22        0x2 
 .text.DMA2_Stream0_IRQHandler
                0x0000000008002f24       0x14 ./Core/Src/stm32f2xx_it.o
                0x0000000008002f24                DMA2_Stream0_IRQHandler
 .text.SystemInit
                0x0000000008002f38        0xc ./Core/Src/system_stm32f2xx.o
                0x0000000008002f38                SystemInit
 .text.SysTickFunction
                0x0000000008002f44       0x78 ./Core/Src/systick.o
                0x0000000008002f44                SysTickFunction
 .text.sign     0x0000000008002fbc       0x3c ./Core/Src/utility.o
                0x0000000008002fbc                sign
 .text.Reset_Handler
                0x0000000008002ff8       0x50 ./Core/Startup/startup_stm32f205retx.o
                0x0000000008002ff8                Reset_Handler
 .text.Default_Handler
                0x0000000008003048        0x2 ./Core/Startup/startup_stm32f205retx.o
                0x0000000008003048                RTC_Alarm_IRQHandler
                0x0000000008003048                HASH_RNG_IRQHandler
                0x0000000008003048                EXTI2_IRQHandler
                0x0000000008003048                TIM8_CC_IRQHandler
                0x0000000008003048                TIM1_CC_IRQHandler
                0x0000000008003048                DMA2_Stream5_IRQHandler
                0x0000000008003048                DMA1_Stream5_IRQHandler
                0x0000000008003048                PVD_IRQHandler
                0x0000000008003048                SDIO_IRQHandler
                0x0000000008003048                TAMP_STAMP_IRQHandler
                0x0000000008003048                CAN2_RX1_IRQHandler
                0x0000000008003048                EXTI3_IRQHandler
                0x0000000008003048                TIM8_TRG_COM_TIM14_IRQHandler
                0x0000000008003048                TIM1_UP_TIM10_IRQHandler
                0x0000000008003048                TIM8_UP_TIM13_IRQHandler
                0x0000000008003048                I2C3_ER_IRQHandler
                0x0000000008003048                EXTI0_IRQHandler
                0x0000000008003048                I2C2_EV_IRQHandler
                0x0000000008003048                DMA1_Stream2_IRQHandler
                0x0000000008003048                CAN1_RX0_IRQHandler
                0x0000000008003048                OTG_HS_WKUP_IRQHandler
                0x0000000008003048                CAN2_SCE_IRQHandler
                0x0000000008003048                DMA2_Stream2_IRQHandler
                0x0000000008003048                SPI1_IRQHandler
                0x0000000008003048                TIM6_DAC_IRQHandler
                0x0000000008003048                TIM1_BRK_TIM9_IRQHandler
                0x0000000008003048                CAN2_RX0_IRQHandler
                0x0000000008003048                DMA2_Stream3_IRQHandler
                0x0000000008003048                USART6_IRQHandler
                0x0000000008003048                USART3_IRQHandler
                0x0000000008003048                CAN1_RX1_IRQHandler
                0x0000000008003048                UART5_IRQHandler
                0x0000000008003048                TIM4_IRQHandler
                0x0000000008003048                I2C1_EV_IRQHandler
                0x0000000008003048                DMA1_Stream6_IRQHandler
                0x0000000008003048                DMA1_Stream1_IRQHandler
                0x0000000008003048                UART4_IRQHandler
                0x0000000008003048                TIM3_IRQHandler
                0x0000000008003048                RCC_IRQHandler
                0x0000000008003048                TIM8_BRK_TIM12_IRQHandler
                0x0000000008003048                Default_Handler
                0x0000000008003048                EXTI15_10_IRQHandler
                0x0000000008003048                ADC_IRQHandler
                0x0000000008003048                DMA1_Stream7_IRQHandler
                0x0000000008003048                TIM7_IRQHandler
                0x0000000008003048                CAN2_TX_IRQHandler
                0x0000000008003048                TIM5_IRQHandler
                0x0000000008003048                DMA2_Stream7_IRQHandler
                0x0000000008003048                I2C3_EV_IRQHandler
                0x0000000008003048                EXTI9_5_IRQHandler
                0x0000000008003048                RTC_WKUP_IRQHandler
                0x0000000008003048                SPI2_IRQHandler
                0x0000000008003048                OTG_HS_EP1_IN_IRQHandler
                0x0000000008003048                DMA1_Stream0_IRQHandler
                0x0000000008003048                CAN1_TX_IRQHandler
                0x0000000008003048                EXTI4_IRQHandler
                0x0000000008003048                FSMC_IRQHandler
                0x0000000008003048                OTG_HS_EP1_OUT_IRQHandler
                0x0000000008003048                WWDG_IRQHandler
                0x0000000008003048                TIM2_IRQHandler
                0x0000000008003048                OTG_FS_WKUP_IRQHandler
                0x0000000008003048                TIM1_TRG_COM_TIM11_IRQHandler
                0x0000000008003048                OTG_HS_IRQHandler
                0x0000000008003048                EXTI1_IRQHandler
                0x0000000008003048                USART2_IRQHandler
                0x0000000008003048                I2C2_ER_IRQHandler
                0x0000000008003048                DMA2_Stream1_IRQHandler
                0x0000000008003048                CAN1_SCE_IRQHandler
                0x0000000008003048                FLASH_IRQHandler
                0x0000000008003048                DMA2_Stream4_IRQHandler
                0x0000000008003048                USART1_IRQHandler
                0x0000000008003048                OTG_FS_IRQHandler
                0x0000000008003048                SPI3_IRQHandler
                0x0000000008003048                DMA1_Stream4_IRQHandler
                0x0000000008003048                I2C1_ER_IRQHandler
                0x0000000008003048                DMA2_Stream6_IRQHandler
                0x0000000008003048                DMA1_Stream3_IRQHandler
 *fill*         0x000000000800304a        0x2 
 .text.HAL_Init
                0x000000000800304c       0x44 ./Drivers/STM32F2xx_HAL_Driver/Src/stm32f2xx_hal.o
                0x000000000800304c                HAL_Init
 .text.HAL_InitTick
                0x0000000008003090       0x60 ./Drivers/STM32F2xx_HAL_Driver/Src/stm32f2xx_hal.o
                0x0000000008003090                HAL_InitTick
 .text.HAL_IncTick
                0x00000000080030f0       0x24 ./Drivers/STM32F2xx_HAL_Driver/Src/stm32f2xx_hal.o
                0x00000000080030f0                HAL_IncTick
 .text.HAL_GetTick
                0x0000000008003114       0x14 ./Drivers/STM32F2xx_HAL_Driver/Src/stm32f2xx_hal.o
                0x0000000008003114                HAL_GetTick
 .text.HAL_ADC_Init
                0x0000000008003128       0x86 ./Drivers/STM32F2xx_HAL_Driver/Src/stm32f2xx_hal_adc.o
                0x0000000008003128                HAL_ADC_Init
 *fill*         0x00000000080031ae        0x2 
 .text.HAL_ADC_Start_DMA
                0x00000000080031b0      0x1bc ./Drivers/STM32F2xx_HAL_Driver/Src/stm32f2xx_hal_adc.o
                0x00000000080031b0                HAL_ADC_Start_DMA
 .text.HAL_ADC_Stop_DMA
                0x000000000800336c       0xa2 ./Drivers/STM32F2xx_HAL_Driver/Src/stm32f2xx_hal_adc.o
                0x000000000800336c                HAL_ADC_Stop_DMA
 .text.HAL_ADC_ConvHalfCpltCallback
                0x000000000800340e       0x12 ./Drivers/STM32F2xx_HAL_Driver/Src/stm32f2xx_hal_adc.o
                0x000000000800340e                HAL_ADC_ConvHalfCpltCallback
 .text.HAL_ADC_ErrorCallback
                0x0000000008003420       0x12 ./Drivers/STM32F2xx_HAL_Driver/Src/stm32f2xx_hal_adc.o
                0x0000000008003420                HAL_ADC_ErrorCallback
 *fill*         0x0000000008003432        0x2 
 .text.HAL_ADC_ConfigChannel
                0x0000000008003434      0x240 ./Drivers/STM32F2xx_HAL_Driver/Src/stm32f2xx_hal_adc.o
                0x0000000008003434                HAL_ADC_ConfigChannel
 .text.ADC_Init
                0x0000000008003674      0x20c ./Drivers/STM32F2xx_HAL_Driver/Src/stm32f2xx_hal_adc.o
 .text.ADC_DMAConvCplt
                0x0000000008003880       0xba ./Drivers/STM32F2xx_HAL_Driver/Src/stm32f2xx_hal_adc.o
 .text.ADC_DMAHalfConvCplt
                0x000000000800393a       0x1c ./Drivers/STM32F2xx_HAL_Driver/Src/stm32f2xx_hal_adc.o
 .text.ADC_DMAError
                0x0000000008003956       0x2e ./Drivers/STM32F2xx_HAL_Driver/Src/stm32f2xx_hal_adc.o
 .text.__NVIC_SetPriorityGrouping
                0x0000000008003984       0x48 ./Drivers/STM32F2xx_HAL_Driver/Src/stm32f2xx_hal_cortex.o
 .text.__NVIC_GetPriorityGrouping
                0x00000000080039cc       0x1c ./Drivers/STM32F2xx_HAL_Driver/Src/stm32f2xx_hal_cortex.o
 .text.__NVIC_EnableIRQ
                0x00000000080039e8       0x38 ./Drivers/STM32F2xx_HAL_Driver/Src/stm32f2xx_hal_cortex.o
 .text.__NVIC_SetPriority
                0x0000000008003a20       0x54 ./Drivers/STM32F2xx_HAL_Driver/Src/stm32f2xx_hal_cortex.o
 .text.NVIC_EncodePriority
                0x0000000008003a74       0x64 ./Drivers/STM32F2xx_HAL_Driver/Src/stm32f2xx_hal_cortex.o
 .text.SysTick_Config
                0x0000000008003ad8       0x44 ./Drivers/STM32F2xx_HAL_Driver/Src/stm32f2xx_hal_cortex.o
 .text.HAL_NVIC_SetPriorityGrouping
                0x0000000008003b1c       0x16 ./Drivers/STM32F2xx_HAL_Driver/Src/stm32f2xx_hal_cortex.o
                0x0000000008003b1c                HAL_NVIC_SetPriorityGrouping
 .text.HAL_NVIC_SetPriority
                0x0000000008003b32       0x38 ./Drivers/STM32F2xx_HAL_Driver/Src/stm32f2xx_hal_cortex.o
                0x0000000008003b32                HAL_NVIC_SetPriority
 .text.HAL_NVIC_EnableIRQ
                0x0000000008003b6a       0x1c ./Drivers/STM32F2xx_HAL_Driver/Src/stm32f2xx_hal_cortex.o
                0x0000000008003b6a                HAL_NVIC_EnableIRQ
 .text.HAL_SYSTICK_Config
                0x0000000008003b86       0x18 ./Drivers/STM32F2xx_HAL_Driver/Src/stm32f2xx_hal_cortex.o
                0x0000000008003b86                HAL_SYSTICK_Config
 *fill*         0x0000000008003b9e        0x2 
 .text.HAL_DMA_Init
                0x0000000008003ba0      0x15c ./Drivers/STM32F2xx_HAL_Driver/Src/stm32f2xx_hal_dma.o
                0x0000000008003ba0                HAL_DMA_Init
 .text.HAL_DMA_Start_IT
                0x0000000008003cfc       0xb0 ./Drivers/STM32F2xx_HAL_Driver/Src/stm32f2xx_hal_dma.o
                0x0000000008003cfc                HAL_DMA_Start_IT
 .text.HAL_DMA_Abort
                0x0000000008003dac       0xe0 ./Drivers/STM32F2xx_HAL_Driver/Src/stm32f2xx_hal_dma.o
                0x0000000008003dac                HAL_DMA_Abort
 .text.HAL_DMA_IRQHandler
                0x0000000008003e8c      0x314 ./Drivers/STM32F2xx_HAL_Driver/Src/stm32f2xx_hal_dma.o
                0x0000000008003e8c                HAL_DMA_IRQHandler
 .text.DMA_SetConfig
                0x00000000080041a0       0x5a ./Drivers/STM32F2xx_HAL_Driver/Src/stm32f2xx_hal_dma.o
 *fill*         0x00000000080041fa        0x2 
 .text.DMA_CalcBaseAndBitshift
                0x00000000080041fc       0x68 ./Drivers/STM32F2xx_HAL_Driver/Src/stm32f2xx_hal_dma.o
 .text.DMA_CheckFifoParam
                0x0000000008004264       0xf4 ./Drivers/STM32F2xx_HAL_Driver/Src/stm32f2xx_hal_dma.o
 .text.HAL_GPIO_Init
                0x0000000008004358      0x33c ./Drivers/STM32F2xx_HAL_Driver/Src/stm32f2xx_hal_gpio.o
                0x0000000008004358                HAL_GPIO_Init
 .text.HAL_GPIO_ReadPin
                0x0000000008004694       0x2e ./Drivers/STM32F2xx_HAL_Driver/Src/stm32f2xx_hal_gpio.o
                0x0000000008004694                HAL_GPIO_ReadPin
 .text.HAL_GPIO_WritePin
                0x00000000080046c2       0x30 ./Drivers/STM32F2xx_HAL_Driver/Src/stm32f2xx_hal_gpio.o
                0x00000000080046c2                HAL_GPIO_WritePin
 *fill*         0x00000000080046f2        0x2 
 .text.HAL_RCC_OscConfig
                0x00000000080046f4      0x49c ./Drivers/STM32F2xx_HAL_Driver/Src/stm32f2xx_hal_rcc.o
                0x00000000080046f4                HAL_RCC_OscConfig
 .text.HAL_RCC_ClockConfig
                0x0000000008004b90      0x1d8 ./Drivers/STM32F2xx_HAL_Driver/Src/stm32f2xx_hal_rcc.o
                0x0000000008004b90                HAL_RCC_ClockConfig
 .text.HAL_RCC_GetSysClockFreq
                0x0000000008004d68      0x18c ./Drivers/STM32F2xx_HAL_Driver/Src/stm32f2xx_hal_rcc.o
                0x0000000008004d68                HAL_RCC_GetSysClockFreq
 .text.HAL_TIM_PWM_Init
                0x0000000008004ef4       0x9e ./Drivers/STM32F2xx_HAL_Driver/Src/stm32f2xx_hal_tim.o
                0x0000000008004ef4                HAL_TIM_PWM_Init
 *fill*         0x0000000008004f92        0x2 
 .text.HAL_TIM_PWM_Start
                0x0000000008004f94      0x190 ./Drivers/STM32F2xx_HAL_Driver/Src/stm32f2xx_hal_tim.o
                0x0000000008004f94                HAL_TIM_PWM_Start
 .text.HAL_TIM_Encoder_Init
                0x0000000008005124      0x14c ./Drivers/STM32F2xx_HAL_Driver/Src/stm32f2xx_hal_tim.o
                0x0000000008005124                HAL_TIM_Encoder_Init
 .text.HAL_TIM_Encoder_Start
                0x0000000008005270      0x11c ./Drivers/STM32F2xx_HAL_Driver/Src/stm32f2xx_hal_tim.o
                0x0000000008005270                HAL_TIM_Encoder_Start
 .text.HAL_TIM_PWM_ConfigChannel
                0x000000000800538c      0x17c ./Drivers/STM32F2xx_HAL_Driver/Src/stm32f2xx_hal_tim.o
                0x000000000800538c                HAL_TIM_PWM_ConfigChannel
 .text.TIM_Base_SetConfig
                0x0000000008005508      0x13c ./Drivers/STM32F2xx_HAL_Driver/Src/stm32f2xx_hal_tim.o
                0x0000000008005508                TIM_Base_SetConfig
 .text.TIM_OC1_SetConfig
                0x0000000008005644       0xe0 ./Drivers/STM32F2xx_HAL_Driver/Src/stm32f2xx_hal_tim.o
 .text.TIM_OC2_SetConfig
                0x0000000008005724       0xe8 ./Drivers/STM32F2xx_HAL_Driver/Src/stm32f2xx_hal_tim.o
                0x0000000008005724                TIM_OC2_SetConfig
 .text.TIM_OC3_SetConfig
                0x000000000800580c       0xe8 ./Drivers/STM32F2xx_HAL_Driver/Src/stm32f2xx_hal_tim.o
 .text.TIM_OC4_SetConfig
                0x00000000080058f4       0xa8 ./Drivers/STM32F2xx_HAL_Driver/Src/stm32f2xx_hal_tim.o
 .text.TIM_CCxChannelCmd
                0x000000000800599c       0x48 ./Drivers/STM32F2xx_HAL_Driver/Src/stm32f2xx_hal_tim.o
                0x000000000800599c                TIM_CCxChannelCmd
 .text.HAL_TIMEx_MasterConfigSynchronization
                0x00000000080059e4       0xf4 ./Drivers/STM32F2xx_HAL_Driver/Src/stm32f2xx_hal_tim_ex.o
                0x00000000080059e4                HAL_TIMEx_MasterConfigSynchronization
 .text.HAL_TIMEx_ConfigBreakDeadTime
                0x0000000008005ad8       0xa2 ./Drivers/STM32F2xx_HAL_Driver/Src/stm32f2xx_hal_tim_ex.o
                0x0000000008005ad8                HAL_TIMEx_ConfigBreakDeadTime
 *fill*         0x0000000008005b7a        0x2 
 .text.__libc_init_array
                0x0000000008005b7c       0x48 c:/st/stm32cubeide_1.9.0/stm32cubeide/plugins/com.st.stm32cube.ide.mcu.externaltools.gnu-tools-for-stm32.10.3-2021.10.win32_1.0.0.202111181127/tools/bin/../lib/gcc/arm-none-eabi/10.3.1/../../../../arm-none-eabi/lib/thumb/v7-m/nofp\libc_nano.a(lib_a-init.o)
                0x0000000008005b7c                __libc_init_array
 .text.memset   0x0000000008005bc4       0x10 c:/st/stm32cubeide_1.9.0/stm32cubeide/plugins/com.st.stm32cube.ide.mcu.externaltools.gnu-tools-for-stm32.10.3-2021.10.win32_1.0.0.202111181127/tools/bin/../lib/gcc/arm-none-eabi/10.3.1/../../../../arm-none-eabi/lib/thumb/v7-m/nofp\libc_nano.a(lib_a-memset.o)
                0x0000000008005bc4                memset
 *(.glue_7)
 .glue_7        0x0000000008005bd4        0x0 linker stubs
 *(.glue_7t)
 .glue_7t       0x0000000008005bd4        0x0 linker stubs
 *(.eh_frame)
 .eh_frame      0x0000000008005bd4        0x0 c:/st/stm32cubeide_1.9.0/stm32cubeide/plugins/com.st.stm32cube.ide.mcu.externaltools.gnu-tools-for-stm32.10.3-2021.10.win32_1.0.0.202111181127/tools/bin/../lib/gcc/arm-none-eabi/10.3.1/thumb/v7-m/nofp/crtbegin.o
 *(.init)
 .init          0x0000000008005bd4        0x4 c:/st/stm32cubeide_1.9.0/stm32cubeide/plugins/com.st.stm32cube.ide.mcu.externaltools.gnu-tools-for-stm32.10.3-2021.10.win32_1.0.0.202111181127/tools/bin/../lib/gcc/arm-none-eabi/10.3.1/thumb/v7-m/nofp/crti.o
                0x0000000008005bd4                _init
 .init          0x0000000008005bd8        0x8 c:/st/stm32cubeide_1.9.0/stm32cubeide/plugins/com.st.stm32cube.ide.mcu.externaltools.gnu-tools-for-stm32.10.3-2021.10.win32_1.0.0.202111181127/tools/bin/../lib/gcc/arm-none-eabi/10.3.1/thumb/v7-m/nofp/crtn.o
 *(.fini)
 .fini          0x0000000008005be0        0x4 c:/st/stm32cubeide_1.9.0/stm32cubeide/plugins/com.st.stm32cube.ide.mcu.externaltools.gnu-tools-for-stm32.10.3-2021.10.win32_1.0.0.202111181127/tools/bin/../lib/gcc/arm-none-eabi/10.3.1/thumb/v7-m/nofp/crti.o
                0x0000000008005be0                _fini
 .fini          0x0000000008005be4        0x8 c:/st/stm32cubeide_1.9.0/stm32cubeide/plugins/com.st.stm32cube.ide.mcu.externaltools.gnu-tools-for-stm32.10.3-2021.10.win32_1.0.0.202111181127/tools/bin/../lib/gcc/arm-none-eabi/10.3.1/thumb/v7-m/nofp/crtn.o
                0x0000000008005bec                . = ALIGN (0x4)
                0x0000000008005bec                _etext = .

.vfp11_veneer   0x0000000008005bec        0x0
 .vfp11_veneer  0x0000000008005bec        0x0 linker stubs

.v4_bx          0x0000000008005bec        0x0
 .v4_bx         0x0000000008005bec        0x0 linker stubs

.iplt           0x0000000008005bec        0x0
 .iplt          0x0000000008005bec        0x0 c:/st/stm32cubeide_1.9.0/stm32cubeide/plugins/com.st.stm32cube.ide.mcu.externaltools.gnu-tools-for-stm32.10.3-2021.10.win32_1.0.0.202111181127/tools/bin/../lib/gcc/arm-none-eabi/10.3.1/thumb/v7-m/nofp/crtbegin.o

.rodata         0x0000000008005bec       0x18
                0x0000000008005bec                . = ALIGN (0x4)
 *(.rodata)
 *(.rodata*)
 .rodata.AHBPrescTable
                0x0000000008005bec       0x10 ./Core/Src/system_stm32f2xx.o
                0x0000000008005bec                AHBPrescTable
 .rodata.flagBitshiftOffset.0
                0x0000000008005bfc        0x8 ./Drivers/STM32F2xx_HAL_Driver/Src/stm32f2xx_hal_dma.o
                0x0000000008005c04                . = ALIGN (0x4)

.ARM.extab      0x0000000008005c04        0x0
                0x0000000008005c04                . = ALIGN (0x4)
 *(.ARM.extab* .gnu.linkonce.armextab.*)
                0x0000000008005c04                . = ALIGN (0x4)

.ARM            0x0000000008005c04        0x8
                0x0000000008005c04                . = ALIGN (0x4)
                0x0000000008005c04                __exidx_start = .
 *(.ARM.exidx*)
 .ARM.exidx     0x0000000008005c04        0x8 c:/st/stm32cubeide_1.9.0/stm32cubeide/plugins/com.st.stm32cube.ide.mcu.externaltools.gnu-tools-for-stm32.10.3-2021.10.win32_1.0.0.202111181127/tools/bin/../lib/gcc/arm-none-eabi/10.3.1/thumb/v7-m/nofp\libgcc.a(_udivmoddi4.o)
                0x0000000008005c0c                __exidx_end = .
                0x0000000008005c0c                . = ALIGN (0x4)

.rel.dyn        0x0000000008005c0c        0x0
 .rel.iplt      0x0000000008005c0c        0x0 c:/st/stm32cubeide_1.9.0/stm32cubeide/plugins/com.st.stm32cube.ide.mcu.externaltools.gnu-tools-for-stm32.10.3-2021.10.win32_1.0.0.202111181127/tools/bin/../lib/gcc/arm-none-eabi/10.3.1/thumb/v7-m/nofp/crtbegin.o

.preinit_array  0x0000000008005c0c        0x0
                0x0000000008005c0c                . = ALIGN (0x4)
                0x0000000008005c0c                PROVIDE (__preinit_array_start = .)
 *(.preinit_array*)
                0x0000000008005c0c                PROVIDE (__preinit_array_end = .)
                0x0000000008005c0c                . = ALIGN (0x4)

.init_array     0x0000000008005c0c        0x4
                0x0000000008005c0c                . = ALIGN (0x4)
                0x0000000008005c0c                PROVIDE (__init_array_start = .)
 *(SORT_BY_NAME(.init_array.*))
 *(.init_array*)
 .init_array    0x0000000008005c0c        0x4 c:/st/stm32cubeide_1.9.0/stm32cubeide/plugins/com.st.stm32cube.ide.mcu.externaltools.gnu-tools-for-stm32.10.3-2021.10.win32_1.0.0.202111181127/tools/bin/../lib/gcc/arm-none-eabi/10.3.1/thumb/v7-m/nofp/crtbegin.o
                0x0000000008005c10                PROVIDE (__init_array_end = .)
                0x0000000008005c10                . = ALIGN (0x4)

.fini_array     0x0000000008005c10        0x4
                0x0000000008005c10                . = ALIGN (0x4)
                [!provide]                        PROVIDE (__fini_array_start = .)
 *(SORT_BY_NAME(.fini_array.*))
 *(.fini_array*)
 .fini_array    0x0000000008005c10        0x4 c:/st/stm32cubeide_1.9.0/stm32cubeide/plugins/com.st.stm32cube.ide.mcu.externaltools.gnu-tools-for-stm32.10.3-2021.10.win32_1.0.0.202111181127/tools/bin/../lib/gcc/arm-none-eabi/10.3.1/thumb/v7-m/nofp/crtbegin.o
                [!provide]                        PROVIDE (__fini_array_end = .)
                0x0000000008005c14                . = ALIGN (0x4)
                0x0000000008005c14                _sidata = LOADADDR (.data)

.data           0x0000000020000000       0x10 load address 0x0000000008005c14
                0x0000000020000000                . = ALIGN (0x4)
                0x0000000020000000                _sdata = .
 *(.data)
 *(.data*)
 .data.usDelay  0x0000000020000000        0x4 ./Core/Src/irs.o
                0x0000000020000000                usDelay
 .data.SystemCoreClock
                0x0000000020000004        0x4 ./Core/Src/system_stm32f2xx.o
                0x0000000020000004                SystemCoreClock
 .data.uwTickPrio
                0x0000000020000008        0x4 ./Drivers/STM32F2xx_HAL_Driver/Src/stm32f2xx_hal.o
                0x0000000020000008                uwTickPrio
 .data.uwTickFreq
                0x000000002000000c        0x1 ./Drivers/STM32F2xx_HAL_Driver/Src/stm32f2xx_hal.o
                0x000000002000000c                uwTickFreq
 *(.RamFunc)
 *(.RamFunc*)
                0x0000000020000010                . = ALIGN (0x4)
 *fill*         0x000000002000000d        0x3 
                0x0000000020000010                _edata = .

.igot.plt       0x0000000020000010        0x0 load address 0x0000000008005c24
 .igot.plt      0x0000000020000010        0x0 c:/st/stm32cubeide_1.9.0/stm32cubeide/plugins/com.st.stm32cube.ide.mcu.externaltools.gnu-tools-for-stm32.10.3-2021.10.win32_1.0.0.202111181127/tools/bin/../lib/gcc/arm-none-eabi/10.3.1/thumb/v7-m/nofp/crtbegin.o
                0x0000000020000010                . = ALIGN (0x4)

.bss            0x0000000020000010      0x3a8 load address 0x0000000008005c24
                0x0000000020000010                _sbss = .
                0x0000000020000010                __bss_start__ = _sbss
 *(.bss)
 .bss           0x0000000020000010       0x1c c:/st/stm32cubeide_1.9.0/stm32cubeide/plugins/com.st.stm32cube.ide.mcu.externaltools.gnu-tools-for-stm32.10.3-2021.10.win32_1.0.0.202111181127/tools/bin/../lib/gcc/arm-none-eabi/10.3.1/thumb/v7-m/nofp/crtbegin.o
 *(.bss*)
 .bss.adc_buf   0x000000002000002c      0x100 ./Core/Src/irs.o
                0x000000002000002c                adc_buf
 .bss.complete  0x000000002000012c        0x1 ./Core/Src/irs.o
                0x000000002000012c                complete
 *fill*         0x000000002000012d        0x3 
 .bss.hadc1     0x0000000020000130       0x48 ./Core/Src/main.o
                0x0000000020000130                hadc1
 .bss.hdma_adc1
                0x0000000020000178       0x60 ./Core/Src/main.o
                0x0000000020000178                hdma_adc1
 .bss.htim1     0x00000000200001d8       0x48 ./Core/Src/main.o
                0x00000000200001d8                htim1
 .bss.htim3     0x0000000020000220       0x48 ./Core/Src/main.o
                0x0000000020000220                htim3
 .bss.htim8     0x0000000020000268       0x48 ./Core/Src/main.o
                0x0000000020000268                htim8
 .bss.start_pressed
                0x00000000200002b0        0x2 ./Core/Src/main.o
                0x00000000200002b0                start_pressed
 .bss.left_counts
                0x00000000200002b2        0x2 ./Core/Src/main.o
                0x00000000200002b2                left_counts
 .bss.right_counts
                0x00000000200002b4        0x2 ./Core/Src/main.o
                0x00000000200002b4                right_counts
 .bss.forwardLeftIRvalue
                0x00000000200002b6        0x2 ./Core/Src/main.o
                0x00000000200002b6                forwardLeftIRvalue
 .bss.leftIRvalue
                0x00000000200002b8        0x2 ./Core/Src/main.o
                0x00000000200002b8                leftIRvalue
 .bss.rightIRvalue
                0x00000000200002ba        0x2 ./Core/Src/main.o
                0x00000000200002ba                rightIRvalue
 .bss.forwardRightIRvalue
                0x00000000200002bc        0x2 ./Core/Src/main.o
                0x00000000200002bc                forwardRightIRvalue
 .bss.irOffset_Set
                0x00000000200002be        0x2 ./Core/Src/main.o
                0x00000000200002be                irOffset_Set
 .bss.goal_forward_left
                0x00000000200002c0        0x2 ./Core/Src/main.o
                0x00000000200002c0                goal_forward_left
 .bss.goal_forward_right
                0x00000000200002c2        0x2 ./Core/Src/main.o
                0x00000000200002c2                goal_forward_right
 .bss.goal_left
                0x00000000200002c4        0x2 ./Core/Src/main.o
                0x00000000200002c4                goal_left
 .bss.goal_right
                0x00000000200002c6        0x2 ./Core/Src/main.o
                0x00000000200002c6                goal_right
 .bss.goal_distance
                0x00000000200002c8        0x4 ./Core/Src/pid.o
                0x00000000200002c8                goal_distance
 .bss.goal_angle
                0x00000000200002cc        0x4 ./Core/Src/pid.o
                0x00000000200002cc                goal_angle
 .bss.IRAngleOffset
                0x00000000200002d0        0x2 ./Core/Src/pid.o
                0x00000000200002d0                IRAngleOffset
 *fill*         0x00000000200002d2        0x2 
 .bss.angleError
                0x00000000200002d4        0x4 ./Core/Src/pid.o
                0x00000000200002d4                angleError
 .bss.oldAngleError
                0x00000000200002d8        0x4 ./Core/Src/pid.o
                0x00000000200002d8                oldAngleError
 .bss.oldAngleErrors
                0x00000000200002dc       0x28 ./Core/Src/pid.o
                0x00000000200002dc                oldAngleErrors
 .bss.angleCorrection
                0x0000000020000304        0x4 ./Core/Src/pid.o
                0x0000000020000304                angleCorrection
 .bss.distanceError
                0x0000000020000308        0x4 ./Core/Src/pid.o
                0x0000000020000308                distanceError
 .bss.oldDistanceError
                0x000000002000030c        0x4 ./Core/Src/pid.o
                0x000000002000030c                oldDistanceError
 .bss.oldDistanceErrors
                0x0000000020000310       0x28 ./Core/Src/pid.o
                0x0000000020000310                oldDistanceErrors
 .bss.distanceCorrection
                0x0000000020000338        0x4 ./Core/Src/pid.o
                0x0000000020000338                distanceCorrection
 .bss.oldDistanceCorrection
                0x000000002000033c        0x4 ./Core/Src/pid.o
                0x000000002000033c                oldDistanceCorrection
 .bss.left_distance
                0x0000000020000340        0x4 ./Core/Src/pid.o
                0x0000000020000340                left_distance
 .bss.old_left_distance
                0x0000000020000344        0x4 ./Core/Src/pid.o
                0x0000000020000344                old_left_distance
 .bss.old_left_distances
                0x0000000020000348       0x28 ./Core/Src/pid.o
                0x0000000020000348                old_left_distances
 .bss.right_distance
                0x0000000020000370        0x4 ./Core/Src/pid.o
                0x0000000020000370                right_distance
 .bss.old_right_distance
                0x0000000020000374        0x4 ./Core/Src/pid.o
                0x0000000020000374                old_right_distance
 .bss.old_right_distances
                0x0000000020000378       0x28 ./Core/Src/pid.o
                0x0000000020000378                old_right_distances
 .bss.IRadjustment
                0x00000000200003a0        0x4 ./Core/Src/pid.o
                0x00000000200003a0                IRadjustment
 .bss.state     0x00000000200003a4        0x1 ./Core/Src/pid.o
                0x00000000200003a4                state
 *fill*         0x00000000200003a5        0x3 
 .bss.left_PWM_value
                0x00000000200003a8        0x4 ./Core/Src/pid.o
                0x00000000200003a8                left_PWM_value
 .bss.right_PWM_value
                0x00000000200003ac        0x4 ./Core/Src/pid.o
                0x00000000200003ac                right_PWM_value
 .bss.goal_reached_timer
                0x00000000200003b0        0x4 ./Core/Src/pid.o
                0x00000000200003b0                goal_reached_timer
 .bss.uwTick    0x00000000200003b4        0x4 ./Drivers/STM32F2xx_HAL_Driver/Src/stm32f2xx_hal.o
                0x00000000200003b4                uwTick
 *(COMMON)
                0x00000000200003b8                . = ALIGN (0x4)
                0x00000000200003b8                _ebss = .
                0x00000000200003b8                __bss_end__ = _ebss

._user_heap_stack
                0x00000000200003b8      0x600 load address 0x0000000008005c24
                0x00000000200003b8                . = ALIGN (0x8)
                [!provide]                        PROVIDE (end = .)
                0x00000000200003b8                PROVIDE (_end = .)
                0x00000000200005b8                . = (. + _Min_Heap_Size)
 *fill*         0x00000000200003b8      0x200 
                0x00000000200009b8                . = (. + _Min_Stack_Size)
 *fill*         0x00000000200005b8      0x400 
                0x00000000200009b8                . = ALIGN (0x8)

/DISCARD/
 libc.a(*)
 libm.a(*)
 libgcc.a(*)

.ARM.attributes
                0x0000000000000000       0x29
 *(.ARM.attributes)
 .ARM.attributes
                0x0000000000000000       0x1d c:/st/stm32cubeide_1.9.0/stm32cubeide/plugins/com.st.stm32cube.ide.mcu.externaltools.gnu-tools-for-stm32.10.3-2021.10.win32_1.0.0.202111181127/tools/bin/../lib/gcc/arm-none-eabi/10.3.1/thumb/v7-m/nofp/crti.o
 .ARM.attributes
                0x000000000000001d       0x2d c:/st/stm32cubeide_1.9.0/stm32cubeide/plugins/com.st.stm32cube.ide.mcu.externaltools.gnu-tools-for-stm32.10.3-2021.10.win32_1.0.0.202111181127/tools/bin/../lib/gcc/arm-none-eabi/10.3.1/thumb/v7-m/nofp/crtbegin.o
 .ARM.attributes
                0x000000000000004a       0x2d ./Core/Src/controller.o
 .ARM.attributes
                0x0000000000000077       0x2d ./Core/Src/delay.o
 .ARM.attributes
                0x00000000000000a4       0x2d ./Core/Src/encoders.o
 .ARM.attributes
                0x00000000000000d1       0x2d ./Core/Src/irs.o
 .ARM.attributes
                0x00000000000000fe       0x2d ./Core/Src/main.o
 .ARM.attributes
                0x000000000000012b       0x2d ./Core/Src/motors.o
 .ARM.attributes
                0x0000000000000158       0x2d ./Core/Src/pid.o
 .ARM.attributes
                0x0000000000000185       0x2d ./Core/Src/stm32f2xx_hal_msp.o
 .ARM.attributes
                0x00000000000001b2       0x2d ./Core/Src/stm32f2xx_it.o
 .ARM.attributes
                0x00000000000001df       0x2d ./Core/Src/system_stm32f2xx.o
 .ARM.attributes
                0x000000000000020c       0x2d ./Core/Src/systick.o
 .ARM.attributes
                0x0000000000000239       0x2d ./Core/Src/utility.o
 .ARM.attributes
                0x0000000000000266       0x21 ./Core/Startup/startup_stm32f205retx.o
 .ARM.attributes
                0x0000000000000287       0x2d ./Drivers/STM32F2xx_HAL_Driver/Src/stm32f2xx_hal.o
 .ARM.attributes
                0x00000000000002b4       0x2d ./Drivers/STM32F2xx_HAL_Driver/Src/stm32f2xx_hal_adc.o
 .ARM.attributes
                0x00000000000002e1       0x2d ./Drivers/STM32F2xx_HAL_Driver/Src/stm32f2xx_hal_cortex.o
 .ARM.attributes
                0x000000000000030e       0x2d ./Drivers/STM32F2xx_HAL_Driver/Src/stm32f2xx_hal_dma.o
 .ARM.attributes
                0x000000000000033b       0x2d ./Drivers/STM32F2xx_HAL_Driver/Src/stm32f2xx_hal_gpio.o
 .ARM.attributes
                0x0000000000000368       0x2d ./Drivers/STM32F2xx_HAL_Driver/Src/stm32f2xx_hal_rcc.o
 .ARM.attributes
                0x0000000000000395       0x2d ./Drivers/STM32F2xx_HAL_Driver/Src/stm32f2xx_hal_tim.o
 .ARM.attributes
                0x00000000000003c2       0x2d ./Drivers/STM32F2xx_HAL_Driver/Src/stm32f2xx_hal_tim_ex.o
 .ARM.attributes
                0x00000000000003ef       0x2d c:/st/stm32cubeide_1.9.0/stm32cubeide/plugins/com.st.stm32cube.ide.mcu.externaltools.gnu-tools-for-stm32.10.3-2021.10.win32_1.0.0.202111181127/tools/bin/../lib/gcc/arm-none-eabi/10.3.1/../../../../arm-none-eabi/lib/thumb/v7-m/nofp\libc_nano.a(lib_a-init.o)
 .ARM.attributes
                0x000000000000041c       0x2d c:/st/stm32cubeide_1.9.0/stm32cubeide/plugins/com.st.stm32cube.ide.mcu.externaltools.gnu-tools-for-stm32.10.3-2021.10.win32_1.0.0.202111181127/tools/bin/../lib/gcc/arm-none-eabi/10.3.1/../../../../arm-none-eabi/lib/thumb/v7-m/nofp\libc_nano.a(lib_a-memset.o)
 .ARM.attributes
                0x0000000000000449       0x1d c:/st/stm32cubeide_1.9.0/stm32cubeide/plugins/com.st.stm32cube.ide.mcu.externaltools.gnu-tools-for-stm32.10.3-2021.10.win32_1.0.0.202111181127/tools/bin/../lib/gcc/arm-none-eabi/10.3.1/thumb/v7-m/nofp\libgcc.a(_arm_muldf3.o)
 .ARM.attributes
                0x0000000000000466       0x1d c:/st/stm32cubeide_1.9.0/stm32cubeide/plugins/com.st.stm32cube.ide.mcu.externaltools.gnu-tools-for-stm32.10.3-2021.10.win32_1.0.0.202111181127/tools/bin/../lib/gcc/arm-none-eabi/10.3.1/thumb/v7-m/nofp\libgcc.a(_arm_addsubdf3.o)
 .ARM.attributes
                0x0000000000000483       0x1d c:/st/stm32cubeide_1.9.0/stm32cubeide/plugins/com.st.stm32cube.ide.mcu.externaltools.gnu-tools-for-stm32.10.3-2021.10.win32_1.0.0.202111181127/tools/bin/../lib/gcc/arm-none-eabi/10.3.1/thumb/v7-m/nofp\libgcc.a(_arm_cmpdf2.o)
 .ARM.attributes
                0x00000000000004a0       0x1d c:/st/stm32cubeide_1.9.0/stm32cubeide/plugins/com.st.stm32cube.ide.mcu.externaltools.gnu-tools-for-stm32.10.3-2021.10.win32_1.0.0.202111181127/tools/bin/../lib/gcc/arm-none-eabi/10.3.1/thumb/v7-m/nofp\libgcc.a(_arm_truncdfsf2.o)
 .ARM.attributes
                0x00000000000004bd       0x1d c:/st/stm32cubeide_1.9.0/stm32cubeide/plugins/com.st.stm32cube.ide.mcu.externaltools.gnu-tools-for-stm32.10.3-2021.10.win32_1.0.0.202111181127/tools/bin/../lib/gcc/arm-none-eabi/10.3.1/thumb/v7-m/nofp\libgcc.a(_arm_addsubsf3.o)
 .ARM.attributes
                0x00000000000004da       0x1d c:/st/stm32cubeide_1.9.0/stm32cubeide/plugins/com.st.stm32cube.ide.mcu.externaltools.gnu-tools-for-stm32.10.3-2021.10.win32_1.0.0.202111181127/tools/bin/../lib/gcc/arm-none-eabi/10.3.1/thumb/v7-m/nofp\libgcc.a(_arm_muldivsf3.o)
 .ARM.attributes
                0x00000000000004f7       0x1d c:/st/stm32cubeide_1.9.0/stm32cubeide/plugins/com.st.stm32cube.ide.mcu.externaltools.gnu-tools-for-stm32.10.3-2021.10.win32_1.0.0.202111181127/tools/bin/../lib/gcc/arm-none-eabi/10.3.1/thumb/v7-m/nofp\libgcc.a(_arm_cmpsf2.o)
 .ARM.attributes
                0x0000000000000514       0x1d c:/st/stm32cubeide_1.9.0/stm32cubeide/plugins/com.st.stm32cube.ide.mcu.externaltools.gnu-tools-for-stm32.10.3-2021.10.win32_1.0.0.202111181127/tools/bin/../lib/gcc/arm-none-eabi/10.3.1/thumb/v7-m/nofp\libgcc.a(_arm_fixunssfsi.o)
 .ARM.attributes
                0x0000000000000531       0x1d c:/st/stm32cubeide_1.9.0/stm32cubeide/plugins/com.st.stm32cube.ide.mcu.externaltools.gnu-tools-for-stm32.10.3-2021.10.win32_1.0.0.202111181127/tools/bin/../lib/gcc/arm-none-eabi/10.3.1/thumb/v7-m/nofp\libgcc.a(_aeabi_uldivmod.o)
 .ARM.attributes
                0x000000000000054e       0x2d c:/st/stm32cubeide_1.9.0/stm32cubeide/plugins/com.st.stm32cube.ide.mcu.externaltools.gnu-tools-for-stm32.10.3-2021.10.win32_1.0.0.202111181127/tools/bin/../lib/gcc/arm-none-eabi/10.3.1/thumb/v7-m/nofp\libgcc.a(_udivmoddi4.o)
 .ARM.attributes
                0x000000000000057b       0x1d c:/st/stm32cubeide_1.9.0/stm32cubeide/plugins/com.st.stm32cube.ide.mcu.externaltools.gnu-tools-for-stm32.10.3-2021.10.win32_1.0.0.202111181127/tools/bin/../lib/gcc/arm-none-eabi/10.3.1/thumb/v7-m/nofp\libgcc.a(_dvmd_tls.o)
 .ARM.attributes
                0x0000000000000598       0x1d c:/st/stm32cubeide_1.9.0/stm32cubeide/plugins/com.st.stm32cube.ide.mcu.externaltools.gnu-tools-for-stm32.10.3-2021.10.win32_1.0.0.202111181127/tools/bin/../lib/gcc/arm-none-eabi/10.3.1/thumb/v7-m/nofp/crtn.o
OUTPUT(Crewmate.elf elf32-littlearm)
LOAD linker stubs
LOAD c:/st/stm32cubeide_1.9.0/stm32cubeide/plugins/com.st.stm32cube.ide.mcu.externaltools.gnu-tools-for-stm32.10.3-2021.10.win32_1.0.0.202111181127/tools/bin/../lib/gcc/arm-none-eabi/10.3.1/../../../../arm-none-eabi/lib/thumb/v7-m/nofp\libc.a
LOAD c:/st/stm32cubeide_1.9.0/stm32cubeide/plugins/com.st.stm32cube.ide.mcu.externaltools.gnu-tools-for-stm32.10.3-2021.10.win32_1.0.0.202111181127/tools/bin/../lib/gcc/arm-none-eabi/10.3.1/../../../../arm-none-eabi/lib/thumb/v7-m/nofp\libm.a
LOAD c:/st/stm32cubeide_1.9.0/stm32cubeide/plugins/com.st.stm32cube.ide.mcu.externaltools.gnu-tools-for-stm32.10.3-2021.10.win32_1.0.0.202111181127/tools/bin/../lib/gcc/arm-none-eabi/10.3.1/thumb/v7-m/nofp\libgcc.a

.debug_info     0x0000000000000000     0xcfe0
 .debug_info    0x0000000000000000      0x3b4 ./Core/Src/controller.o
 .debug_info    0x00000000000003b4      0x2a8 ./Core/Src/delay.o
 .debug_info    0x000000000000065c      0x226 ./Core/Src/encoders.o
 .debug_info    0x0000000000000882      0x92d ./Core/Src/irs.o
 .debug_info    0x00000000000011af     0x1881 ./Core/Src/main.o
 .debug_info    0x0000000000002a30      0x30c ./Core/Src/motors.o
 .debug_info    0x0000000000002d3c      0x76d ./Core/Src/pid.o
 .debug_info    0x00000000000034a9      0xef2 ./Core/Src/stm32f2xx_hal_msp.o
 .debug_info    0x000000000000439b      0x3f4 ./Core/Src/stm32f2xx_it.o
 .debug_info    0x000000000000478f      0x368 ./Core/Src/system_stm32f2xx.o
 .debug_info    0x0000000000004af7      0x24e ./Core/Src/systick.o
 .debug_info    0x0000000000004d45      0x23a ./Core/Src/utility.o
 .debug_info    0x0000000000004f7f       0x22 ./Core/Startup/startup_stm32f205retx.o
 .debug_info    0x0000000000004fa1      0x9eb ./Drivers/STM32F2xx_HAL_Driver/Src/stm32f2xx_hal.o
 .debug_info    0x000000000000598c      0xd48 ./Drivers/STM32F2xx_HAL_Driver/Src/stm32f2xx_hal_adc.o
 .debug_info    0x00000000000066d4      0xe09 ./Drivers/STM32F2xx_HAL_Driver/Src/stm32f2xx_hal_cortex.o
 .debug_info    0x00000000000074dd      0x94f ./Drivers/STM32F2xx_HAL_Driver/Src/stm32f2xx_hal_dma.o
 .debug_info    0x0000000000007e2c      0x730 ./Drivers/STM32F2xx_HAL_Driver/Src/stm32f2xx_hal_gpio.o
 .debug_info    0x000000000000855c      0xaf7 ./Drivers/STM32F2xx_HAL_Driver/Src/stm32f2xx_hal_rcc.o
 .debug_info    0x0000000000009053     0x2a2d ./Drivers/STM32F2xx_HAL_Driver/Src/stm32f2xx_hal_tim.o
 .debug_info    0x000000000000ba80     0x1560 ./Drivers/STM32F2xx_HAL_Driver/Src/stm32f2xx_hal_tim_ex.o

.debug_abbrev   0x0000000000000000     0x2638
 .debug_abbrev  0x0000000000000000      0x17f ./Core/Src/controller.o
 .debug_abbrev  0x000000000000017f       0xe3 ./Core/Src/delay.o
 .debug_abbrev  0x0000000000000262       0xb5 ./Core/Src/encoders.o
 .debug_abbrev  0x0000000000000317      0x22c ./Core/Src/irs.o
 .debug_abbrev  0x0000000000000543      0x2f3 ./Core/Src/main.o
 .debug_abbrev  0x0000000000000836      0x12f ./Core/Src/motors.o
 .debug_abbrev  0x0000000000000965      0x20d ./Core/Src/pid.o
 .debug_abbrev  0x0000000000000b72      0x25a ./Core/Src/stm32f2xx_hal_msp.o
 .debug_abbrev  0x0000000000000dcc      0x15f ./Core/Src/stm32f2xx_it.o
 .debug_abbrev  0x0000000000000f2b      0x116 ./Core/Src/system_stm32f2xx.o
 .debug_abbrev  0x0000000000001041       0xf7 ./Core/Src/systick.o
 .debug_abbrev  0x0000000000001138      0x12a ./Core/Src/utility.o
 .debug_abbrev  0x0000000000001262       0x12 ./Core/Startup/startup_stm32f205retx.o
 .debug_abbrev  0x0000000000001274      0x27d ./Drivers/STM32F2xx_HAL_Driver/Src/stm32f2xx_hal.o
 .debug_abbrev  0x00000000000014f1      0x27c ./Drivers/STM32F2xx_HAL_Driver/Src/stm32f2xx_hal_adc.o
 .debug_abbrev  0x000000000000176d      0x316 ./Drivers/STM32F2xx_HAL_Driver/Src/stm32f2xx_hal_cortex.o
 .debug_abbrev  0x0000000000001a83      0x25b ./Drivers/STM32F2xx_HAL_Driver/Src/stm32f2xx_hal_dma.o
 .debug_abbrev  0x0000000000001cde      0x1bb ./Drivers/STM32F2xx_HAL_Driver/Src/stm32f2xx_hal_gpio.o
 .debug_abbrev  0x0000000000001e99      0x2c8 ./Drivers/STM32F2xx_HAL_Driver/Src/stm32f2xx_hal_rcc.o
 .debug_abbrev  0x0000000000002161      0x272 ./Drivers/STM32F2xx_HAL_Driver/Src/stm32f2xx_hal_tim.o
 .debug_abbrev  0x00000000000023d3      0x265 ./Drivers/STM32F2xx_HAL_Driver/Src/stm32f2xx_hal_tim_ex.o

.debug_aranges  0x0000000000000000      0xd38
 .debug_aranges
                0x0000000000000000       0x48 ./Core/Src/controller.o
 .debug_aranges
                0x0000000000000048       0x28 ./Core/Src/delay.o
 .debug_aranges
                0x0000000000000070       0x30 ./Core/Src/encoders.o
 .debug_aranges
                0x00000000000000a0       0x50 ./Core/Src/irs.o
 .debug_aranges
                0x00000000000000f0       0x70 ./Core/Src/main.o
 .debug_aranges
                0x0000000000000160       0x48 ./Core/Src/motors.o
 .debug_aranges
                0x00000000000001a8       0x78 ./Core/Src/pid.o
 .debug_aranges
                0x0000000000000220       0x58 ./Core/Src/stm32f2xx_hal_msp.o
 .debug_aranges
                0x0000000000000278       0x68 ./Core/Src/stm32f2xx_it.o
 .debug_aranges
                0x00000000000002e0       0x28 ./Core/Src/system_stm32f2xx.o
 .debug_aranges
                0x0000000000000308       0x20 ./Core/Src/systick.o
 .debug_aranges
                0x0000000000000328       0x50 ./Core/Src/utility.o
 .debug_aranges
                0x0000000000000378       0x28 ./Core/Startup/startup_stm32f205retx.o
 .debug_aranges
                0x00000000000003a0       0xf0 ./Drivers/STM32F2xx_HAL_Driver/Src/stm32f2xx_hal.o
 .debug_aranges
                0x0000000000000490       0xe8 ./Drivers/STM32F2xx_HAL_Driver/Src/stm32f2xx_hal_adc.o
 .debug_aranges
                0x0000000000000578      0x118 ./Drivers/STM32F2xx_HAL_Driver/Src/stm32f2xx_hal_cortex.o
 .debug_aranges
                0x0000000000000690       0x90 ./Drivers/STM32F2xx_HAL_Driver/Src/stm32f2xx_hal_dma.o
 .debug_aranges
                0x0000000000000720       0x58 ./Drivers/STM32F2xx_HAL_Driver/Src/stm32f2xx_hal_gpio.o
 .debug_aranges
                0x0000000000000778       0x88 ./Drivers/STM32F2xx_HAL_Driver/Src/stm32f2xx_hal_rcc.o
 .debug_aranges
                0x0000000000000800      0x3d0 ./Drivers/STM32F2xx_HAL_Driver/Src/stm32f2xx_hal_tim.o
 .debug_aranges
                0x0000000000000bd0      0x168 ./Drivers/STM32F2xx_HAL_Driver/Src/stm32f2xx_hal_tim_ex.o

.debug_ranges   0x0000000000000000      0xbf0
 .debug_ranges  0x0000000000000000       0x38 ./Core/Src/controller.o
 .debug_ranges  0x0000000000000038       0x18 ./Core/Src/delay.o
 .debug_ranges  0x0000000000000050       0x20 ./Core/Src/encoders.o
 .debug_ranges  0x0000000000000070       0x40 ./Core/Src/irs.o
 .debug_ranges  0x00000000000000b0       0x60 ./Core/Src/main.o
 .debug_ranges  0x0000000000000110       0x38 ./Core/Src/motors.o
 .debug_ranges  0x0000000000000148       0x68 ./Core/Src/pid.o
 .debug_ranges  0x00000000000001b0       0x48 ./Core/Src/stm32f2xx_hal_msp.o
 .debug_ranges  0x00000000000001f8       0x58 ./Core/Src/stm32f2xx_it.o
 .debug_ranges  0x0000000000000250       0x18 ./Core/Src/system_stm32f2xx.o
 .debug_ranges  0x0000000000000268       0x10 ./Core/Src/systick.o
 .debug_ranges  0x0000000000000278       0x40 ./Core/Src/utility.o
 .debug_ranges  0x00000000000002b8       0x20 ./Core/Startup/startup_stm32f205retx.o
 .debug_ranges  0x00000000000002d8       0xe0 ./Drivers/STM32F2xx_HAL_Driver/Src/stm32f2xx_hal.o
 .debug_ranges  0x00000000000003b8       0xd8 ./Drivers/STM32F2xx_HAL_Driver/Src/stm32f2xx_hal_adc.o
 .debug_ranges  0x0000000000000490      0x108 ./Drivers/STM32F2xx_HAL_Driver/Src/stm32f2xx_hal_cortex.o
 .debug_ranges  0x0000000000000598       0x80 ./Drivers/STM32F2xx_HAL_Driver/Src/stm32f2xx_hal_dma.o
 .debug_ranges  0x0000000000000618       0x48 ./Drivers/STM32F2xx_HAL_Driver/Src/stm32f2xx_hal_gpio.o
 .debug_ranges  0x0000000000000660       0x78 ./Drivers/STM32F2xx_HAL_Driver/Src/stm32f2xx_hal_rcc.o
 .debug_ranges  0x00000000000006d8      0x3c0 ./Drivers/STM32F2xx_HAL_Driver/Src/stm32f2xx_hal_tim.o
 .debug_ranges  0x0000000000000a98      0x158 ./Drivers/STM32F2xx_HAL_Driver/Src/stm32f2xx_hal_tim_ex.o

.debug_macro    0x0000000000000000    0x1f1f9
 .debug_macro   0x0000000000000000      0x2dd ./Core/Src/controller.o
 .debug_macro   0x00000000000002dd      0xa6c ./Core/Src/controller.o
 .debug_macro   0x0000000000000d49      0x23e ./Core/Src/controller.o
 .debug_macro   0x0000000000000f87       0x2e ./Core/Src/controller.o
 .debug_macro   0x0000000000000fb5       0x22 ./Core/Src/controller.o
 .debug_macro   0x0000000000000fd7       0x22 ./Core/Src/controller.o
 .debug_macro   0x0000000000000ff9       0x8e ./Core/Src/controller.o
 .debug_macro   0x0000000000001087       0x51 ./Core/Src/controller.o
 .debug_macro   0x00000000000010d8      0x103 ./Core/Src/controller.o
 .debug_macro   0x00000000000011db       0x6a ./Core/Src/controller.o
 .debug_macro   0x0000000000001245      0x1df ./Core/Src/controller.o
 .debug_macro   0x0000000000001424       0x1c ./Core/Src/controller.o
 .debug_macro   0x0000000000001440       0x22 ./Core/Src/controller.o
 .debug_macro   0x0000000000001462       0xbd ./Core/Src/controller.o
 .debug_macro   0x000000000000151f      0xe49 ./Core/Src/controller.o
 .debug_macro   0x0000000000002368      0x11f ./Core/Src/controller.o
 .debug_macro   0x0000000000002487    0x133fd ./Core/Src/controller.o
 .debug_macro   0x0000000000015884       0x43 ./Core/Src/controller.o
 .debug_macro   0x00000000000158c7     0x358e ./Core/Src/controller.o
 .debug_macro   0x0000000000018e55      0x174 ./Core/Src/controller.o
 .debug_macro   0x0000000000018fc9       0x55 ./Core/Src/controller.o
 .debug_macro   0x000000000001901e     0x1057 ./Core/Src/controller.o
 .debug_macro   0x000000000001a075       0x4a ./Core/Src/controller.o
 .debug_macro   0x000000000001a0bf      0x170 ./Core/Src/controller.o
 .debug_macro   0x000000000001a22f      0x116 ./Core/Src/controller.o
 .debug_macro   0x000000000001a345       0xfa ./Core/Src/controller.o
 .debug_macro   0x000000000001a43f       0xa5 ./Core/Src/controller.o
 .debug_macro   0x000000000001a4e4      0x16a ./Core/Src/controller.o
 .debug_macro   0x000000000001a64e      0x287 ./Core/Src/controller.o
 .debug_macro   0x000000000001a8d5       0x5f ./Core/Src/controller.o
 .debug_macro   0x000000000001a934      0x236 ./Core/Src/controller.o
 .debug_macro   0x000000000001ab6a      0x37c ./Core/Src/controller.o
 .debug_macro   0x000000000001aee6      0x16f ./Core/Src/controller.o
 .debug_macro   0x000000000001b055       0xf9 ./Core/Src/controller.o
 .debug_macro   0x000000000001b14e      0x126 ./Core/Src/controller.o
 .debug_macro   0x000000000001b274      0x216 ./Core/Src/controller.o
 .debug_macro   0x000000000001b48a       0x2e ./Core/Src/controller.o
 .debug_macro   0x000000000001b4b8      0x113 ./Core/Src/controller.o
 .debug_macro   0x000000000001b5cb       0x22 ./Core/Src/controller.o
 .debug_macro   0x000000000001b5ed       0x82 ./Core/Src/controller.o
 .debug_macro   0x000000000001b66f      0x8d1 ./Core/Src/controller.o
 .debug_macro   0x000000000001bf40       0x4c ./Core/Src/controller.o
 .debug_macro   0x000000000001bf8c      0x12d ./Core/Src/controller.o
 .debug_macro   0x000000000001c0b9      0x160 ./Core/Src/controller.o
 .debug_macro   0x000000000001c219       0x16 ./Core/Src/controller.o
 .debug_macro   0x000000000001c22f       0x16 ./Core/Src/controller.o
 .debug_macro   0x000000000001c245       0x10 ./Core/Src/controller.o
 .debug_macro   0x000000000001c255       0x52 ./Core/Src/controller.o
 .debug_macro   0x000000000001c2a7       0x18 ./Core/Src/controller.o
 .debug_macro   0x000000000001c2bf       0x3c ./Core/Src/controller.o
 .debug_macro   0x000000000001c2fb       0x34 ./Core/Src/controller.o
 .debug_macro   0x000000000001c32f       0x16 ./Core/Src/controller.o
 .debug_macro   0x000000000001c345       0x43 ./Core/Src/controller.o
 .debug_macro   0x000000000001c388       0x34 ./Core/Src/controller.o
 .debug_macro   0x000000000001c3bc       0x10 ./Core/Src/controller.o
 .debug_macro   0x000000000001c3cc       0x58 ./Core/Src/controller.o
 .debug_macro   0x000000000001c424       0x71 ./Core/Src/controller.o
 .debug_macro   0x000000000001c495       0x1c ./Core/Src/controller.o
 .debug_macro   0x000000000001c4b1      0x12a ./Core/Src/controller.o
 .debug_macro   0x000000000001c5db      0x341 ./Core/Src/controller.o
 .debug_macro   0x000000000001c91c      0x19b ./Core/Src/controller.o
 .debug_macro   0x000000000001cab7      0x1ef ./Core/Src/delay.o
 .debug_macro   0x000000000001cca6      0x1ef ./Core/Src/encoders.o
 .debug_macro   0x000000000001ce95      0x1fc ./Core/Src/irs.o
 .debug_macro   0x000000000001d091      0x22c ./Core/Src/main.o
 .debug_macro   0x000000000001d2bd       0x1c ./Core/Src/main.o
 .debug_macro   0x000000000001d2d9      0x1f8 ./Core/Src/motors.o
 .debug_macro   0x000000000001d4d1      0x2be ./Core/Src/pid.o
 .debug_macro   0x000000000001d78f       0x4c ./Core/Src/pid.o
 .debug_macro   0x000000000001d7db       0x94 ./Core/Src/pid.o
 .debug_macro   0x000000000001d86f       0x57 ./Core/Src/pid.o
 .debug_macro   0x000000000001d8c6       0x4f ./Core/Src/pid.o
 .debug_macro   0x000000000001d915      0x1e5 ./Core/Src/stm32f2xx_hal_msp.o
 .debug_macro   0x000000000001dafa      0x1fd ./Core/Src/stm32f2xx_it.o
 .debug_macro   0x000000000001dcf7      0x1d6 ./Core/Src/system_stm32f2xx.o
 .debug_macro   0x000000000001decd      0x1fd ./Core/Src/systick.o
 .debug_macro   0x000000000001e0ca      0x1f8 ./Core/Src/utility.o
 .debug_macro   0x000000000001e2c2      0x224 ./Drivers/STM32F2xx_HAL_Driver/Src/stm32f2xx_hal.o
 .debug_macro   0x000000000001e4e6      0x1d7 ./Drivers/STM32F2xx_HAL_Driver/Src/stm32f2xx_hal_adc.o
 .debug_macro   0x000000000001e6bd      0x1d6 ./Drivers/STM32F2xx_HAL_Driver/Src/stm32f2xx_hal_cortex.o
 .debug_macro   0x000000000001e893      0x1dc ./Drivers/STM32F2xx_HAL_Driver/Src/stm32f2xx_hal_dma.o
 .debug_macro   0x000000000001ea6f      0x1dd ./Drivers/STM32F2xx_HAL_Driver/Src/stm32f2xx_hal_gpio.o
 .debug_macro   0x000000000001ec4c      0x200 ./Drivers/STM32F2xx_HAL_Driver/Src/stm32f2xx_hal_rcc.o
 .debug_macro   0x000000000001ee4c      0x1d7 ./Drivers/STM32F2xx_HAL_Driver/Src/stm32f2xx_hal_tim.o
 .debug_macro   0x000000000001f023      0x1d6 ./Drivers/STM32F2xx_HAL_Driver/Src/stm32f2xx_hal_tim_ex.o

.debug_line     0x0000000000000000    0x103e6
 .debug_line    0x0000000000000000      0x99f ./Core/Src/controller.o
 .debug_line    0x000000000000099f      0x6f4 ./Core/Src/delay.o
 .debug_line    0x0000000000001093      0x6f4 ./Core/Src/encoders.o
 .debug_line    0x0000000000001787      0x7d8 ./Core/Src/irs.o
 .debug_line    0x0000000000001f5f      0xa72 ./Core/Src/main.o
 .debug_line    0x00000000000029d1      0x79f ./Core/Src/motors.o
 .debug_line    0x0000000000003170      0xde2 ./Core/Src/pid.o
 .debug_line    0x0000000000003f52      0x80f ./Core/Src/stm32f2xx_hal_msp.o
 .debug_line    0x0000000000004761      0x798 ./Core/Src/stm32f2xx_it.o
 .debug_line    0x0000000000004ef9      0x72c ./Core/Src/system_stm32f2xx.o
 .debug_line    0x0000000000005625      0x6fb ./Core/Src/systick.o
 .debug_line    0x0000000000005d20      0x771 ./Core/Src/utility.o
 .debug_line    0x0000000000006491       0x88 ./Core/Startup/startup_stm32f205retx.o
 .debug_line    0x0000000000006519      0x9c3 ./Drivers/STM32F2xx_HAL_Driver/Src/stm32f2xx_hal.o
 .debug_line    0x0000000000006edc     0x1132 ./Drivers/STM32F2xx_HAL_Driver/Src/stm32f2xx_hal_adc.o
 .debug_line    0x000000000000800e      0xc46 ./Drivers/STM32F2xx_HAL_Driver/Src/stm32f2xx_hal_cortex.o
 .debug_line    0x0000000000008c54      0xefe ./Drivers/STM32F2xx_HAL_Driver/Src/stm32f2xx_hal_dma.o
 .debug_line    0x0000000000009b52      0xb13 ./Drivers/STM32F2xx_HAL_Driver/Src/stm32f2xx_hal_gpio.o
 .debug_line    0x000000000000a665      0xe49 ./Drivers/STM32F2xx_HAL_Driver/Src/stm32f2xx_hal_rcc.o
 .debug_line    0x000000000000b4ae     0x35d0 ./Drivers/STM32F2xx_HAL_Driver/Src/stm32f2xx_hal_tim.o
 .debug_line    0x000000000000ea7e     0x1968 ./Drivers/STM32F2xx_HAL_Driver/Src/stm32f2xx_hal_tim_ex.o

.debug_str      0x0000000000000000    0xba39c
 .debug_str     0x0000000000000000    0xb660b ./Core/Src/controller.o
                                      0xb6925 (size before relaxing)
 .debug_str     0x00000000000b660b      0x12a ./Core/Src/delay.o
                                      0xb31e5 (size before relaxing)
 .debug_str     0x00000000000b6735       0x23 ./Core/Src/encoders.o
                                      0xb316c (size before relaxing)
 .debug_str     0x00000000000b6758      0x53b ./Core/Src/irs.o
                                      0xb36f6 (size before relaxing)
 .debug_str     0x00000000000b6c93      0xdb3 ./Core/Src/main.o
                                      0xb45e2 (size before relaxing)
 .debug_str     0x00000000000b7a46       0x82 ./Core/Src/motors.o
                                      0xb3201 (size before relaxing)
 .debug_str     0x00000000000b7ac8      0x2c1 ./Core/Src/pid.o
                                      0xb6b04 (size before relaxing)
 .debug_str     0x00000000000b7d89       0xf1 ./Core/Src/stm32f2xx_hal_msp.o
                                      0xb3a54 (size before relaxing)
 .debug_str     0x00000000000b7e7a      0x114 ./Core/Src/stm32f2xx_it.o
                                      0xb341e (size before relaxing)
 .debug_str     0x00000000000b7f8e       0x87 ./Core/Src/system_stm32f2xx.o
                                      0xb2bef (size before relaxing)
 .debug_str     0x00000000000b8015       0x21 ./Core/Src/systick.o
                                      0xb319c (size before relaxing)
 .debug_str     0x00000000000b8036       0xc6 ./Core/Src/utility.o
                                      0xb3201 (size before relaxing)
 .debug_str     0x00000000000b80fc       0x36 ./Core/Startup/startup_stm32f205retx.o
                                         0x7d (size before relaxing)
 .debug_str     0x00000000000b8132      0x568 ./Drivers/STM32F2xx_HAL_Driver/Src/stm32f2xx_hal.o
                                      0xb371a (size before relaxing)
 .debug_str     0x00000000000b869a      0x27a ./Drivers/STM32F2xx_HAL_Driver/Src/stm32f2xx_hal_adc.o
                                      0xb3227 (size before relaxing)
 .debug_str     0x00000000000b8914      0x393 ./Drivers/STM32F2xx_HAL_Driver/Src/stm32f2xx_hal_cortex.o
                                      0xb34df (size before relaxing)
 .debug_str     0x00000000000b8ca7      0x2d5 ./Drivers/STM32F2xx_HAL_Driver/Src/stm32f2xx_hal_dma.o
                                      0xb305d (size before relaxing)
 .debug_str     0x00000000000b8f7c      0x10e ./Drivers/STM32F2xx_HAL_Driver/Src/stm32f2xx_hal_gpio.o
                                      0xb2dad (size before relaxing)
 .debug_str     0x00000000000b908a      0x25c ./Drivers/STM32F2xx_HAL_Driver/Src/stm32f2xx_hal_rcc.o
                                      0xb30a1 (size before relaxing)
 .debug_str     0x00000000000b92e6      0xcd5 ./Drivers/STM32F2xx_HAL_Driver/Src/stm32f2xx_hal_tim.o
                                      0xb3fb6 (size before relaxing)
 .debug_str     0x00000000000b9fbb      0x3e1 ./Drivers/STM32F2xx_HAL_Driver/Src/stm32f2xx_hal_tim_ex.o
                                      0xb37d2 (size before relaxing)

.comment        0x0000000000000000       0x50
 .comment       0x0000000000000000       0x50 ./Core/Src/controller.o
                                         0x51 (size before relaxing)
 .comment       0x0000000000000050       0x51 ./Core/Src/delay.o
 .comment       0x0000000000000050       0x51 ./Core/Src/encoders.o
 .comment       0x0000000000000050       0x51 ./Core/Src/irs.o
 .comment       0x0000000000000050       0x51 ./Core/Src/main.o
 .comment       0x0000000000000050       0x51 ./Core/Src/motors.o
 .comment       0x0000000000000050       0x51 ./Core/Src/pid.o
 .comment       0x0000000000000050       0x51 ./Core/Src/stm32f2xx_hal_msp.o
 .comment       0x0000000000000050       0x51 ./Core/Src/stm32f2xx_it.o
 .comment       0x0000000000000050       0x51 ./Core/Src/system_stm32f2xx.o
 .comment       0x0000000000000050       0x51 ./Core/Src/systick.o
 .comment       0x0000000000000050       0x51 ./Core/Src/utility.o
 .comment       0x0000000000000050       0x51 ./Drivers/STM32F2xx_HAL_Driver/Src/stm32f2xx_hal.o
 .comment       0x0000000000000050       0x51 ./Drivers/STM32F2xx_HAL_Driver/Src/stm32f2xx_hal_adc.o
 .comment       0x0000000000000050       0x51 ./Drivers/STM32F2xx_HAL_Driver/Src/stm32f2xx_hal_cortex.o
 .comment       0x0000000000000050       0x51 ./Drivers/STM32F2xx_HAL_Driver/Src/stm32f2xx_hal_dma.o
 .comment       0x0000000000000050       0x51 ./Drivers/STM32F2xx_HAL_Driver/Src/stm32f2xx_hal_gpio.o
 .comment       0x0000000000000050       0x51 ./Drivers/STM32F2xx_HAL_Driver/Src/stm32f2xx_hal_rcc.o
 .comment       0x0000000000000050       0x51 ./Drivers/STM32F2xx_HAL_Driver/Src/stm32f2xx_hal_tim.o
 .comment       0x0000000000000050       0x51 ./Drivers/STM32F2xx_HAL_Driver/Src/stm32f2xx_hal_tim_ex.o

.debug_frame    0x0000000000000000     0x3878
 .debug_frame   0x0000000000000000      0x100 ./Core/Src/controller.o
 .debug_frame   0x0000000000000100       0x58 ./Core/Src/delay.o
 .debug_frame   0x0000000000000158       0x70 ./Core/Src/encoders.o
 .debug_frame   0x00000000000001c8       0xec ./Core/Src/irs.o
 .debug_frame   0x00000000000002b4      0x18c ./Core/Src/main.o
 .debug_frame   0x0000000000000440       0xe8 ./Core/Src/motors.o
 .debug_frame   0x0000000000000528      0x1d4 ./Core/Src/pid.o
 .debug_frame   0x00000000000006fc      0x13c ./Core/Src/stm32f2xx_hal_msp.o
 .debug_frame   0x0000000000000838      0x120 ./Core/Src/stm32f2xx_it.o
 .debug_frame   0x0000000000000958       0x58 ./Core/Src/system_stm32f2xx.o
 .debug_frame   0x00000000000009b0       0x38 ./Core/Src/systick.o
 .debug_frame   0x00000000000009e8      0x100 ./Core/Src/utility.o
 .debug_frame   0x0000000000000ae8      0x384 ./Drivers/STM32F2xx_HAL_Driver/Src/stm32f2xx_hal.o
 .debug_frame   0x0000000000000e6c      0x3fc ./Drivers/STM32F2xx_HAL_Driver/Src/stm32f2xx_hal_adc.o
 .debug_frame   0x0000000000001268      0x498 ./Drivers/STM32F2xx_HAL_Driver/Src/stm32f2xx_hal_cortex.o
 .debug_frame   0x0000000000001700      0x250 ./Drivers/STM32F2xx_HAL_Driver/Src/stm32f2xx_hal_dma.o
 .debug_frame   0x0000000000001950      0x14c ./Drivers/STM32F2xx_HAL_Driver/Src/stm32f2xx_hal_gpio.o
 .debug_frame   0x0000000000001a9c      0x208 ./Drivers/STM32F2xx_HAL_Driver/Src/stm32f2xx_hal_rcc.o
 .debug_frame   0x0000000000001ca4     0x11bc ./Drivers/STM32F2xx_HAL_Driver/Src/stm32f2xx_hal_tim.o
 .debug_frame   0x0000000000002e60      0x638 ./Drivers/STM32F2xx_HAL_Driver/Src/stm32f2xx_hal_tim_ex.o
 .debug_frame   0x0000000000003498       0x2c c:/st/stm32cubeide_1.9.0/stm32cubeide/plugins/com.st.stm32cube.ide.mcu.externaltools.gnu-tools-for-stm32.10.3-2021.10.win32_1.0.0.202111181127/tools/bin/../lib/gcc/arm-none-eabi/10.3.1/../../../../arm-none-eabi/lib/thumb/v7-m/nofp\libc_nano.a(lib_a-init.o)
 .debug_frame   0x00000000000034c4       0x20 c:/st/stm32cubeide_1.9.0/stm32cubeide/plugins/com.st.stm32cube.ide.mcu.externaltools.gnu-tools-for-stm32.10.3-2021.10.win32_1.0.0.202111181127/tools/bin/../lib/gcc/arm-none-eabi/10.3.1/../../../../arm-none-eabi/lib/thumb/v7-m/nofp\libc_nano.a(lib_a-memset.o)
 .debug_frame   0x00000000000034e4       0x30 c:/st/stm32cubeide_1.9.0/stm32cubeide/plugins/com.st.stm32cube.ide.mcu.externaltools.gnu-tools-for-stm32.10.3-2021.10.win32_1.0.0.202111181127/tools/bin/../lib/gcc/arm-none-eabi/10.3.1/thumb/v7-m/nofp\libgcc.a(_arm_muldf3.o)
 .debug_frame   0x0000000000003514       0xac c:/st/stm32cubeide_1.9.0/stm32cubeide/plugins/com.st.stm32cube.ide.mcu.externaltools.gnu-tools-for-stm32.10.3-2021.10.win32_1.0.0.202111181127/tools/bin/../lib/gcc/arm-none-eabi/10.3.1/thumb/v7-m/nofp\libgcc.a(_arm_addsubdf3.o)
 .debug_frame   0x00000000000035c0       0xc4 c:/st/stm32cubeide_1.9.0/stm32cubeide/plugins/com.st.stm32cube.ide.mcu.externaltools.gnu-tools-for-stm32.10.3-2021.10.win32_1.0.0.202111181127/tools/bin/../lib/gcc/arm-none-eabi/10.3.1/thumb/v7-m/nofp\libgcc.a(_arm_cmpdf2.o)
 .debug_frame   0x0000000000003684       0x24 c:/st/stm32cubeide_1.9.0/stm32cubeide/plugins/com.st.stm32cube.ide.mcu.externaltools.gnu-tools-for-stm32.10.3-2021.10.win32_1.0.0.202111181127/tools/bin/../lib/gcc/arm-none-eabi/10.3.1/thumb/v7-m/nofp\libgcc.a(_arm_truncdfsf2.o)
 .debug_frame   0x00000000000036a8       0x4c c:/st/stm32cubeide_1.9.0/stm32cubeide/plugins/com.st.stm32cube.ide.mcu.externaltools.gnu-tools-for-stm32.10.3-2021.10.win32_1.0.0.202111181127/tools/bin/../lib/gcc/arm-none-eabi/10.3.1/thumb/v7-m/nofp\libgcc.a(_arm_addsubsf3.o)
 .debug_frame   0x00000000000036f4       0x38 c:/st/stm32cubeide_1.9.0/stm32cubeide/plugins/com.st.stm32cube.ide.mcu.externaltools.gnu-tools-for-stm32.10.3-2021.10.win32_1.0.0.202111181127/tools/bin/../lib/gcc/arm-none-eabi/10.3.1/thumb/v7-m/nofp\libgcc.a(_arm_muldivsf3.o)
 .debug_frame   0x000000000000372c       0xc8 c:/st/stm32cubeide_1.9.0/stm32cubeide/plugins/com.st.stm32cube.ide.mcu.externaltools.gnu-tools-for-stm32.10.3-2021.10.win32_1.0.0.202111181127/tools/bin/../lib/gcc/arm-none-eabi/10.3.1/thumb/v7-m/nofp\libgcc.a(_arm_cmpsf2.o)
 .debug_frame   0x00000000000037f4       0x24 c:/st/stm32cubeide_1.9.0/stm32cubeide/plugins/com.st.stm32cube.ide.mcu.externaltools.gnu-tools-for-stm32.10.3-2021.10.win32_1.0.0.202111181127/tools/bin/../lib/gcc/arm-none-eabi/10.3.1/thumb/v7-m/nofp\libgcc.a(_arm_fixunssfsi.o)
 .debug_frame   0x0000000000003818       0x2c c:/st/stm32cubeide_1.9.0/stm32cubeide/plugins/com.st.stm32cube.ide.mcu.externaltools.gnu-tools-for-stm32.10.3-2021.10.win32_1.0.0.202111181127/tools/bin/../lib/gcc/arm-none-eabi/10.3.1/thumb/v7-m/nofp\libgcc.a(_aeabi_uldivmod.o)
 .debug_frame   0x0000000000003844       0x34 c:/st/stm32cubeide_1.9.0/stm32cubeide/plugins/com.st.stm32cube.ide.mcu.externaltools.gnu-tools-for-stm32.10.3-2021.10.win32_1.0.0.202111181127/tools/bin/../lib/gcc/arm-none-eabi/10.3.1/thumb/v7-m/nofp\libgcc.a(_udivmoddi4.o)
