../Drivers/STM32F2xx_HAL_Driver/Src/stm32f2xx_hal_i2c.c:435:19:HAL_I2C_Init	24	static
../Drivers/STM32F2xx_HAL_Driver/Src/stm32f2xx_hal_i2c.c:550:19:HAL_I2C_DeInit	16	static
../Drivers/STM32F2xx_HAL_Driver/Src/stm32f2xx_hal_i2c.c:596:13:HAL_I2C_MspInit	16	static
../Drivers/STM32F2xx_HAL_Driver/Src/stm32f2xx_hal_i2c.c:612:13:HAL_I2C_MspDeInit	16	static
../Drivers/STM32F2xx_HAL_Driver/Src/stm32f2xx_hal_i2c.c:1032:19:HAL_I2C_Master_Transmit	40	static
../Drivers/STM32F2xx_HAL_Driver/Src/stm32f2xx_hal_i2c.c:1153:19:HAL_I2C_Master_Receive	56	static
../Drivers/STM32F2xx_HAL_Driver/Src/stm32f2xx_hal_i2c.c:1397:19:HAL_I2C_Slave_Transmit	48	static
../Drivers/STM32F2xx_HAL_Driver/Src/stm32f2xx_hal_i2c.c:1527:19:HAL_I2C_Slave_Receive	48	static
../Drivers/STM32F2xx_HAL_Driver/Src/stm32f2xx_hal_i2c.c:1648:19:HAL_I2C_Master_Transmit_IT	32	static
../Drivers/STM32F2xx_HAL_Driver/Src/stm32f2xx_hal_i2c.c:1728:19:HAL_I2C_Master_Receive_IT	32	static
../Drivers/STM32F2xx_HAL_Driver/Src/stm32f2xx_hal_i2c.c:1811:19:HAL_I2C_Slave_Transmit_IT	24	static
../Drivers/STM32F2xx_HAL_Driver/Src/stm32f2xx_hal_i2c.c:1873:19:HAL_I2C_Slave_Receive_IT	24	static
../Drivers/STM32F2xx_HAL_Driver/Src/stm32f2xx_hal_i2c.c:1937:19:HAL_I2C_Master_Transmit_DMA	32	static
../Drivers/STM32F2xx_HAL_Driver/Src/stm32f2xx_hal_i2c.c:2095:19:HAL_I2C_Master_Receive_DMA	32	static
../Drivers/STM32F2xx_HAL_Driver/Src/stm32f2xx_hal_i2c.c:2251:19:HAL_I2C_Slave_Transmit_DMA	32	static
../Drivers/STM32F2xx_HAL_Driver/Src/stm32f2xx_hal_i2c.c:2365:19:HAL_I2C_Slave_Receive_DMA	32	static
../Drivers/STM32F2xx_HAL_Driver/Src/stm32f2xx_hal_i2c.c:2484:19:HAL_I2C_Mem_Write	40	static
../Drivers/STM32F2xx_HAL_Driver/Src/stm32f2xx_hal_i2c.c:2607:19:HAL_I2C_Mem_Read	56	static
../Drivers/STM32F2xx_HAL_Driver/Src/stm32f2xx_hal_i2c.c:2854:19:HAL_I2C_Mem_Write_IT	32	static
../Drivers/STM32F2xx_HAL_Driver/Src/stm32f2xx_hal_i2c.c:2942:19:HAL_I2C_Mem_Read_IT	32	static
../Drivers/STM32F2xx_HAL_Driver/Src/stm32f2xx_hal_i2c.c:3036:19:HAL_I2C_Mem_Write_DMA	48	static
../Drivers/STM32F2xx_HAL_Driver/Src/stm32f2xx_hal_i2c.c:3217:19:HAL_I2C_Mem_Read_DMA	56	static
../Drivers/STM32F2xx_HAL_Driver/Src/stm32f2xx_hal_i2c.c:3412:19:HAL_I2C_IsDeviceReady	48	static
../Drivers/STM32F2xx_HAL_Driver/Src/stm32f2xx_hal_i2c.c:3548:19:HAL_I2C_Master_Seq_Transmit_IT	32	static
../Drivers/STM32F2xx_HAL_Driver/Src/stm32f2xx_hal_i2c.c:3646:19:HAL_I2C_Master_Seq_Transmit_DMA	40	static
../Drivers/STM32F2xx_HAL_Driver/Src/stm32f2xx_hal_i2c.c:3829:19:HAL_I2C_Master_Seq_Receive_IT	40	static
../Drivers/STM32F2xx_HAL_Driver/Src/stm32f2xx_hal_i2c.c:3953:19:HAL_I2C_Master_Seq_Receive_DMA	40	static
../Drivers/STM32F2xx_HAL_Driver/Src/stm32f2xx_hal_i2c.c:4171:19:HAL_I2C_Slave_Seq_Transmit_IT	32	static
../Drivers/STM32F2xx_HAL_Driver/Src/stm32f2xx_hal_i2c.c:4237:19:HAL_I2C_Slave_Seq_Transmit_DMA	32	static
../Drivers/STM32F2xx_HAL_Driver/Src/stm32f2xx_hal_i2c.c:4411:19:HAL_I2C_Slave_Seq_Receive_IT	32	static
../Drivers/STM32F2xx_HAL_Driver/Src/stm32f2xx_hal_i2c.c:4477:19:HAL_I2C_Slave_Seq_Receive_DMA	32	static
../Drivers/STM32F2xx_HAL_Driver/Src/stm32f2xx_hal_i2c.c:4647:19:HAL_I2C_EnableListen_IT	16	static
../Drivers/STM32F2xx_HAL_Driver/Src/stm32f2xx_hal_i2c.c:4680:19:HAL_I2C_DisableListen_IT	24	static
../Drivers/STM32F2xx_HAL_Driver/Src/stm32f2xx_hal_i2c.c:4715:19:HAL_I2C_Master_Abort_IT	24	static
../Drivers/STM32F2xx_HAL_Driver/Src/stm32f2xx_hal_i2c.c:4774:6:HAL_I2C_EV_IRQHandler	40	static
../Drivers/STM32F2xx_HAL_Driver/Src/stm32f2xx_hal_i2c.c:4943:6:HAL_I2C_ER_IRQHandler	48	static
../Drivers/STM32F2xx_HAL_Driver/Src/stm32f2xx_hal_i2c.c:5023:13:HAL_I2C_MasterTxCpltCallback	16	static
../Drivers/STM32F2xx_HAL_Driver/Src/stm32f2xx_hal_i2c.c:5039:13:HAL_I2C_MasterRxCpltCallback	16	static
../Drivers/STM32F2xx_HAL_Driver/Src/stm32f2xx_hal_i2c.c:5054:13:HAL_I2C_SlaveTxCpltCallback	16	static
../Drivers/STM32F2xx_HAL_Driver/Src/stm32f2xx_hal_i2c.c:5070:13:HAL_I2C_SlaveRxCpltCallback	16	static
../Drivers/STM32F2xx_HAL_Driver/Src/stm32f2xx_hal_i2c.c:5088:13:HAL_I2C_AddrCallback	16	static
../Drivers/STM32F2xx_HAL_Driver/Src/stm32f2xx_hal_i2c.c:5106:13:HAL_I2C_ListenCpltCallback	16	static
../Drivers/STM32F2xx_HAL_Driver/Src/stm32f2xx_hal_i2c.c:5122:13:HAL_I2C_MemTxCpltCallback	16	static
../Drivers/STM32F2xx_HAL_Driver/Src/stm32f2xx_hal_i2c.c:5138:13:HAL_I2C_MemRxCpltCallback	16	static
../Drivers/STM32F2xx_HAL_Driver/Src/stm32f2xx_hal_i2c.c:5154:13:HAL_I2C_ErrorCallback	16	static
../Drivers/STM32F2xx_HAL_Driver/Src/stm32f2xx_hal_i2c.c:5170:13:HAL_I2C_AbortCpltCallback	16	static
../Drivers/STM32F2xx_HAL_Driver/Src/stm32f2xx_hal_i2c.c:5205:22:HAL_I2C_GetState	16	static
../Drivers/STM32F2xx_HAL_Driver/Src/stm32f2xx_hal_i2c.c:5217:21:HAL_I2C_GetMode	16	static
../Drivers/STM32F2xx_HAL_Driver/Src/stm32f2xx_hal_i2c.c:5228:10:HAL_I2C_GetError	16	static
../Drivers/STM32F2xx_HAL_Driver/Src/stm32f2xx_hal_i2c.c:5251:13:I2C_MasterTransmit_TXE	24	static
../Drivers/STM32F2xx_HAL_Driver/Src/stm32f2xx_hal_i2c.c:5345:13:I2C_MasterTransmit_BTF	24	static
../Drivers/STM32F2xx_HAL_Driver/Src/stm32f2xx_hal_i2c.c:5424:13:I2C_MemoryTransmit_TXE_BTF	24	static
../Drivers/STM32F2xx_HAL_Driver/Src/stm32f2xx_hal_i2c.c:5510:13:I2C_MasterReceive_RXNE	24	static
../Drivers/STM32F2xx_HAL_Driver/Src/stm32f2xx_hal_i2c.c:5618:13:I2C_MasterReceive_BTF	24	static
../Drivers/STM32F2xx_HAL_Driver/Src/stm32f2xx_hal_i2c.c:5744:13:I2C_Master_SB	16	static
../Drivers/STM32F2xx_HAL_Driver/Src/stm32f2xx_hal_i2c.c:5805:13:I2C_Master_ADD10	16	static
../Drivers/STM32F2xx_HAL_Driver/Src/stm32f2xx_hal_i2c.c:5824:13:I2C_Master_ADDR	72	static
../Drivers/STM32F2xx_HAL_Driver/Src/stm32f2xx_hal_i2c.c:5969:13:I2C_SlaveTransmit_TXE	24	static
../Drivers/STM32F2xx_HAL_Driver/Src/stm32f2xx_hal_i2c.c:6010:13:I2C_SlaveTransmit_BTF	16	static
../Drivers/STM32F2xx_HAL_Driver/Src/stm32f2xx_hal_i2c.c:6031:13:I2C_SlaveReceive_RXNE	24	static
../Drivers/STM32F2xx_HAL_Driver/Src/stm32f2xx_hal_i2c.c:6072:13:I2C_SlaveReceive_BTF	16	static
../Drivers/STM32F2xx_HAL_Driver/Src/stm32f2xx_hal_i2c.c:6094:13:I2C_Slave_ADDR	24	static
../Drivers/STM32F2xx_HAL_Driver/Src/stm32f2xx_hal_i2c.c:6145:13:I2C_Slave_STOPF	24	static
../Drivers/STM32F2xx_HAL_Driver/Src/stm32f2xx_hal_i2c.c:6314:13:I2C_Slave_AF	24	static
../Drivers/STM32F2xx_HAL_Driver/Src/stm32f2xx_hal_i2c.c:6380:13:I2C_ITError	24	static
../Drivers/STM32F2xx_HAL_Driver/Src/stm32f2xx_hal_i2c.c:6546:26:I2C_MasterRequestWrite	40	static
../Drivers/STM32F2xx_HAL_Driver/Src/stm32f2xx_hal_i2c.c:6616:26:I2C_MasterRequestRead	40	static
../Drivers/STM32F2xx_HAL_Driver/Src/stm32f2xx_hal_i2c.c:6716:26:I2C_RequestMemoryWrite	40	static
../Drivers/STM32F2xx_HAL_Driver/Src/stm32f2xx_hal_i2c.c:6796:26:I2C_RequestMemoryRead	40	static
../Drivers/STM32F2xx_HAL_Driver/Src/stm32f2xx_hal_i2c.c:6905:13:I2C_DMAXferCplt	32	static
../Drivers/STM32F2xx_HAL_Driver/Src/stm32f2xx_hal_i2c.c:7043:13:I2C_DMAError	24	static
../Drivers/STM32F2xx_HAL_Driver/Src/stm32f2xx_hal_i2c.c:7084:13:I2C_DMAAbort	32	static
../Drivers/STM32F2xx_HAL_Driver/Src/stm32f2xx_hal_i2c.c:7187:26:I2C_WaitOnFlagUntilTimeout	24	static
../Drivers/STM32F2xx_HAL_Driver/Src/stm32f2xx_hal_i2c.c:7221:26:I2C_WaitOnMasterAddressFlagUntilTimeout	24	static
../Drivers/STM32F2xx_HAL_Driver/Src/stm32f2xx_hal_i2c.c:7272:26:I2C_WaitOnTXEFlagUntilTimeout	24	static
../Drivers/STM32F2xx_HAL_Driver/Src/stm32f2xx_hal_i2c.c:7310:26:I2C_WaitOnBTFFlagUntilTimeout	24	static
../Drivers/STM32F2xx_HAL_Driver/Src/stm32f2xx_hal_i2c.c:7348:26:I2C_WaitOnSTOPFlagUntilTimeout	24	static
../Drivers/STM32F2xx_HAL_Driver/Src/stm32f2xx_hal_i2c.c:7381:26:I2C_WaitOnSTOPRequestThroughIT	24	static
../Drivers/STM32F2xx_HAL_Driver/Src/stm32f2xx_hal_i2c.c:7410:26:I2C_WaitOnRXNEFlagUntilTimeout	24	static
../Drivers/STM32F2xx_HAL_Driver/Src/stm32f2xx_hal_i2c.c:7455:26:I2C_IsAcknowledgeFailed	16	static
../Drivers/STM32F2xx_HAL_Driver/Src/stm32f2xx_hal_i2c.c:7480:13:I2C_ConvertOtherXferOptions	16	static
