../Core/Src/pid.c:60:6:setPIDGoalD	16	static
../Core/Src/pid.c:61:6:setPIDGoalA	16	static
../Core/Src/pid.c:62:6:setState	16	static
../Core/Src/pid.c:64:6:setIRGoals	16	static
../Core/Src/pid.c:74:6:setIRDistance	16	static
../Core/Src/pid.c:82:6:setIRAngle	24	static
../Core/Src/pid.c:100:7:accelerateLeftPWM	24	static
../Core/Src/pid.c:115:7:accelerateRightPWM	24	static
../Core/Src/pid.c:130:6:PDController	24	static
../Core/Src/pid.c:188:6:updatePID	40	static
../Core/Src/pid.c:264:8:PIDdone	8	static
../Core/Src/pid.c:277:6:resetPID	24	static
