../Core/Src/pid.c:85:6:setPIDGoalD	16	static
../Core/Src/pid.c:86:6:setPIDGoalA	16	static
../Core/Src/pid.c:87:6:setState	16	static
../Core/Src/pid.c:89:6:setIRGoals	16	static
../Core/Src/pid.c:99:6:setIRDistance	16	static
../Core/Src/pid.c:107:6:setIRAngle	24	static
../Core/Src/pid.c:125:7:accelerateLeftPWM	4	static
../Core/Src/pid.c:140:7:accelerateRightPWM	4	static
../Core/Src/pid.c:155:6:PDController	24	static
../Core/Src/pid.c:220:6:updatePID	48	static
../Core/Src/pid.c:311:8:PIDdone	8	static
../Core/Src/pid.c:324:6:resetPID	24	static
