../Core/Src/solver.c:29:14:newCell	24	static
../Core/Src/solver.c:37:6:insertQueue	16	static
../Core/Src/solver.c:48:6:popQueueFront	8	static
../Core/Src/solver.c:59:14:queueFront	4	static
../Core/Src/solver.c:64:6:initElements	24	static
../Core/Src/solver.c:85:6:setWall	16	static
../Core/Src/solver.c:104:6:detectWalls	8	static
../Core/Src/solver.c:167:6:recalculate	32	static
../Core/Src/solver.c:241:8:solver	16	static
../Core/Src/solver.c:255:8:deadReckoning	8	static
../Core/Src/solver.c:270:8:floodFill	40	static
