../Core/Src/solver.c:31:14:newCell	24	static
../Core/Src/solver.c:39:6:insertQueue	16	static
../Core/Src/solver.c:50:6:popQueueFront	8	static
../Core/Src/solver.c:61:14:queueFront	4	static
../Core/Src/solver.c:66:6:initElements	32	static
../Core/Src/solver.c:93:6:setWall	16	static
../Core/Src/solver.c:112:6:detectWalls	8	static
../Core/Src/solver.c:177:6:recalculate	32	static
../Core/Src/solver.c:251:8:solver	16	static
../Core/Src/solver.c:265:8:deadReckoning	8	static
../Core/Src/solver.c:280:8:floodFill	40	static
../Core/Src/solver.c:382:5:foresight	40	static
